 Image vulhub/thinkphp:5.0.20 Pulling 
 6e35b3948952 Pulling fs layer 0B
 c591e1fe994d Pulling fs layer 0B
 e231d94c7c66 Pulling fs layer 0B
 2bef45ec7706 Pulling fs layer 0B
 88824dfd94bf Pulling fs layer 0B
 3a9423002b9e Pulling fs layer 0B
 4e342cb20e11 Pulling fs layer 0B
 d920926e4c38 Pulling fs layer 0B
 fb56cee4a9e8 Pulling fs layer 0B
 06aa9edfc095 Pulling fs layer 0B
 8c0b70af9b5d Pulling fs layer 0B
 c201f6a5d6f9 Pulling fs layer 0B
 afb6ec6fdc1c Pulling fs layer 0B
 3d895574014b Pulling fs layer 0B
 c309fdad6410 Pulling fs layer 0B
 998b2113b400 Pulling fs layer 0B
 e87f853892aa Pulling fs layer 0B
 b3c0b4710d3b Pulling fs layer 0B
 88824dfd94bf Downloading 251B
 88824dfd94bf Download complete 0B
 6e35b3948952 Downloading 1.049MB
 e231d94c7c66 Downloading 1.049MB
 6e35b3948952 Downloading 1.049MB
 e231d94c7c66 Downloading 2.097MB
 2bef45ec7706 Download complete 0B
 6e35b3948952 Downloading 1.049MB
 e231d94c7c66 Downloading 3.146MB
 6e35b3948952 Downloading 2.097MB
 e231d94c7c66 Downloading 3.146MB
 6e35b3948952 Downloading 2.097MB
 e231d94c7c66 Downloading 4.194MB
 6e35b3948952 Downloading 3.146MB
 e231d94c7c66 Downloading 4.194MB
 6e35b3948952 Downloading 3.146MB
 e231d94c7c66 Downloading 5.243MB
 6e35b3948952 Downloading 4.194MB
 6e35b3948952 Downloading 4.194MB
 e231d94c7c66 Downloading 5.243MB
 e231d94c7c66 Downloading 5.243MB
 6e35b3948952 Downloading 4.194MB
 6e35b3948952 Downloading 4.194MB
 e231d94c7c66 Downloading 5.243MB
 e231d94c7c66 Downloading 5.243MB
 6e35b3948952 Downloading 4.194MB
 e231d94c7c66 Downloading 5.243MB
 6e35b3948952 Downloading 4.194MB
 e231d94c7c66 Downloading 6.291MB
 6e35b3948952 Downloading 4.194MB
 e231d94c7c66 Downloading 7.34MB
 6e35b3948952 Downloading 5.243MB
 e231d94c7c66 Downloading 7.34MB
 6e35b3948952 Downloading 5.243MB
 e231d94c7c66 Downloading 7.34MB
 6e35b3948952 Downloading 6.291MB
 e231d94c7c66 Downloading 8.389MB
 6e35b3948952 Downloading 6.291MB
 6e35b3948952 Downloading 6.291MB
 e231d94c7c66 Downloading 9.437MB
 e231d94c7c66 Downloading 10.49MB
 6e35b3948952 Downloading 7.34MB
 e231d94c7c66 Downloading 10.49MB
 6e35b3948952 Downloading 7.34MB
 4e342cb20e11 Downloading 1.049MB
 e231d94c7c66 Downloading 11.53MB
 6e35b3948952 Downloading 8.389MB
 6e35b3948952 Downloading 8.389MB
 4e342cb20e11 Downloading 1.049MB
 e231d94c7c66 Downloading 12.58MB
 4e342cb20e11 Downloading 1.049MB
 e231d94c7c66 Downloading 12.58MB
 6e35b3948952 Downloading 8.389MB
 6e35b3948952 Downloading 9.437MB
 4e342cb20e11 Downloading 1.049MB
 e231d94c7c66 Download complete 0B
 6e35b3948952 Downloading 10.49MB
 4e342cb20e11 Downloading 1.049MB
 6e35b3948952 Downloading 10.49MB
 4e342cb20e11 Downloading 1.049MB
 6e35b3948952 Downloading 11.53MB
 3a9423002b9e Downloading 19.95kB
 4e342cb20e11 Downloading 2.097MB
 3a9423002b9e Download complete 0B
 4e342cb20e11 Downloading 2.097MB
 6e35b3948952 Downloading 12.58MB
 4e342cb20e11 Downloading 2.097MB
 6e35b3948952 Downloading 13.63MB
 6e35b3948952 Downloading 13.63MB
 4e342cb20e11 Downloading 2.097MB
 4e342cb20e11 Downloading 3.146MB
 6e35b3948952 Downloading 14.68MB
 06aa9edfc095 Download complete 0B
 4e342cb20e11 Downloading 3.146MB
 4e342cb20e11 Downloading 3.146MB
 6e35b3948952 Download complete 0B
 4e342cb20e11 Downloading 4.194MB
 4e342cb20e11 Downloading 4.194MB
 d920926e4c38 Download complete 0B
 4e342cb20e11 Downloading 5.243MB
 4e342cb20e11 Downloading 6.291MB
 4e342cb20e11 Downloading 6.291MB
 4e342cb20e11 Downloading 7.34MB
 4e342cb20e11 Downloading 8.389MB
 4e342cb20e11 Downloading 9.437MB
 c591e1fe994d Download complete 0B
 4e342cb20e11 Downloading 10.49MB
 4e342cb20e11 Downloading 11.53MB
 4e342cb20e11 Download complete 0B
 fb56cee4a9e8 Download complete 0B
 c201f6a5d6f9 Download complete 0B
 8c0b70af9b5d Downloading 462B
 8c0b70af9b5d Download complete 0B
 3d895574014b Download complete 0B
 afb6ec6fdc1c Downloading 1.049MB
 afb6ec6fdc1c Downloading 2.097MB
 c309fdad6410 Downloading 1.049MB
 afb6ec6fdc1c Downloading 2.097MB
 afb6ec6fdc1c Downloading 3.146MB
 b3c0b4710d3b Download complete 0B
 c309fdad6410 Downloading 1.049MB
 c309fdad6410 Downloading 2.097MB
 afb6ec6fdc1c Downloading 4.194MB
 afb6ec6fdc1c Downloading 5.243MB
 c309fdad6410 Downloading 3.146MB
 afb6ec6fdc1c Downloading 6.291MB
 c309fdad6410 Downloading 3.146MB
 c309fdad6410 Downloading 4.194MB
 afb6ec6fdc1c Downloading 7.34MB
 c309fdad6410 Downloading 5.243MB
 afb6ec6fdc1c Downloading 8.389MB
 afb6ec6fdc1c Downloading 9.437MB
 c309fdad6410 Downloading 6.291MB
 c309fdad6410 Downloading 7.34MB
 afb6ec6fdc1c Downloading 10.49MB
 c309fdad6410 Downloading 8.389MB
 afb6ec6fdc1c Downloading 11.53MB
 c309fdad6410 Downloading 9.437MB
 e87f853892aa Downloading 1.049MB
 afb6ec6fdc1c Downloading 12.58MB
 afb6ec6fdc1c Downloading 13.63MB
 c309fdad6410 Downloading 9.437MB
 e87f853892aa Downloading 1.049MB
 afb6ec6fdc1c Downloading 14.68MB
 c309fdad6410 Downloading 10.49MB
 e87f853892aa Downloading 1.049MB
 afb6ec6fdc1c Downloading 15.73MB
 c309fdad6410 Downloading 10.49MB
 e87f853892aa Downloading 1.049MB
 c309fdad6410 Downloading 12.58MB
 e87f853892aa Downloading 1.049MB
 afb6ec6fdc1c Downloading 16.78MB
 afb6ec6fdc1c Downloading 16.78MB
 c309fdad6410 Downloading 12.58MB
 e87f853892aa Downloading 1.049MB
 afb6ec6fdc1c Downloading 17.83MB
 c309fdad6410 Downloading 13.63MB
 e87f853892aa Downloading 2.097MB
 afb6ec6fdc1c Downloading 17.83MB
 c309fdad6410 Downloading 13.63MB
 e87f853892aa Downloading 2.097MB
 afb6ec6fdc1c Downloading 18.87MB
 c309fdad6410 Downloading 14.68MB
 e87f853892aa Downloading 2.097MB
 afb6ec6fdc1c Downloading 19.92MB
 c309fdad6410 Downloading 15.73MB
 e87f853892aa Downloading 2.097MB
 c309fdad6410 Downloading 16.78MB
 e87f853892aa Downloading 3.146MB
 afb6ec6fdc1c Downloading 22.02MB
 c309fdad6410 Downloading 17.83MB
 e87f853892aa Downloading 3.146MB
 afb6ec6fdc1c Downloading 23.07MB
 c309fdad6410 Downloading 17.83MB
 e87f853892aa Downloading 3.146MB
 afb6ec6fdc1c Downloading 24.12MB
 e87f853892aa Downloading 3.146MB
 afb6ec6fdc1c Downloading 25.17MB
 c309fdad6410 Downloading 18.87MB
 afb6ec6fdc1c Downloading 27.1MB
 c309fdad6410 Downloading 20.97MB
 e87f853892aa Downloading 4.194MB
 afb6ec6fdc1c Download complete 0B
 c309fdad6410 Downloading 23.07MB
 998b2113b400 Download complete 0B
 e87f853892aa Downloading 5.243MB
 afb6ec6fdc1c Extracting 1B
 c309fdad6410 Downloading 28.31MB
 e87f853892aa Downloading 7.34MB
 afb6ec6fdc1c Extracting 1B
 c309fdad6410 Downloading 30.41MB
 e87f853892aa Downloading 8.389MB
 afb6ec6fdc1c Extracting 1B
 c309fdad6410 Downloading 33.55MB
 e87f853892aa Downloading 9.437MB
 afb6ec6fdc1c Extracting 1B
 c309fdad6410 Downloading 35.65MB
 e87f853892aa Downloading 10.49MB
 afb6ec6fdc1c Extracting 2B
 c309fdad6410 Downloading 37.75MB
 e87f853892aa Downloading 11.53MB
 afb6ec6fdc1c Extracting 2B
 c309fdad6410 Downloading 39.85MB
 e87f853892aa Downloading 12.58MB
 afb6ec6fdc1c Extracting 2B
 c309fdad6410 Downloading 40.89MB
 e87f853892aa Downloading 13.63MB
 afb6ec6fdc1c Extracting 2B
 c309fdad6410 Downloading 42.99MB
 e87f853892aa Downloading 13.63MB
 afb6ec6fdc1c Extracting 2B
 c309fdad6410 Downloading 44.04MB
 e87f853892aa Downloading 14.68MB
 afb6ec6fdc1c Extracting 3B
 c309fdad6410 Downloading 45.09MB
 e87f853892aa Downloading 14.68MB
 afb6ec6fdc1c Extracting 3B
 c309fdad6410 Downloading 46.14MB
 e87f853892aa Downloading 15.73MB
 afb6ec6fdc1c Extracting 3B
 c309fdad6410 Downloading 48.23MB
 e87f853892aa Downloading 16.78MB
 afb6ec6fdc1c Extracting 3B
 c309fdad6410 Downloading 49.28MB
 e87f853892aa Downloading 16.78MB
 afb6ec6fdc1c Extracting 3B
 c309fdad6410 Downloading 51.38MB
 e87f853892aa Downloading 18.68MB
 afb6ec6fdc1c Extracting 4B
 c309fdad6410 Downloading 53.48MB
 e87f853892aa Download complete 0B
 afb6ec6fdc1c Extracting 4B
 c309fdad6410 Downloading 56.62MB
 afb6ec6fdc1c Extracting 4B
 c309fdad6410 Downloading 58.72MB
 afb6ec6fdc1c Extracting 4B
 c309fdad6410 Downloading 60.82MB
 afb6ec6fdc1c Extracting 4B
 c309fdad6410 Downloading 62.91MB
 afb6ec6fdc1c Extracting 5B
 c309fdad6410 Downloading 65.01MB
 afb6ec6fdc1c Extracting 5B
 c309fdad6410 Downloading 66.06MB
 3d895574014b Pull complete 0B
 afb6ec6fdc1c Pull complete 0B
 c309fdad6410 Downloading 68.16MB
 c309fdad6410 Downloading 70.25MB
 c309fdad6410 Downloading 71.3MB
 c309fdad6410 Downloading 71.3MB
 c309fdad6410 Downloading 73.4MB
 c309fdad6410 Downloading 74.45MB
 c309fdad6410 Downloading 76.55MB
 c309fdad6410 Download complete 0B
 c309fdad6410 Extracting 1B
 c309fdad6410 Extracting 1B
 c309fdad6410 Extracting 1B
 c309fdad6410 Extracting 1B
 c309fdad6410 Extracting 1B
 c309fdad6410 Extracting 1B
 c309fdad6410 Extracting 1B
 c309fdad6410 Extracting 1B
 c309fdad6410 Extracting 1B
 c309fdad6410 Extracting 1B
 c309fdad6410 Extracting 2B
 c309fdad6410 Extracting 2B
 c309fdad6410 Extracting 2B
 c309fdad6410 Extracting 2B
 c309fdad6410 Extracting 2B
 c309fdad6410 Extracting 2B
 c309fdad6410 Extracting 2B
 c309fdad6410 Extracting 3B
 c309fdad6410 Extracting 3B
 c309fdad6410 Extracting 3B
 c309fdad6410 Extracting 3B
 c309fdad6410 Extracting 3B
 c309fdad6410 Extracting 3B
 c309fdad6410 Extracting 3B
 c309fdad6410 Extracting 3B
 c309fdad6410 Extracting 3B
 c309fdad6410 Extracting 4B
 c309fdad6410 Extracting 4B
 c309fdad6410 Extracting 4B
 c309fdad6410 Extracting 4B
 c309fdad6410 Extracting 4B
 c309fdad6410 Extracting 4B
 c309fdad6410 Extracting 4B
 c309fdad6410 Extracting 4B
 c309fdad6410 Extracting 5B
 c309fdad6410 Extracting 5B
 c309fdad6410 Extracting 5B
 c309fdad6410 Extracting 5B
 c309fdad6410 Extracting 5B
 c309fdad6410 Extracting 5B
 c309fdad6410 Extracting 5B
 c309fdad6410 Extracting 5B
 c309fdad6410 Extracting 6B
 c309fdad6410 Pull complete 0B
 c201f6a5d6f9 Pull complete 0B
 e87f853892aa Extracting 1B
 e87f853892aa Extracting 1B
 e87f853892aa Extracting 1B
 e87f853892aa Extracting 1B
 e87f853892aa Extracting 1B
 e87f853892aa Extracting 1B
 e87f853892aa Extracting 1B
 e87f853892aa Extracting 1B
 e87f853892aa Extracting 1B
 e87f853892aa Extracting 1B
 e87f853892aa Extracting 2B
 e87f853892aa Extracting 2B
 e87f853892aa Extracting 2B
 b3c0b4710d3b Pull complete 0B
 998b2113b400 Pull complete 0B
 e87f853892aa Pull complete 0B
 4e342cb20e11 Extracting 1B
 4e342cb20e11 Extracting 1B
 4e342cb20e11 Pull complete 0B
 e231d94c7c66 Extracting 1B
 c591e1fe994d Pull complete 0B
 e231d94c7c66 Extracting 1B
 e231d94c7c66 Extracting 1B
 e231d94c7c66 Extracting 1B
 e231d94c7c66 Extracting 1B
 e231d94c7c66 Extracting 1B
 e231d94c7c66 Extracting 1B
 e231d94c7c66 Extracting 1B
 e231d94c7c66 Extracting 1B
 e231d94c7c66 Extracting 1B
 e231d94c7c66 Pull complete 0B
 2bef45ec7706 Pull complete 0B
 fb56cee4a9e8 Extracting 1B
 88824dfd94bf Pull complete 0B
 06aa9edfc095 Pull complete 0B
 d920926e4c38 Extracting 1B
 fb56cee4a9e8 Pull complete 0B
 d920926e4c38 Pull complete 0B
 3a9423002b9e Pull complete 0B
 6e35b3948952 Extracting 1B
 8c0b70af9b5d Pull complete 0B
 6e35b3948952 Extracting 1B
 6e35b3948952 Extracting 1B
 6e35b3948952 Extracting 1B
 6e35b3948952 Pull complete 0B
 Image vulhub/thinkphp:5.0.20 Pulled 
 Network 5-rce_default Creating 
 Network 5-rce_default Created 
 Container 5-rce-web-1 Creating 
 Container 5-rce-web-1 Created 
 Container 5-rce-web-1 Starting 
 Container 5-rce-web-1 Started 
