- Nikto v2.6.0
---------------------------------------------------------------------------
+ Target IP:          127.0.0.1
+ Target Hostname:    127.0.0.1
+ Target Port:        18021
+ Platform:           Linux/Unix
+ Start Time:         2026-08-05 10:58:06 (GMT-4)
---------------------------------------------------------------------------
+ Server: Apache/2.4.25 (Debian)
+ [999986] /: Retrieved x-powered-by header: PHP/7.2.3.
+ [999996] /robots.txt: contains 40 entries which should be manually viewed. See: https://developer.mozilla.org/en-US/docs/Glossary/Robots.txt
+ [013587] /: Suggested security header missing: permissions-policy. See: https://developer.mozilla.org/en-US/docs/Web/HTTP/Headers/Permissions-Policy
+ [013587] /: Suggested security header missing: content-security-policy. See: https://developer.mozilla.org/en-US/docs/Web/HTTP/CSP
+ [013587] /: Suggested security header missing: strict-transport-security. See: https://developer.mozilla.org/en-US/docs/Web/HTTP/Headers/Strict-Transport-Security
+ [013587] /: Suggested security header missing: referrer-policy. See: https://developer.mozilla.org/en-US/docs/Web/HTTP/Headers/Referrer-Policy
+ [013587] /: Suggested security header missing: x-content-type-options. See: https://developer.mozilla.org/en-US/docs/Web/HTTP/Headers/X-Content-Type-Options
+ [600050] Apache/2.4.25 appears to be outdated (current is at least 2.4.66).
+ [600625] PHP/7.2.3 appears to be outdated (current is at least 8.5.1).
+ [003573] /LICENSE.txt: License file found may identify site software.
+ [003584] /icons/README: Apache default file found. See: https://www.vntweb.co.uk/apache-restricting-access-to-iconsreadme/
