- Nikto v2.6.0
---------------------------------------------------------------------------
+ Target IP:          127.0.0.1
+ Target Hostname:    127.0.0.1
+ Target Port:        18028
+ Platform:           Unknown
+ Start Time:         2026-08-05 11:26:32 (GMT-4)
---------------------------------------------------------------------------
+ Server: No banner retrieved
+ [999979] /: RFC-1918 IP address found in the 'location' header. The IP is "192.168.48.2". See: https://portswigger.net/kb/issues/00600300_private-ip-addresses-disclosed
+ [999988] /: The web server may reveal its internal or real IP in the Location header via a request to with HTTP/1.0. The value is "192.168.48.2". See: https://cve.mitre.org/cgi-bin/cvename.cgi?name=CVE-2000-0649
+ [013587] /: Suggested security header missing: permissions-policy. See: https://developer.mozilla.org/en-US/docs/Web/HTTP/Headers/Permissions-Policy
+ [013587] /: Suggested security header missing: x-content-type-options. See: https://developer.mozilla.org/en-US/docs/Web/HTTP/Headers/X-Content-Type-Options
+ [013587] /: Suggested security header missing: content-security-policy. See: https://developer.mozilla.org/en-US/docs/Web/HTTP/CSP
+ [013587] /: Suggested security header missing: referrer-policy. See: https://developer.mozilla.org/en-US/docs/Web/HTTP/Headers/Referrer-Policy
+ [013587] /: Suggested security header missing: strict-transport-security. See: https://developer.mozilla.org/en-US/docs/Web/HTTP/Headers/Strict-Transport-Security
+ [500584] /favicon.ico: identifies this app/server as: jetty (5.1.14). See: https://en.wikipedia.org/wiki/Favicon
+ [007023] /solr/#/: Apache Solr console found.
+ [007342] /: X-Frame-Options header is deprecated and was replaced with the Content-Security-Policy HTTP header with the frame-ancestors directive. See: https://developer.mozilla.org/en-US/docs/Web/HTTP/Reference/Headers/X-Frame-Options
+ [007352] /: The X-Content-Type-Options header is not set. This could allow the user agent to render the content of the site in a different fashion to the MIME type. See: https://www.netsparker.com/web-vulnerability-scanner/vulnerabilities/missing-content-type-header/
+ 9016 requests: 0 errors and 11 items reported on the remote host
+ End Time:           2026-08-05 11:27:05 (GMT-4) (33 seconds)
---------------------------------------------------------------------------
+ 1 host(s) tested
