
     __      __               .__  __  .__________
    /  \    /  \_____  ______ |__|/  |_|__\_____  \
    \   \/\/   /\__  \ \____ \|  \   __\  | _(__  <
     \        /  / __ \|  |_> >  ||  | |  |/       \
      \__/\  /  (____  /   __/|__||__| |__/______  /
           \/        \/|__|                      \/
Wapiti 3.2.10 (wapiti-scanner.github.io)
[*] Wapiti found 23 URLs and forms during the scan

[*] Launching module redirect
[*] 23 pages were previously attacked and will be skipped

[*] Launching module ssrf
[*] 23 pages were previously attacked and will be skipped
[*] Asking endpoint URL https://wapiti3.ovh/get_ssrf.php?session_id=an8jpc for results, please wait...

[*] Launching module exec
[*] 23 pages were previously attacked and will be skipped

[*] Launching module file
[*] 23 pages were previously attacked and will be skipped

[*] Launching module sql
[*] 23 pages were previously attacked and will be skipped

[*] Launching module upload
[*] 23 pages were previously attacked and will be skipped

[*] Launching module ssl
[*] 23 pages were previously attacked and will be skipped

[*] Launching module xss
[*] 23 pages were previously attacked and will be skipped

[*] Launching module permanentxss
[*] 23 pages were previously attacked and will be skipped

[*] Generating report...
A report has been generated in the file raw/wapiti/drupal_7600/scan.json
