
     __    __            _ _   _ _____
    / / /\ \ \__ _ _ __ (_) |_(_)___ /
    \ \/  \/ / _` | '_ \| | __| | |_ \
     \  /\  / (_| | |_) | | |_| |___) |
      \/  \/ \__,_| .__/|_|\__|_|____/
                  |_|                 
Wapiti 3.2.10 (wapiti-scanner.github.io)
X-Frame-Options is not set on http://127.0.0.1:18031/
X-Content-Type-Options is not set on http://127.0.0.1:18031/
CSP is not set for URL: http://127.0.0.1:18031/
Host 127.0.0.1:18031 serves HTTP content without redirecting to HTTPS.
[*] Saving scan state, please wait...
This scan has been saved in the file /home/kali/.wapiti/scans/127.0.0.1_18031_folder_960dd9b4.db
[*] Wapiti found 1 URLs and forms during the scan

[*] Launching module redirect

[*] Launching module ssrf
[*] Asking endpoint URL https://wapiti3.ovh/get_ssrf.php?session_id=6z6ber for results, please wait...

[*] Launching module exec

[*] Launching module file

[*] Launching module sql

[*] Launching module upload

[*] Launching module ssl

[*] Launching module xss

[*] Launching module permanentxss

[*] Generating report...
A report has been generated in the file /home/kali/dataset/dec-vulhub-2026-08-05/raw/wapiti/flask_ssti/scan.json
