        ___
       __H__
 ___ ___[.]_____ ___ ___  {1.10.6#stable}
|_ -| . [(]     | .'| . |
|___|_  [)]_|_|_|__,|  _|
      |_|V...       |_|   https://sqlmap.org

[!] legal disclaimer: Usage of sqlmap for attacking targets without prior mutual consent is illegal. It is the end user's responsibility to obey all applicable local, state and federal laws. Developers assume no liability and are not responsible for any misuse or damage caused by this program

[*] starting @ 13:35:28 /2026-08-05/

[1/1] URL:
GET http://127.0.0.1:18030/index.php?s=/Index
do you want to test this URL? [Y/n/q]
> Y
[13:35:28] [INFO] testing URL 'http://127.0.0.1:18030/index.php?s=/Index'
[13:35:28] [INFO] using '/home/kali/.local/share/sqlmap/output/results-08052026_0135pm.csv' as the CSV results file in multiple targets mode
[13:35:28] [INFO] testing connection to the target URL
[13:35:28] [INFO] checking if the target is protected by some kind of WAF/IPS
[13:35:28] [INFO] testing if the target URL content is stable
[13:35:29] [INFO] target URL content is stable
[13:35:29] [INFO] testing if GET parameter 's' is dynamic
[13:35:29] [WARNING] GET parameter 's' does not appear to be dynamic
[13:35:29] [WARNING] heuristic (basic) test shows that GET parameter 's' might not be injectable
[13:35:29] [INFO] testing for SQL injection on GET parameter 's'
[13:35:29] [INFO] testing 'AND boolean-based blind - WHERE or HAVING clause'
[13:35:29] [INFO] testing 'Boolean-based blind - Parameter replace (original value)'
[13:35:29] [INFO] testing 'MySQL >= 5.1 AND error-based - WHERE, HAVING, ORDER BY or GROUP BY clause (EXTRACTVALUE)'
[13:35:30] [INFO] testing 'PostgreSQL AND error-based - WHERE or HAVING clause'
[13:35:30] [INFO] testing 'Microsoft SQL Server/Sybase AND error-based - WHERE or HAVING clause (IN)'
[13:35:30] [INFO] testing 'Oracle AND error-based - WHERE or HAVING clause (XMLType)'
[13:35:30] [INFO] testing 'Generic inline queries'
[13:35:30] [INFO] testing 'PostgreSQL > 8.1 stacked queries (comment)'
[13:35:30] [INFO] testing 'Microsoft SQL Server/Sybase stacked queries (comment)'
[13:35:30] [INFO] testing 'Oracle stacked queries (DBMS_PIPE.RECEIVE_MESSAGE - comment)'
[13:35:30] [INFO] testing 'MySQL >= 5.0.12 AND time-based blind (query SLEEP)'
[13:35:30] [INFO] testing 'PostgreSQL > 8.1 AND time-based blind'
[13:35:30] [INFO] testing 'Microsoft SQL Server/Sybase time-based blind (IF)'
[13:35:31] [INFO] testing 'Oracle AND time-based blind'
it is recommended to perform only basic UNION tests if there is not at least one other (potential) technique found. Do you want to reduce the number of requests? [Y/n] Y
[13:35:31] [INFO] testing 'Generic UNION query (NULL) - 1 to 10 columns'
[13:35:31] [WARNING] GET parameter 's' does not seem to be injectable
[13:35:31] [ERROR] all tested parameters do not appear to be injectable. Try to increase values for '--level'/'--risk' options if you wish to perform more tests. If you suspect that there is some kind of protection mechanism involved (e.g. WAF) maybe you could try to use option '--tamper' (e.g. '--tamper=space2comment') and/or switch '--random-agent', skipping to the next target
[13:35:31] [WARNING] HTTP error codes detected during run:
404 (Not Found) - 73 times
[13:35:31] [INFO] you can find results of scanning in multiple targets mode inside the CSV file '/home/kali/.local/share/sqlmap/output/results-08052026_0135pm.csv'

[*] ending @ 13:35:31 /2026-08-05/

