- Nikto v2.6.0
---------------------------------------------------------------------------
+ Target IP:          127.0.0.1
+ Target Hostname:    127.0.0.1
+ Target Port:        18030
+ Platform:           Linux/Unix
+ Start Time:         2026-08-05 12:56:57 (GMT-4)
---------------------------------------------------------------------------
+ Server: Apache/2.4.38 (Debian)
+ [999986] /: Retrieved x-powered-by header: PHP/7.2.31.
+ [013587] /: Suggested security header missing: content-security-policy. See: https://developer.mozilla.org/en-US/docs/Web/HTTP/CSP
+ [013587] /: Suggested security header missing: x-content-type-options. See: https://developer.mozilla.org/en-US/docs/Web/HTTP/Headers/X-Content-Type-Options
+ [013587] /: Suggested security header missing: referrer-policy. See: https://developer.mozilla.org/en-US/docs/Web/HTTP/Headers/Referrer-Policy
+ [013587] /: Suggested security header missing: permissions-policy. See: https://developer.mozilla.org/en-US/docs/Web/HTTP/Headers/Permissions-Policy
+ [013587] /: Suggested security header missing: strict-transport-security. See: https://developer.mozilla.org/en-US/docs/Web/HTTP/Headers/Strict-Transport-Security
+ [600625] PHP/7.2.31 appears to be outdated (current is at least 8.5.1).
+ [600050] Apache/2.4.38 appears to be outdated (current is at least 2.4.66).
+ [999967] /: Web Server returns a valid response with junk HTTP methods which may cause false positives.
+ [003584] /icons/README: Apache default file found. See: https://www.vntweb.co.uk/apache-restricting-access-to-iconsreadme/
+ [007342] /: X-Frame-Options header is deprecated and was replaced with the Content-Security-Policy HTTP header with the frame-ancestors directive. See: https://developer.mozilla.org/en-US/docs/Web/HTTP/Reference/Headers/X-Frame-Options
+ [007352] /: The X-Content-Type-Options header is not set. This could allow the user agent to render the content of the site in a different fashion to the MIME type. See: https://www.netsparker.com/web-vulnerability-scanner/vulnerabilities/missing-content-type-header/
+ 8778 requests: 16 errors and 12 items reported on the remote host
+ End Time:           2026-08-05 13:03:34 (GMT-4) (397 seconds)
---------------------------------------------------------------------------
+ 1 host(s) tested
