- Nikto v2.6.0
---------------------------------------------------------------------------
+ Target IP:          127.0.0.1
+ Target Hostname:    127.0.0.1
+ Target Port:        18024
+ Platform:           Unknown
+ Start Time:         2026-08-05 11:28:12 (GMT-4)
---------------------------------------------------------------------------
+ Server: No banner retrieved
+ [999986] /: Retrieved x-powered-by header: Servlet/2.5 JSP/2.1.
+ [013587] /: Suggested security header missing: strict-transport-security. See: https://developer.mozilla.org/en-US/docs/Web/HTTP/Headers/Strict-Transport-Security
+ [013587] /: Suggested security header missing: permissions-policy. See: https://developer.mozilla.org/en-US/docs/Web/HTTP/Headers/Permissions-Policy
+ [013587] /: Suggested security header missing: x-content-type-options. See: https://developer.mozilla.org/en-US/docs/Web/HTTP/Headers/X-Content-Type-Options
+ [013587] /: Suggested security header missing: content-security-policy. See: https://developer.mozilla.org/en-US/docs/Web/HTTP/CSP
+ [013587] /: Suggested security header missing: referrer-policy. See: https://developer.mozilla.org/en-US/docs/Web/HTTP/Headers/Referrer-Policy
- STATUS: Completed 1620 requests (~22% complete, ~1.6 minutes left): currently in plugin 'Nikto Tests'
- STATUS: Running average: Not enough data.
+ Scan terminated: 0 errors and 6 items reported on the remote host
+ End Time:           2026-08-05 11:28:40 (GMT-4) (28 seconds)
---------------------------------------------------------------------------
+ 1 host(s) tested
