
 ██╗    ██╗ █████╗ ██████╗ ██╗████████╗██╗██████╗
 ██║    ██║██╔══██╗██╔══██╗██║╚══██╔══╝██║╚════██╗
 ██║ █╗ ██║███████║██████╔╝██║   ██║   ██║ █████╔╝
 ██║███╗██║██╔══██║██╔═══╝ ██║   ██║   ██║ ╚═══██╗
 ╚███╔███╔╝██║  ██║██║     ██║   ██║   ██║██████╔╝
  ╚══╝╚══╝ ╚═╝  ╚═╝╚═╝     ╚═╝   ╚═╝   ╚═╝╚═════╝  
Wapiti 3.2.10 (wapiti-scanner.github.io)
X-Frame-Options is not set on http://127.0.0.1:18029/
X-Content-Type-Options is not set on http://127.0.0.1:18029/
Host 127.0.0.1:18029 serves HTTP content without redirecting to HTTPS.
CSP is not set for URL: http://127.0.0.1:18029/solr/
Sensitive data (GET parameters) was sent over an unencrypted HTTP connection to http://127.0.0.1:18029/solr/img/favicon.ico?_=8.2.0. The server did not enforce HTTPS.
[*] Saving scan state, please wait...
This scan has been saved in the file /home/kali/.wapiti/scans/127.0.0.1_18029_folder_b0505f3f.db
[*] Wapiti found 69 URLs and forms during the scan

[*] Launching module redirect

[*] Launching module ssrf
[*] Asking endpoint URL https://wapiti3.ovh/get_ssrf.php?session_id=4xtn66 for results, please wait...

[*] Launching module exec

[*] Launching module file

[*] Launching module sql

[*] Launching module upload

[*] Launching module ssl

[*] Launching module xss

[*] Launching module permanentxss

[*] Generating report...
A report has been generated in the file /home/kali/dataset/dec-vulhub-2026-08-05/raw/wapiti/solr_17558/scan.json
