time="2026-08-24T16:20:55-04:00" level=warning msg="/home/kali/labs/vulhub/struts2/s2-045/docker-compose.yml: the attribute `version` is obsolete, it will be ignored, please remove it to avoid potential confusion"
 Image vulhub/struts2:2.3.30 Pulling 
 86d6abac5e19 Pulling fs layer 0B
 12ff6ccfe7a6 Pulling fs layer 0B
 7a1b276fce42 Pulling fs layer 0B
 092586df9206 Pulling fs layer 0B
 d34d61487075 Pulling fs layer 0B
 272f46008219 Pulling fs layer 0B
 ef599477fae0 Pulling fs layer 0B
 c944b4612eac Pulling fs layer 0B
 4530c6472b5d Pulling fs layer 0B
 f26b99e1adb1 Pulling fs layer 0B
 293fc5ed12f1 Pulling fs layer 0B
 555a865b2eb3 Pulling fs layer 0B
 86d6abac5e19 Downloading 1.049MB
 86d6abac5e19 Downloading 1.049MB
 86d6abac5e19 Downloading 1.049MB
 86d6abac5e19 Downloading 1.049MB
 86d6abac5e19 Downloading 1.049MB
 86d6abac5e19 Downloading 1.049MB
 86d6abac5e19 Downloading 1.049MB
 86d6abac5e19 Downloading 2.097MB
 86d6abac5e19 Downloading 2.097MB
 86d6abac5e19 Downloading 2.097MB
 86d6abac5e19 Downloading 2.097MB
 86d6abac5e19 Downloading 2.097MB
 86d6abac5e19 Downloading 2.097MB
 86d6abac5e19 Downloading 2.097MB
 86d6abac5e19 Downloading 3.146MB
 86d6abac5e19 Downloading 3.146MB
 86d6abac5e19 Downloading 3.146MB
 86d6abac5e19 Downloading 3.146MB
 272f46008219 Downloading 1.049MB
 86d6abac5e19 Downloading 3.146MB
 092586df9206 Downloading 1.049MB
 272f46008219 Downloading 1.049MB
 86d6abac5e19 Downloading 3.146MB
 86d6abac5e19 Downloading 3.146MB
 092586df9206 Downloading 1.049MB
 272f46008219 Downloading 1.049MB
 092586df9206 Downloading 1.049MB
 272f46008219 Downloading 1.049MB
 86d6abac5e19 Downloading 3.146MB
 092586df9206 Downloading 1.049MB
 272f46008219 Downloading 1.049MB
 86d6abac5e19 Downloading 3.146MB
 092586df9206 Downloading 1.049MB
 272f46008219 Downloading 1.049MB
 86d6abac5e19 Downloading 3.146MB
 092586df9206 Downloading 1.049MB
 272f46008219 Downloading 1.049MB
 86d6abac5e19 Downloading 3.146MB
 86d6abac5e19 Downloading 3.146MB
 092586df9206 Downloading 1.049MB
 272f46008219 Downloading 1.049MB
 86d6abac5e19 Downloading 3.146MB
 092586df9206 Downloading 1.049MB
 272f46008219 Downloading 1.049MB
 272f46008219 Downloading 1.049MB
 86d6abac5e19 Downloading 3.146MB
 092586df9206 Downloading 1.049MB
 092586df9206 Downloading 2.097MB
 272f46008219 Downloading 1.049MB
 86d6abac5e19 Downloading 3.146MB
 86d6abac5e19 Downloading 4.194MB
 092586df9206 Downloading 2.097MB
 272f46008219 Downloading 1.049MB
 86d6abac5e19 Downloading 4.194MB
 092586df9206 Downloading 2.097MB
 272f46008219 Downloading 2.097MB
 86d6abac5e19 Downloading 4.194MB
 092586df9206 Downloading 2.097MB
 272f46008219 Downloading 2.097MB
 092586df9206 Downloading 2.097MB
 272f46008219 Downloading 2.097MB
 86d6abac5e19 Downloading 4.194MB
 86d6abac5e19 Downloading 4.194MB
 092586df9206 Downloading 2.097MB
 272f46008219 Downloading 2.097MB
 092586df9206 Downloading 3.146MB
 272f46008219 Downloading 2.097MB
 86d6abac5e19 Downloading 4.194MB
 86d6abac5e19 Downloading 4.194MB
 092586df9206 Downloading 3.146MB
 272f46008219 Downloading 2.097MB
 092586df9206 Downloading 3.146MB
 272f46008219 Downloading 2.097MB
 86d6abac5e19 Downloading 4.194MB
 86d6abac5e19 Downloading 4.194MB
 092586df9206 Downloading 3.146MB
 272f46008219 Downloading 2.097MB
 092586df9206 Downloading 3.146MB
 272f46008219 Downloading 2.097MB
 86d6abac5e19 Downloading 4.194MB
 092586df9206 Downloading 3.146MB
 272f46008219 Downloading 3.146MB
 86d6abac5e19 Downloading 4.194MB
 092586df9206 Downloading 3.146MB
 272f46008219 Downloading 3.146MB
 86d6abac5e19 Downloading 4.194MB
 092586df9206 Downloading 4.194MB
 272f46008219 Downloading 3.146MB
 86d6abac5e19 Downloading 4.194MB
 86d6abac5e19 Downloading 4.194MB
 092586df9206 Downloading 4.194MB
 272f46008219 Downloading 3.146MB
 092586df9206 Downloading 4.194MB
 272f46008219 Downloading 3.146MB
 86d6abac5e19 Downloading 4.194MB
 092586df9206 Downloading 4.194MB
 272f46008219 Downloading 3.146MB
 86d6abac5e19 Downloading 4.194MB
 272f46008219 Downloading 3.146MB
 86d6abac5e19 Downloading 4.194MB
 092586df9206 Downloading 4.194MB
 092586df9206 Downloading 4.194MB
 272f46008219 Downloading 3.146MB
 86d6abac5e19 Downloading 4.194MB
 092586df9206 Downloading 5.243MB
 272f46008219 Downloading 3.146MB
 86d6abac5e19 Downloading 4.194MB
 092586df9206 Downloading 5.243MB
 272f46008219 Downloading 4.194MB
 86d6abac5e19 Downloading 4.194MB
 092586df9206 Downloading 5.243MB
 272f46008219 Downloading 4.194MB
 86d6abac5e19 Downloading 4.194MB
 092586df9206 Downloading 5.243MB
 272f46008219 Downloading 4.194MB
 86d6abac5e19 Downloading 5.243MB
 86d6abac5e19 Downloading 5.243MB
 092586df9206 Downloading 5.243MB
 272f46008219 Downloading 4.194MB
 092586df9206 Downloading 5.243MB
 272f46008219 Downloading 4.194MB
 86d6abac5e19 Downloading 5.243MB
 092586df9206 Downloading 6.291MB
 272f46008219 Downloading 4.194MB
 86d6abac5e19 Downloading 5.243MB
 86d6abac5e19 Downloading 5.243MB
 092586df9206 Downloading 6.291MB
 272f46008219 Downloading 4.194MB
 86d6abac5e19 Downloading 5.243MB
 092586df9206 Downloading 6.291MB
 272f46008219 Download complete 0B
 86d6abac5e19 Downloading 5.243MB
 092586df9206 Downloading 6.291MB
 092586df9206 Downloading 7.34MB
 86d6abac5e19 Downloading 5.243MB
 092586df9206 Downloading 7.34MB
 86d6abac5e19 Downloading 5.243MB
 092586df9206 Downloading 7.34MB
 86d6abac5e19 Downloading 5.243MB
 86d6abac5e19 Downloading 5.243MB
 092586df9206 Downloading 7.34MB
 86d6abac5e19 Downloading 5.243MB
 092586df9206 Downloading 8.389MB
 092586df9206 Downloading 8.389MB
 86d6abac5e19 Downloading 5.243MB
 86d6abac5e19 Downloading 5.243MB
 092586df9206 Downloading 8.389MB
 092586df9206 Downloading 8.389MB
 86d6abac5e19 Downloading 5.243MB
 86d6abac5e19 Downloading 5.243MB
 092586df9206 Downloading 9.437MB
 86d6abac5e19 Downloading 5.243MB
 092586df9206 Downloading 9.437MB
 86d6abac5e19 Downloading 5.243MB
 092586df9206 Downloading 9.437MB
 092586df9206 Downloading 9.437MB
 86d6abac5e19 Downloading 5.243MB
 86d6abac5e19 Downloading 6.291MB
 092586df9206 Downloading 9.437MB
 092586df9206 Downloading 9.437MB
 86d6abac5e19 Downloading 6.291MB
 86d6abac5e19 Downloading 6.291MB
 092586df9206 Downloading 9.437MB
 092586df9206 Downloading 9.437MB
 86d6abac5e19 Downloading 6.291MB
 86d6abac5e19 Downloading 6.291MB
 092586df9206 Downloading 9.437MB
 092586df9206 Downloading 10.49MB
 86d6abac5e19 Downloading 6.291MB
 092586df9206 Downloading 10.49MB
 86d6abac5e19 Downloading 6.291MB
 092586df9206 Downloading 10.49MB
 86d6abac5e19 Downloading 6.291MB
 86d6abac5e19 Downloading 6.291MB
 092586df9206 Downloading 10.49MB
 092586df9206 Downloading 10.49MB
 86d6abac5e19 Downloading 6.291MB
 092586df9206 Downloading 10.49MB
 86d6abac5e19 Downloading 6.291MB
 092586df9206 Downloading 10.49MB
 86d6abac5e19 Downloading 6.291MB
 86d6abac5e19 Downloading 6.291MB
 092586df9206 Downloading 10.49MB
 86d6abac5e19 Downloading 6.291MB
 092586df9206 Downloading 10.49MB
 86d6abac5e19 Downloading 6.291MB
 7a1b276fce42 Downloading 1.049MB
 092586df9206 Downloading 10.49MB
 092586df9206 Downloading 11.53MB
 86d6abac5e19 Downloading 6.291MB
 7a1b276fce42 Downloading 1.049MB
 86d6abac5e19 Downloading 6.291MB
 7a1b276fce42 Downloading 1.049MB
 092586df9206 Downloading 11.53MB
 86d6abac5e19 Downloading 6.291MB
 7a1b276fce42 Downloading 1.049MB
 092586df9206 Downloading 11.53MB
 092586df9206 Downloading 11.53MB
 86d6abac5e19 Downloading 7.34MB
 7a1b276fce42 Downloading 1.049MB
 7a1b276fce42 Downloading 1.049MB
 092586df9206 Downloading 11.53MB
 86d6abac5e19 Downloading 7.34MB
 7a1b276fce42 Downloading 1.049MB
 092586df9206 Downloading 11.53MB
 86d6abac5e19 Downloading 7.34MB
 86d6abac5e19 Downloading 7.34MB
 7a1b276fce42 Downloading 2.097MB
 092586df9206 Downloading 11.53MB
 86d6abac5e19 Downloading 7.34MB
 7a1b276fce42 Downloading 2.097MB
 092586df9206 Downloading 11.53MB
 092586df9206 Downloading 11.53MB
 86d6abac5e19 Downloading 7.34MB
 7a1b276fce42 Downloading 2.097MB
 86d6abac5e19 Downloading 7.34MB
 7a1b276fce42 Downloading 2.097MB
 092586df9206 Downloading 11.53MB
 092586df9206 Downloading 12.58MB
 86d6abac5e19 Downloading 7.34MB
 7a1b276fce42 Downloading 2.097MB
 092586df9206 Downloading 12.58MB
 86d6abac5e19 Downloading 7.34MB
 7a1b276fce42 Downloading 2.097MB
 092586df9206 Downloading 12.58MB
 86d6abac5e19 Downloading 7.34MB
 7a1b276fce42 Downloading 3.146MB
 86d6abac5e19 Downloading 7.34MB
 7a1b276fce42 Downloading 3.146MB
 092586df9206 Downloading 12.58MB
 86d6abac5e19 Downloading 7.34MB
 7a1b276fce42 Downloading 3.146MB
 092586df9206 Downloading 12.58MB
 092586df9206 Downloading 12.58MB
 86d6abac5e19 Downloading 7.34MB
 7a1b276fce42 Downloading 3.146MB
 86d6abac5e19 Downloading 7.34MB
 7a1b276fce42 Downloading 3.146MB
 092586df9206 Downloading 12.58MB
 092586df9206 Downloading 12.58MB
 86d6abac5e19 Downloading 8.389MB
 7a1b276fce42 Downloading 3.146MB
 86d6abac5e19 Downloading 8.389MB
 7a1b276fce42 Downloading 3.146MB
 092586df9206 Downloading 12.58MB
 86d6abac5e19 Downloading 8.389MB
 7a1b276fce42 Downloading 4.194MB
 092586df9206 Downloading 12.58MB
 86d6abac5e19 Downloading 8.389MB
 7a1b276fce42 Downloading 4.194MB
 092586df9206 Downloading 12.58MB
 7a1b276fce42 Downloading 4.194MB
 092586df9206 Downloading 13.63MB
 86d6abac5e19 Downloading 8.389MB
 86d6abac5e19 Downloading 8.389MB
 7a1b276fce42 Downloading 4.194MB
 092586df9206 Downloading 13.63MB
 092586df9206 Downloading 13.63MB
 86d6abac5e19 Downloading 8.389MB
 7a1b276fce42 Downloading 4.194MB
 86d6abac5e19 Downloading 8.389MB
 7a1b276fce42 Downloading 4.194MB
 092586df9206 Downloading 13.63MB
 092586df9206 Downloading 13.63MB
 86d6abac5e19 Downloading 8.389MB
 7a1b276fce42 Downloading 4.194MB
 092586df9206 Downloading 13.63MB
 86d6abac5e19 Downloading 8.389MB
 7a1b276fce42 Downloading 4.194MB
 092586df9206 Downloading 13.63MB
 86d6abac5e19 Downloading 9.437MB
 7a1b276fce42 Downloading 4.194MB
 7a1b276fce42 Downloading 4.194MB
 092586df9206 Downloading 13.63MB
 86d6abac5e19 Downloading 9.437MB
 86d6abac5e19 Downloading 9.437MB
 7a1b276fce42 Downloading 5.243MB
 092586df9206 Downloading 14.68MB
 7a1b276fce42 Downloading 5.243MB
 092586df9206 Downloading 14.68MB
 86d6abac5e19 Downloading 9.437MB
 86d6abac5e19 Downloading 9.437MB
 7a1b276fce42 Downloading 5.243MB
 092586df9206 Downloading 14.68MB
 86d6abac5e19 Downloading 9.437MB
 7a1b276fce42 Downloading 5.243MB
 092586df9206 Downloading 14.68MB
 86d6abac5e19 Downloading 9.437MB
 7a1b276fce42 Downloading 5.243MB
 092586df9206 Downloading 14.68MB
 7a1b276fce42 Downloading 5.243MB
 092586df9206 Downloading 14.68MB
 86d6abac5e19 Downloading 9.437MB
 7a1b276fce42 Downloading 5.243MB
 092586df9206 Downloading 14.68MB
 86d6abac5e19 Downloading 9.437MB
 86d6abac5e19 Downloading 9.437MB
 7a1b276fce42 Downloading 5.243MB
 092586df9206 Downloading 14.68MB
 092586df9206 Downloading 14.68MB
 86d6abac5e19 Downloading 10.49MB
 7a1b276fce42 Downloading 5.243MB
 092586df9206 Downloading 15.73MB
 86d6abac5e19 Downloading 10.49MB
 7a1b276fce42 Downloading 6.291MB
 092586df9206 Downloading 15.73MB
 86d6abac5e19 Downloading 10.49MB
 7a1b276fce42 Downloading 6.291MB
 86d6abac5e19 Downloading 10.49MB
 7a1b276fce42 Downloading 6.291MB
 092586df9206 Downloading 15.73MB
 86d6abac5e19 Downloading 10.49MB
 7a1b276fce42 Downloading 6.291MB
 092586df9206 Downloading 15.73MB
 86d6abac5e19 Downloading 10.49MB
 7a1b276fce42 Downloading 6.291MB
 092586df9206 Downloading 15.73MB
 092586df9206 Downloading 15.73MB
 86d6abac5e19 Downloading 10.49MB
 7a1b276fce42 Downloading 6.291MB
 7a1b276fce42 Downloading 6.291MB
 092586df9206 Downloading 15.73MB
 86d6abac5e19 Downloading 10.49MB
 86d6abac5e19 Downloading 10.49MB
 7a1b276fce42 Downloading 6.291MB
 092586df9206 Downloading 15.73MB
 7a1b276fce42 Downloading 6.291MB
 092586df9206 Downloading 16.78MB
 86d6abac5e19 Downloading 11.53MB
 092586df9206 Downloading 16.78MB
 86d6abac5e19 Downloading 11.53MB
 7a1b276fce42 Downloading 7.34MB
 092586df9206 Downloading 16.78MB
 86d6abac5e19 Downloading 11.53MB
 7a1b276fce42 Downloading 7.34MB
 86d6abac5e19 Downloading 11.53MB
 7a1b276fce42 Downloading 7.34MB
 092586df9206 Downloading 16.78MB
 86d6abac5e19 Downloading 11.53MB
 7a1b276fce42 Downloading 7.34MB
 092586df9206 Downloading 16.78MB
 7a1b276fce42 Downloading 7.34MB
 092586df9206 Downloading 16.78MB
 86d6abac5e19 Downloading 11.53MB
 092586df9206 Downloading 16.78MB
 86d6abac5e19 Downloading 11.53MB
 7a1b276fce42 Downloading 7.34MB
 7a1b276fce42 Downloading 7.34MB
 092586df9206 Downloading 16.78MB
 86d6abac5e19 Downloading 11.53MB
 7a1b276fce42 Downloading 7.34MB
 092586df9206 Downloading 16.78MB
 86d6abac5e19 Downloading 11.53MB
 092586df9206 Downloading 17.83MB
 86d6abac5e19 Downloading 11.53MB
 7a1b276fce42 Downloading 8.389MB
 86d6abac5e19 Downloading 12.58MB
 7a1b276fce42 Downloading 8.389MB
 092586df9206 Downloading 17.83MB
 86d6abac5e19 Downloading 12.58MB
 7a1b276fce42 Downloading 8.389MB
 092586df9206 Downloading 17.83MB
 86d6abac5e19 Downloading 12.58MB
 7a1b276fce42 Downloading 8.389MB
 092586df9206 Downloading 17.83MB
 092586df9206 Downloading 17.83MB
 86d6abac5e19 Downloading 12.58MB
 7a1b276fce42 Downloading 8.389MB
 7a1b276fce42 Downloading 9.168MB
 092586df9206 Downloading 17.83MB
 86d6abac5e19 Downloading 12.58MB
 86d6abac5e19 Downloading 12.58MB
 7a1b276fce42 Download complete 0B
 092586df9206 Downloading 17.83MB
 86d6abac5e19 Downloading 12.58MB
 092586df9206 Downloading 17.83MB
 12ff6ccfe7a6 Downloading 222B
 092586df9206 Downloading 18.87MB
 86d6abac5e19 Downloading 12.58MB
 12ff6ccfe7a6 Download complete 0B
 092586df9206 Downloading 18.87MB
 86d6abac5e19 Downloading 13.63MB
 092586df9206 Downloading 18.87MB
 86d6abac5e19 Downloading 13.63MB
 092586df9206 Downloading 18.87MB
 86d6abac5e19 Downloading 13.63MB
 86d6abac5e19 Downloading 13.63MB
 092586df9206 Downloading 18.87MB
 86d6abac5e19 Downloading 13.63MB
 092586df9206 Downloading 18.87MB
 092586df9206 Downloading 18.87MB
 86d6abac5e19 Downloading 13.63MB
 86d6abac5e19 Downloading 13.63MB
 092586df9206 Downloading 19.92MB
 092586df9206 Downloading 19.92MB
 86d6abac5e19 Downloading 13.63MB
 092586df9206 Downloading 19.92MB
 86d6abac5e19 Downloading 14.68MB
 092586df9206 Downloading 19.92MB
 86d6abac5e19 Downloading 14.68MB
 86d6abac5e19 Downloading 14.68MB
 092586df9206 Downloading 19.92MB
 092586df9206 Downloading 19.92MB
 86d6abac5e19 Downloading 14.68MB
 86d6abac5e19 Downloading 14.68MB
 d34d61487075 Downloading 1.049MB
 092586df9206 Downloading 19.92MB
 092586df9206 Downloading 19.92MB
 86d6abac5e19 Downloading 14.68MB
 d34d61487075 Downloading 1.049MB
 d34d61487075 Downloading 1.049MB
 092586df9206 Downloading 19.92MB
 86d6abac5e19 Downloading 14.68MB
 092586df9206 Downloading 20.97MB
 86d6abac5e19 Downloading 14.68MB
 d34d61487075 Downloading 1.049MB
 092586df9206 Downloading 20.97MB
 86d6abac5e19 Downloading 14.68MB
 d34d61487075 Downloading 1.049MB
 86d6abac5e19 Downloading 15.73MB
 d34d61487075 Downloading 1.049MB
 092586df9206 Downloading 20.97MB
 86d6abac5e19 Downloading 15.73MB
 d34d61487075 Downloading 1.049MB
 092586df9206 Downloading 20.97MB
 092586df9206 Downloading 20.97MB
 86d6abac5e19 Downloading 15.73MB
 d34d61487075 Downloading 1.049MB
 86d6abac5e19 Downloading 15.73MB
 d34d61487075 Downloading 2.097MB
 092586df9206 Downloading 20.97MB
 86d6abac5e19 Downloading 15.73MB
 d34d61487075 Downloading 2.097MB
 092586df9206 Downloading 20.97MB
 092586df9206 Downloading 20.97MB
 86d6abac5e19 Downloading 15.73MB
 d34d61487075 Downloading 2.097MB
 d34d61487075 Downloading 2.097MB
 092586df9206 Downloading 20.97MB
 86d6abac5e19 Downloading 15.73MB
 86d6abac5e19 Downloading 15.73MB
 d34d61487075 Downloading 2.097MB
 092586df9206 Downloading 20.97MB
 092586df9206 Downloading 22.02MB
 86d6abac5e19 Downloading 15.73MB
 d34d61487075 Downloading 2.097MB
 092586df9206 Downloading 22.02MB
 86d6abac5e19 Downloading 15.73MB
 d34d61487075 Downloading 2.097MB
 092586df9206 Downloading 22.02MB
 86d6abac5e19 Downloading 16.78MB
 d34d61487075 Downloading 2.097MB
 092586df9206 Downloading 22.02MB
 86d6abac5e19 Download complete 0B
 d34d61487075 Downloading 3.146MB
 d34d61487075 Downloading 3.146MB
 092586df9206 Downloading 22.02MB
 d34d61487075 Downloading 3.146MB
 092586df9206 Downloading 22.02MB
 092586df9206 Downloading 22.02MB
 d34d61487075 Downloading 3.146MB
 293fc5ed12f1 Download complete 0B
 d34d61487075 Downloading 3.146MB
 092586df9206 Downloading 22.02MB
 d34d61487075 Downloading 3.146MB
 092586df9206 Downloading 22.02MB
 092586df9206 Downloading 22.02MB
 d34d61487075 Downloading 3.146MB
 092586df9206 Downloading 23.07MB
 d34d61487075 Downloading 3.146MB
 d34d61487075 Downloading 3.146MB
 092586df9206 Downloading 23.07MB
 d34d61487075 Downloading 3.146MB
 092586df9206 Downloading 23.07MB
 d34d61487075 Downloading 3.146MB
 092586df9206 Downloading 23.07MB
 d34d61487075 Downloading 4.194MB
 092586df9206 Downloading 23.07MB
 092586df9206 Downloading 23.07MB
 d34d61487075 Downloading 4.194MB
 092586df9206 Downloading 23.07MB
 d34d61487075 Downloading 4.194MB
 d34d61487075 Downloading 4.194MB
 092586df9206 Downloading 23.07MB
 092586df9206 Downloading 23.07MB
 d34d61487075 Downloading 4.194MB
 d34d61487075 Downloading 4.194MB
 092586df9206 Downloading 23.07MB
 092586df9206 Downloading 23.07MB
 d34d61487075 Downloading 4.194MB
 d34d61487075 Downloading 4.194MB
 092586df9206 Downloading 23.07MB
 d34d61487075 Downloading 5.243MB
 092586df9206 Downloading 24.12MB
 092586df9206 Downloading 24.12MB
 d34d61487075 Downloading 5.243MB
 d34d61487075 Downloading 5.243MB
 092586df9206 Downloading 24.12MB
 d34d61487075 Downloading 5.243MB
 092586df9206 Downloading 24.12MB
 d34d61487075 Downloading 5.243MB
 092586df9206 Downloading 24.12MB
 d34d61487075 Downloading 5.243MB
 092586df9206 Downloading 24.12MB
 092586df9206 Downloading 24.12MB
 d34d61487075 Downloading 5.243MB
 d34d61487075 Downloading 5.243MB
 092586df9206 Downloading 24.12MB
 d34d61487075 Downloading 5.243MB
 092586df9206 Downloading 24.12MB
 092586df9206 Downloading 24.12MB
 f26b99e1adb1 Downloading 1.049MB
 d34d61487075 Downloading 5.243MB
 092586df9206 Downloading 24.12MB
 f26b99e1adb1 Downloading 1.049MB
 d34d61487075 Downloading 5.243MB
 092586df9206 Downloading 24.12MB
 f26b99e1adb1 Downloading 1.049MB
 d34d61487075 Downloading 5.243MB
 f26b99e1adb1 Downloading 1.049MB
 d34d61487075 Downloading 6.291MB
 092586df9206 Downloading 24.12MB
 f26b99e1adb1 Downloading 1.049MB
 d34d61487075 Downloading 6.291MB
 092586df9206 Downloading 25.17MB
 f26b99e1adb1 Downloading 1.049MB
 d34d61487075 Downloading 6.291MB
 092586df9206 Downloading 25.17MB
 f26b99e1adb1 Downloading 1.049MB
 d34d61487075 Downloading 6.291MB
 092586df9206 Downloading 25.17MB
 f26b99e1adb1 Downloading 1.049MB
 d34d61487075 Downloading 6.291MB
 092586df9206 Downloading 25.17MB
 d34d61487075 Downloading 6.291MB
 092586df9206 Downloading 25.17MB
 f26b99e1adb1 Downloading 1.049MB
 f26b99e1adb1 Downloading 1.049MB
 d34d61487075 Downloading 6.291MB
 092586df9206 Downloading 25.17MB
 f26b99e1adb1 Downloading 1.049MB
 d34d61487075 Downloading 6.291MB
 092586df9206 Downloading 25.17MB
 092586df9206 Downloading 25.17MB
 f26b99e1adb1 Downloading 1.049MB
 d34d61487075 Downloading 6.291MB
 092586df9206 Downloading 25.17MB
 f26b99e1adb1 Downloading 1.049MB
 d34d61487075 Downloading 6.291MB
 d34d61487075 Downloading 6.291MB
 092586df9206 Downloading 25.17MB
 f26b99e1adb1 Downloading 1.049MB
 f26b99e1adb1 Downloading 1.049MB
 d34d61487075 Downloading 6.291MB
 092586df9206 Downloading 25.17MB
 092586df9206 Downloading 25.17MB
 f26b99e1adb1 Downloading 2.097MB
 d34d61487075 Downloading 7.34MB
 092586df9206 Downloading 25.17MB
 f26b99e1adb1 Downloading 2.097MB
 d34d61487075 Downloading 7.34MB
 f26b99e1adb1 Downloading 2.097MB
 d34d61487075 Downloading 7.34MB
 092586df9206 Downloading 25.17MB
 092586df9206 Downloading 25.17MB
 f26b99e1adb1 Downloading 2.097MB
 d34d61487075 Downloading 7.34MB
 d34d61487075 Downloading 7.34MB
 092586df9206 Downloading 25.17MB
 f26b99e1adb1 Downloading 2.097MB
 092586df9206 Downloading 25.17MB
 f26b99e1adb1 Downloading 2.097MB
 d34d61487075 Downloading 7.34MB
 092586df9206 Downloading 25.17MB
 f26b99e1adb1 Downloading 2.097MB
 d34d61487075 Downloading 7.34MB
 f26b99e1adb1 Downloading 2.097MB
 d34d61487075 Downloading 7.34MB
 092586df9206 Downloading 25.17MB
 f26b99e1adb1 Downloading 2.097MB
 d34d61487075 Downloading 7.34MB
 092586df9206 Downloading 26.21MB
 092586df9206 Downloading 26.21MB
 f26b99e1adb1 Downloading 2.097MB
 d34d61487075 Downloading 7.34MB
 092586df9206 Downloading 26.21MB
 f26b99e1adb1 Downloading 2.097MB
 d34d61487075 Downloading 7.34MB
 f26b99e1adb1 Downloading 2.097MB
 d34d61487075 Downloading 7.34MB
 092586df9206 Downloading 26.21MB
 f26b99e1adb1 Downloading 2.097MB
 d34d61487075 Downloading 7.34MB
 092586df9206 Downloading 26.21MB
 092586df9206 Downloading 26.21MB
 f26b99e1adb1 Downloading 2.097MB
 d34d61487075 Downloading 7.34MB
 f26b99e1adb1 Downloading 2.097MB
 d34d61487075 Downloading 7.34MB
 092586df9206 Downloading 26.21MB
 d34d61487075 Downloading 8.389MB
 092586df9206 Downloading 26.21MB
 f26b99e1adb1 Downloading 2.097MB
 f26b99e1adb1 Downloading 2.097MB
 d34d61487075 Downloading 8.389MB
 092586df9206 Downloading 26.21MB
 f26b99e1adb1 Downloading 2.097MB
 d34d61487075 Downloading 8.389MB
 092586df9206 Downloading 26.21MB
 092586df9206 Downloading 26.21MB
 f26b99e1adb1 Downloading 3.146MB
 d34d61487075 Downloading 8.389MB
 f26b99e1adb1 Downloading 3.146MB
 d34d61487075 Downloading 8.389MB
 092586df9206 Downloading 26.21MB
 f26b99e1adb1 Downloading 3.146MB
 d34d61487075 Downloading 8.389MB
 092586df9206 Downloading 27.26MB
 f26b99e1adb1 Downloading 3.146MB
 d34d61487075 Downloading 8.389MB
 092586df9206 Downloading 27.26MB
 f26b99e1adb1 Downloading 3.146MB
 d34d61487075 Downloading 8.389MB
 092586df9206 Downloading 27.26MB
 f26b99e1adb1 Downloading 3.146MB
 d34d61487075 Downloading 8.389MB
 092586df9206 Downloading 27.26MB
 f26b99e1adb1 Downloading 3.146MB
 d34d61487075 Downloading 9.437MB
 092586df9206 Downloading 27.26MB
 f26b99e1adb1 Downloading 3.146MB
 d34d61487075 Downloading 9.437MB
 092586df9206 Downloading 27.26MB
 f26b99e1adb1 Downloading 3.146MB
 d34d61487075 Downloading 9.437MB
 092586df9206 Downloading 27.26MB
 f26b99e1adb1 Downloading 3.146MB
 d34d61487075 Downloading 9.437MB
 092586df9206 Downloading 27.26MB
 d34d61487075 Downloading 9.437MB
 092586df9206 Downloading 27.26MB
 f26b99e1adb1 Downloading 3.146MB
 f26b99e1adb1 Downloading 3.146MB
 d34d61487075 Downloading 9.437MB
 092586df9206 Downloading 27.26MB
 f26b99e1adb1 Downloading 3.146MB
 d34d61487075 Downloading 9.437MB
 092586df9206 Downloading 27.26MB
 d34d61487075 Downloading 9.437MB
 092586df9206 Downloading 27.26MB
 f26b99e1adb1 Downloading 3.146MB
 f26b99e1adb1 Downloading 3.146MB
 d34d61487075 Downloading 9.437MB
 092586df9206 Downloading 27.26MB
 f26b99e1adb1 Downloading 3.146MB
 d34d61487075 Downloading 9.437MB
 092586df9206 Downloading 27.26MB
 f26b99e1adb1 Downloading 4.194MB
 d34d61487075 Downloading 9.437MB
 092586df9206 Downloading 27.26MB
 f26b99e1adb1 Downloading 4.194MB
 d34d61487075 Downloading 10.49MB
 092586df9206 Downloading 27.26MB
 092586df9206 Downloading 27.26MB
 f26b99e1adb1 Downloading 4.194MB
 d34d61487075 Downloading 10.49MB
 f26b99e1adb1 Downloading 4.194MB
 d34d61487075 Downloading 10.49MB
 092586df9206 Downloading 27.26MB
 092586df9206 Downloading 27.26MB
 f26b99e1adb1 Downloading 4.194MB
 d34d61487075 Downloading 10.49MB
 f26b99e1adb1 Downloading 4.194MB
 d34d61487075 Downloading 10.49MB
 092586df9206 Downloading 27.26MB
 f26b99e1adb1 Downloading 4.194MB
 d34d61487075 Downloading 10.49MB
 092586df9206 Downloading 27.26MB
 092586df9206 Downloading 28.31MB
 f26b99e1adb1 Downloading 4.194MB
 d34d61487075 Downloading 10.49MB
 f26b99e1adb1 Downloading 4.194MB
 d34d61487075 Downloading 10.49MB
 092586df9206 Downloading 28.31MB
 f26b99e1adb1 Downloading 4.194MB
 d34d61487075 Downloading 10.49MB
 092586df9206 Downloading 28.31MB
 f26b99e1adb1 Downloading 4.194MB
 d34d61487075 Downloading 10.49MB
 092586df9206 Downloading 28.31MB
 d34d61487075 Downloading 10.49MB
 092586df9206 Downloading 28.31MB
 f26b99e1adb1 Downloading 4.194MB
 092586df9206 Downloading 28.31MB
 f26b99e1adb1 Downloading 4.194MB
 d34d61487075 Downloading 11.53MB
 f26b99e1adb1 Downloading 4.194MB
 d34d61487075 Downloading 11.53MB
 092586df9206 Downloading 28.31MB
 f26b99e1adb1 Downloading 5.243MB
 d34d61487075 Downloading 11.53MB
 092586df9206 Downloading 28.31MB
 f26b99e1adb1 Downloading 5.243MB
 d34d61487075 Downloading 11.53MB
 092586df9206 Downloading 28.31MB
 092586df9206 Downloading 28.31MB
 f26b99e1adb1 Downloading 5.243MB
 d34d61487075 Downloading 11.53MB
 f26b99e1adb1 Downloading 5.243MB
 d34d61487075 Downloading 11.53MB
 092586df9206 Downloading 28.31MB
 092586df9206 Downloading 28.31MB
 f26b99e1adb1 Downloading 5.243MB
 d34d61487075 Downloading 11.53MB
 f26b99e1adb1 Downloading 5.243MB
 d34d61487075 Downloading 11.53MB
 092586df9206 Downloading 28.31MB
 092586df9206 Downloading 28.31MB
 f26b99e1adb1 Downloading 5.243MB
 d34d61487075 Downloading 12.58MB
 f26b99e1adb1 Downloading 5.243MB
 d34d61487075 Downloading 12.58MB
 092586df9206 Downloading 29.36MB
 f26b99e1adb1 Downloading 5.243MB
 d34d61487075 Downloading 12.58MB
 092586df9206 Downloading 29.36MB
 f26b99e1adb1 Downloading 5.243MB
 d34d61487075 Downloading 12.58MB
 092586df9206 Downloading 29.36MB
 f26b99e1adb1 Downloading 6.291MB
 d34d61487075 Downloading 12.58MB
 092586df9206 Downloading 29.36MB
 092586df9206 Downloading 29.36MB
 f26b99e1adb1 Downloading 6.291MB
 d34d61487075 Downloading 12.58MB
 f26b99e1adb1 Downloading 6.291MB
 d34d61487075 Downloading 12.58MB
 092586df9206 Downloading 29.36MB
 092586df9206 Downloading 29.36MB
 f26b99e1adb1 Downloading 6.291MB
 d34d61487075 Downloading 12.58MB
 092586df9206 Downloading 29.36MB
 f26b99e1adb1 Downloading 6.291MB
 d34d61487075 Downloading 12.58MB
 092586df9206 Downloading 29.36MB
 f26b99e1adb1 Downloading 6.291MB
 d34d61487075 Downloading 12.58MB
 f26b99e1adb1 Downloading 6.291MB
 d34d61487075 Downloading 12.58MB
 092586df9206 Downloading 30.41MB
 f26b99e1adb1 Downloading 6.291MB
 d34d61487075 Downloading 13.63MB
 092586df9206 Downloading 30.41MB
 092586df9206 Downloading 30.41MB
 f26b99e1adb1 Downloading 6.291MB
 d34d61487075 Downloading 13.63MB
 d34d61487075 Downloading 13.63MB
 092586df9206 Downloading 30.41MB
 f26b99e1adb1 Downloading 7.34MB
 092586df9206 Downloading 30.41MB
 f26b99e1adb1 Downloading 7.34MB
 d34d61487075 Downloading 13.63MB
 f26b99e1adb1 Downloading 7.34MB
 d34d61487075 Downloading 13.63MB
 092586df9206 Downloading 30.41MB
 092586df9206 Downloading 30.41MB
 f26b99e1adb1 Downloading 7.34MB
 d34d61487075 Downloading 13.63MB
 092586df9206 Downloading 30.41MB
 f26b99e1adb1 Downloading 7.34MB
 d34d61487075 Downloading 13.63MB
 f26b99e1adb1 Downloading 7.34MB
 d34d61487075 Downloading 13.63MB
 092586df9206 Downloading 30.41MB
 d34d61487075 Downloading 13.63MB
 092586df9206 Downloading 30.41MB
 f26b99e1adb1 Downloading 7.34MB
 092586df9206 Downloading 31.46MB
 f26b99e1adb1 Downloading 7.34MB
 d34d61487075 Downloading 14.68MB
 d34d61487075 Downloading 14.68MB
 092586df9206 Downloading 31.46MB
 f26b99e1adb1 Downloading 7.34MB
 f26b99e1adb1 Downloading 7.34MB
 d34d61487075 Downloading 14.68MB
 092586df9206 Downloading 31.46MB
 092586df9206 Downloading 31.46MB
 f26b99e1adb1 Downloading 8.389MB
 d34d61487075 Downloading 14.68MB
 f26b99e1adb1 Downloading 8.389MB
 d34d61487075 Downloading 14.68MB
 092586df9206 Downloading 31.46MB
 f26b99e1adb1 Downloading 8.389MB
 d34d61487075 Downloading 14.68MB
 092586df9206 Downloading 31.46MB
 f26b99e1adb1 Downloading 8.389MB
 d34d61487075 Downloading 14.68MB
 092586df9206 Downloading 31.46MB
 092586df9206 Downloading 31.46MB
 f26b99e1adb1 Downloading 8.389MB
 d34d61487075 Downloading 14.68MB
 d34d61487075 Downloading 14.68MB
 092586df9206 Downloading 31.46MB
 f26b99e1adb1 Downloading 8.389MB
 f26b99e1adb1 Downloading 8.389MB
 d34d61487075 Downloading 14.68MB
 092586df9206 Downloading 31.46MB
 d34d61487075 Downloading 15.73MB
 092586df9206 Downloading 31.46MB
 f26b99e1adb1 Downloading 8.389MB
 f26b99e1adb1 Downloading 8.389MB
 d34d61487075 Downloading 15.73MB
 092586df9206 Downloading 32.51MB
 f26b99e1adb1 Downloading 8.389MB
 d34d61487075 Downloading 15.73MB
 092586df9206 Downloading 32.51MB
 092586df9206 Downloading 32.51MB
 f26b99e1adb1 Downloading 8.389MB
 d34d61487075 Downloading 15.73MB
 f26b99e1adb1 Downloading 8.389MB
 d34d61487075 Downloading 15.73MB
 092586df9206 Downloading 32.51MB
 f26b99e1adb1 Downloading 9.437MB
 d34d61487075 Downloading 15.73MB
 092586df9206 Downloading 32.51MB
 f26b99e1adb1 Downloading 9.437MB
 d34d61487075 Downloading 15.73MB
 092586df9206 Downloading 32.51MB
 092586df9206 Downloading 32.51MB
 f26b99e1adb1 Downloading 9.437MB
 d34d61487075 Downloading 15.73MB
 f26b99e1adb1 Downloading 9.437MB
 d34d61487075 Downloading 15.73MB
 092586df9206 Downloading 32.51MB
 f26b99e1adb1 Downloading 9.437MB
 d34d61487075 Downloading 15.73MB
 092586df9206 Downloading 32.51MB
 092586df9206 Downloading 32.51MB
 f26b99e1adb1 Downloading 9.437MB
 d34d61487075 Downloading 16.78MB
 092586df9206 Downloading 32.51MB
 f26b99e1adb1 Downloading 9.437MB
 d34d61487075 Downloading 16.78MB
 f26b99e1adb1 Downloading 9.437MB
 d34d61487075 Downloading 16.78MB
 092586df9206 Downloading 32.51MB
 f26b99e1adb1 Downloading 9.437MB
 d34d61487075 Downloading 16.78MB
 092586df9206 Downloading 32.51MB
 f26b99e1adb1 Downloading 9.437MB
 d34d61487075 Downloading 16.78MB
 092586df9206 Downloading 32.51MB
 f26b99e1adb1 Downloading 9.437MB
 d34d61487075 Downloading 16.78MB
 092586df9206 Downloading 33.55MB
 f26b99e1adb1 Downloading 9.437MB
 d34d61487075 Downloading 16.78MB
 092586df9206 Downloading 33.55MB
 092586df9206 Downloading 33.55MB
 f26b99e1adb1 Downloading 10.49MB
 d34d61487075 Downloading 16.78MB
 f26b99e1adb1 Downloading 10.49MB
 d34d61487075 Downloading 16.78MB
 092586df9206 Downloading 33.55MB
 092586df9206 Downloading 33.55MB
 f26b99e1adb1 Downloading 10.49MB
 d34d61487075 Downloading 16.78MB
 092586df9206 Downloading 33.55MB
 f26b99e1adb1 Downloading 10.49MB
 d34d61487075 Downloading 16.78MB
 f26b99e1adb1 Downloading 10.49MB
 d34d61487075 Downloading 16.78MB
 092586df9206 Downloading 33.55MB
 092586df9206 Downloading 33.55MB
 f26b99e1adb1 Downloading 10.49MB
 d34d61487075 Downloading 17.83MB
 f26b99e1adb1 Downloading 10.49MB
 d34d61487075 Downloading 17.83MB
 092586df9206 Downloading 33.55MB
 f26b99e1adb1 Downloading 10.49MB
 d34d61487075 Downloading 17.83MB
 092586df9206 Downloading 33.55MB
 f26b99e1adb1 Downloading 10.49MB
 d34d61487075 Downloading 17.83MB
 092586df9206 Downloading 33.55MB
 092586df9206 Downloading 34.6MB
 f26b99e1adb1 Downloading 10.49MB
 d34d61487075 Downloading 17.83MB
 092586df9206 Downloading 34.6MB
 f26b99e1adb1 Downloading 10.49MB
 d34d61487075 Downloading 17.83MB
 092586df9206 Downloading 34.6MB
 f26b99e1adb1 Downloading 10.49MB
 d34d61487075 Downloading 17.83MB
 f26b99e1adb1 Downloading 11.53MB
 d34d61487075 Downloading 17.83MB
 092586df9206 Downloading 34.6MB
 f26b99e1adb1 Downloading 11.53MB
 d34d61487075 Downloading 17.83MB
 092586df9206 Downloading 34.6MB
 f26b99e1adb1 Downloading 11.53MB
 d34d61487075 Downloading 18.87MB
 092586df9206 Downloading 34.6MB
 f26b99e1adb1 Downloading 11.53MB
 d34d61487075 Downloading 18.87MB
 092586df9206 Downloading 34.6MB
 f26b99e1adb1 Downloading 11.53MB
 d34d61487075 Downloading 18.87MB
 092586df9206 Downloading 34.6MB
 f26b99e1adb1 Downloading 11.53MB
 d34d61487075 Downloading 18.87MB
 092586df9206 Downloading 34.6MB
 d34d61487075 Downloading 18.87MB
 092586df9206 Downloading 34.6MB
 f26b99e1adb1 Downloading 11.53MB
 f26b99e1adb1 Downloading 11.53MB
 d34d61487075 Downloading 18.87MB
 092586df9206 Downloading 34.6MB
 f26b99e1adb1 Downloading 11.53MB
 d34d61487075 Downloading 18.87MB
 092586df9206 Downloading 34.6MB
 d34d61487075 Downloading 18.87MB
 092586df9206 Downloading 34.6MB
 f26b99e1adb1 Downloading 11.53MB
 f26b99e1adb1 Downloading 11.53MB
 d34d61487075 Downloading 18.87MB
 092586df9206 Downloading 34.6MB
 f26b99e1adb1 Downloading 11.53MB
 d34d61487075 Downloading 18.87MB
 092586df9206 Downloading 34.6MB
 092586df9206 Downloading 35.65MB
 f26b99e1adb1 Downloading 11.53MB
 d34d61487075 Downloading 18.87MB
 092586df9206 Downloading 35.65MB
 f26b99e1adb1 Downloading 11.53MB
 d34d61487075 Downloading 18.87MB
 092586df9206 Downloading 35.65MB
 f26b99e1adb1 Downloading 11.53MB
 d34d61487075 Downloading 19.92MB
 f26b99e1adb1 Downloading 11.53MB
 d34d61487075 Downloading 19.92MB
 092586df9206 Downloading 35.65MB
 f26b99e1adb1 Downloading 12.58MB
 d34d61487075 Downloading 19.92MB
 092586df9206 Downloading 35.65MB
 f26b99e1adb1 Downloading 12.58MB
 d34d61487075 Downloading 19.92MB
 092586df9206 Downloading 35.65MB
 f26b99e1adb1 Downloading 12.58MB
 d34d61487075 Downloading 19.92MB
 092586df9206 Downloading 35.65MB
 f26b99e1adb1 Downloading 12.58MB
 d34d61487075 Downloading 19.92MB
 092586df9206 Downloading 35.65MB
 f26b99e1adb1 Downloading 12.58MB
 d34d61487075 Downloading 19.92MB
 092586df9206 Downloading 35.65MB
 092586df9206 Downloading 35.65MB
 f26b99e1adb1 Downloading 12.58MB
 d34d61487075 Downloading 19.92MB
 f26b99e1adb1 Downloading 12.58MB
 d34d61487075 Downloading 20.97MB
 092586df9206 Downloading 35.65MB
 f26b99e1adb1 Downloading 12.58MB
 d34d61487075 Downloading 20.97MB
 092586df9206 Downloading 35.65MB
 d34d61487075 Downloading 20.97MB
 092586df9206 Downloading 35.65MB
 f26b99e1adb1 Downloading 12.58MB
 f26b99e1adb1 Downloading 12.58MB
 d34d61487075 Downloading 20.97MB
 092586df9206 Downloading 36.7MB
 092586df9206 Downloading 36.7MB
 f26b99e1adb1 Downloading 12.58MB
 d34d61487075 Downloading 20.97MB
 092586df9206 Downloading 36.7MB
 f26b99e1adb1 Downloading 12.58MB
 d34d61487075 Downloading 20.97MB
 092586df9206 Downloading 36.7MB
 f26b99e1adb1 Downloading 12.58MB
 d34d61487075 Downloading 20.97MB
 f26b99e1adb1 Downloading 12.58MB
 d34d61487075 Downloading 20.97MB
 092586df9206 Downloading 36.7MB
 d34d61487075 Downloading 20.97MB
 092586df9206 Downloading 36.7MB
 f26b99e1adb1 Downloading 12.58MB
 f26b99e1adb1 Downloading 13.63MB
 d34d61487075 Downloading 20.97MB
 092586df9206 Downloading 36.7MB
 092586df9206 Downloading 36.7MB
 f26b99e1adb1 Downloading 13.63MB
 d34d61487075 Downloading 22.02MB
 092586df9206 Downloading 36.7MB
 f26b99e1adb1 Downloading 13.63MB
 d34d61487075 Downloading 22.02MB
 092586df9206 Downloading 36.7MB
 f26b99e1adb1 Downloading 13.63MB
 d34d61487075 Downloading 22.02MB
 f26b99e1adb1 Downloading 13.63MB
 d34d61487075 Downloading 22.02MB
 092586df9206 Downloading 36.7MB
 092586df9206 Downloading 37.75MB
 f26b99e1adb1 Downloading 13.63MB
 d34d61487075 Downloading 22.02MB
 d34d61487075 Downloading 22.02MB
 092586df9206 Downloading 37.75MB
 f26b99e1adb1 Downloading 13.63MB
 f26b99e1adb1 Downloading 13.63MB
 d34d61487075 Downloading 22.02MB
 092586df9206 Downloading 37.75MB
 f26b99e1adb1 Downloading 13.63MB
 d34d61487075 Downloading 22.02MB
 092586df9206 Downloading 37.75MB
 f26b99e1adb1 Downloading 13.63MB
 d34d61487075 Downloading 23.07MB
 092586df9206 Downloading 37.75MB
 f26b99e1adb1 Downloading 13.63MB
 d34d61487075 Downloading 23.07MB
 092586df9206 Downloading 37.75MB
 092586df9206 Downloading 37.75MB
 f26b99e1adb1 Downloading 13.63MB
 d34d61487075 Downloading 23.07MB
 f26b99e1adb1 Downloading 13.63MB
 d34d61487075 Downloading 23.07MB
 092586df9206 Downloading 37.75MB
 092586df9206 Downloading 37.75MB
 f26b99e1adb1 Downloading 13.63MB
 d34d61487075 Downloading 23.07MB
 f26b99e1adb1 Downloading 14.68MB
 d34d61487075 Downloading 23.07MB
 092586df9206 Downloading 37.75MB
 092586df9206 Downloading 37.75MB
 f26b99e1adb1 Downloading 14.68MB
 d34d61487075 Downloading 23.07MB
 f26b99e1adb1 Downloading 14.68MB
 d34d61487075 Downloading 23.07MB
 092586df9206 Downloading 38.8MB
 f26b99e1adb1 Downloading 14.68MB
 d34d61487075 Downloading 24.12MB
 092586df9206 Downloading 38.8MB
 f26b99e1adb1 Downloading 14.68MB
 d34d61487075 Downloading 24.12MB
 092586df9206 Downloading 38.8MB
 f26b99e1adb1 Downloading 14.68MB
 d34d61487075 Downloading 24.12MB
 092586df9206 Downloading 38.8MB
 f26b99e1adb1 Downloading 14.68MB
 d34d61487075 Downloading 24.12MB
 092586df9206 Downloading 38.8MB
 d34d61487075 Downloading 24.12MB
 092586df9206 Downloading 38.8MB
 f26b99e1adb1 Downloading 14.68MB
 d34d61487075 Downloading 24.12MB
 092586df9206 Downloading 38.8MB
 f26b99e1adb1 Downloading 14.68MB
 f26b99e1adb1 Downloading 15.73MB
 d34d61487075 Downloading 24.12MB
 092586df9206 Downloading 38.8MB
 092586df9206 Downloading 38.8MB
 f26b99e1adb1 Downloading 15.73MB
 d34d61487075 Downloading 24.12MB
 f26b99e1adb1 Downloading 15.73MB
 d34d61487075 Downloading 24.12MB
 092586df9206 Downloading 38.8MB
 f26b99e1adb1 Downloading 15.73MB
 d34d61487075 Downloading 25.17MB
 092586df9206 Downloading 39.85MB
 f26b99e1adb1 Downloading 15.73MB
 d34d61487075 Downloading 25.17MB
 092586df9206 Downloading 39.85MB
 f26b99e1adb1 Downloading 15.73MB
 d34d61487075 Downloading 25.17MB
 092586df9206 Downloading 39.85MB
 d34d61487075 Downloading 25.17MB
 092586df9206 Downloading 39.85MB
 f26b99e1adb1 Downloading 15.73MB
 f26b99e1adb1 Downloading 16.78MB
 d34d61487075 Downloading 25.17MB
 092586df9206 Downloading 39.85MB
 f26b99e1adb1 Downloading 16.78MB
 d34d61487075 Downloading 25.17MB
 092586df9206 Downloading 39.85MB
 092586df9206 Downloading 39.85MB
 f26b99e1adb1 Downloading 16.78MB
 d34d61487075 Downloading 25.17MB
 f26b99e1adb1 Downloading 16.78MB
 d34d61487075 Downloading 25.17MB
 092586df9206 Downloading 39.85MB
 092586df9206 Downloading 39.85MB
 f26b99e1adb1 Downloading 16.78MB
 d34d61487075 Downloading 25.17MB
 f26b99e1adb1 Downloading 16.78MB
 d34d61487075 Downloading 26.21MB
 092586df9206 Downloading 39.85MB
 f26b99e1adb1 Downloading 17.83MB
 d34d61487075 Downloading 26.21MB
 092586df9206 Downloading 39.85MB
 d34d61487075 Downloading 26.21MB
 092586df9206 Downloading 39.85MB
 f26b99e1adb1 Downloading 17.83MB
 d34d61487075 Downloading 26.21MB
 092586df9206 Downloading 40.89MB
 f26b99e1adb1 Downloading 17.83MB
 f26b99e1adb1 Downloading 17.83MB
 d34d61487075 Downloading 26.21MB
 092586df9206 Downloading 40.89MB
 092586df9206 Downloading 40.89MB
 f26b99e1adb1 Downloading 17.83MB
 d34d61487075 Downloading 26.21MB
 f26b99e1adb1 Downloading 17.83MB
 d34d61487075 Downloading 26.21MB
 092586df9206 Downloading 40.89MB
 d34d61487075 Downloading 26.21MB
 092586df9206 Downloading 40.89MB
 f26b99e1adb1 Downloading 18.87MB
 092586df9206 Downloading 40.89MB
 f26b99e1adb1 Downloading 18.87MB
 d34d61487075 Downloading 26.21MB
 f26b99e1adb1 Downloading 18.87MB
 d34d61487075 Downloading 26.21MB
 092586df9206 Downloading 40.89MB
 d34d61487075 Downloading 26.21MB
 092586df9206 Downloading 40.89MB
 f26b99e1adb1 Downloading 18.87MB
 f26b99e1adb1 Downloading 18.87MB
 d34d61487075 Downloading 26.21MB
 092586df9206 Downloading 40.89MB
 092586df9206 Downloading 40.89MB
 f26b99e1adb1 Downloading 18.87MB
 d34d61487075 Downloading 26.21MB
 f26b99e1adb1 Downloading 19.92MB
 d34d61487075 Downloading 26.21MB
 092586df9206 Downloading 40.89MB
 d34d61487075 Downloading 27.26MB
 092586df9206 Downloading 40.89MB
 f26b99e1adb1 Downloading 19.92MB
 d34d61487075 Downloading 27.26MB
 092586df9206 Downloading 40.89MB
 f26b99e1adb1 Downloading 19.92MB
 d34d61487075 Downloading 27.26MB
 092586df9206 Downloading 40.89MB
 f26b99e1adb1 Downloading 19.92MB
 f26b99e1adb1 Downloading 19.92MB
 d34d61487075 Downloading 27.26MB
 092586df9206 Downloading 40.89MB
 092586df9206 Downloading 40.89MB
 f26b99e1adb1 Downloading 19.92MB
 d34d61487075 Downloading 27.26MB
 092586df9206 Downloading 40.89MB
 f26b99e1adb1 Downloading 19.92MB
 d34d61487075 Downloading 27.26MB
 f26b99e1adb1 Downloading 20.97MB
 d34d61487075 Downloading 27.26MB
 092586df9206 Downloading 41.94MB
 f26b99e1adb1 Downloading 20.97MB
 d34d61487075 Downloading 27.26MB
 092586df9206 Downloading 41.94MB
 092586df9206 Downloading 41.94MB
 f26b99e1adb1 Downloading 20.97MB
 d34d61487075 Downloading 27.26MB
 f26b99e1adb1 Downloading 20.97MB
 d34d61487075 Downloading 27.26MB
 092586df9206 Downloading 41.94MB
 f26b99e1adb1 Downloading 20.97MB
 d34d61487075 Downloading 27.26MB
 092586df9206 Downloading 41.94MB
 d34d61487075 Downloading 27.26MB
 092586df9206 Downloading 41.94MB
 f26b99e1adb1 Downloading 22.02MB
 092586df9206 Downloading 41.94MB
 f26b99e1adb1 Downloading 22.02MB
 d34d61487075 Downloading 27.26MB
 f26b99e1adb1 Downloading 22.02MB
 d34d61487075 Downloading 27.26MB
 092586df9206 Downloading 41.94MB
 f26b99e1adb1 Downloading 22.02MB
 d34d61487075 Downloading 27.26MB
 092586df9206 Downloading 41.94MB
 f26b99e1adb1 Downloading 22.02MB
 d34d61487075 Downloading 28.31MB
 092586df9206 Downloading 41.94MB
 f26b99e1adb1 Downloading 23.07MB
 d34d61487075 Downloading 28.31MB
 092586df9206 Downloading 41.94MB
 d34d61487075 Downloading 28.31MB
 092586df9206 Downloading 41.94MB
 f26b99e1adb1 Downloading 23.07MB
 f26b99e1adb1 Downloading 23.07MB
 d34d61487075 Downloading 28.31MB
 092586df9206 Downloading 41.94MB
 f26b99e1adb1 Downloading 23.07MB
 d34d61487075 Downloading 28.31MB
 092586df9206 Downloading 41.94MB
 f26b99e1adb1 Downloading 23.07MB
 d34d61487075 Downloading 28.31MB
 092586df9206 Downloading 41.94MB
 f26b99e1adb1 Downloading 24.12MB
 d34d61487075 Downloading 28.31MB
 092586df9206 Downloading 41.94MB
 f26b99e1adb1 Downloading 24.12MB
 d34d61487075 Downloading 28.31MB
 092586df9206 Downloading 41.94MB
 f26b99e1adb1 Downloading 24.12MB
 d34d61487075 Downloading 28.31MB
 092586df9206 Downloading 42.99MB
 092586df9206 Downloading 42.99MB
 f26b99e1adb1 Downloading 24.12MB
 d34d61487075 Downloading 28.31MB
 f26b99e1adb1 Downloading 24.12MB
 d34d61487075 Downloading 28.31MB
 092586df9206 Downloading 42.99MB
 d34d61487075 Downloading 28.31MB
 092586df9206 Downloading 42.99MB
 f26b99e1adb1 Downloading 24.12MB
 d34d61487075 Downloading 28.31MB
 092586df9206 Downloading 42.99MB
 f26b99e1adb1 Downloading 24.12MB
 f26b99e1adb1 Downloading 25.17MB
 d34d61487075 Downloading 28.31MB
 092586df9206 Downloading 42.99MB
 f26b99e1adb1 Downloading 25.17MB
 d34d61487075 Downloading 28.31MB
 092586df9206 Downloading 42.99MB
 d34d61487075 Downloading 28.31MB
 092586df9206 Downloading 42.99MB
 f26b99e1adb1 Downloading 25.17MB
 092586df9206 Downloading 42.99MB
 f26b99e1adb1 Downloading 25.17MB
 d34d61487075 Downloading 28.31MB
 f26b99e1adb1 Downloading 25.17MB
 d34d61487075 Downloading 28.31MB
 092586df9206 Downloading 42.99MB
 f26b99e1adb1 Downloading 26.21MB
 d34d61487075 Downloading 28.31MB
 092586df9206 Downloading 42.99MB
 d34d61487075 Downloading 29.36MB
 092586df9206 Downloading 42.99MB
 f26b99e1adb1 Downloading 26.21MB
 092586df9206 Downloading 42.99MB
 f26b99e1adb1 Downloading 26.21MB
 d34d61487075 Downloading 29.36MB
 f26b99e1adb1 Downloading 26.21MB
 d34d61487075 Downloading 29.36MB
 092586df9206 Downloading 42.99MB
 092586df9206 Downloading 42.99MB
 f26b99e1adb1 Downloading 26.21MB
 d34d61487075 Downloading 29.36MB
 f26b99e1adb1 Downloading 26.21MB
 d34d61487075 Downloading 29.36MB
 092586df9206 Downloading 42.99MB
 f26b99e1adb1 Downloading 27.26MB
 d34d61487075 Downloading 29.36MB
 092586df9206 Downloading 42.99MB
 d34d61487075 Downloading 29.36MB
 092586df9206 Downloading 42.99MB
 f26b99e1adb1 Downloading 27.26MB
 092586df9206 Downloading 42.99MB
 f26b99e1adb1 Downloading 27.26MB
 d34d61487075 Downloading 29.36MB
 f26b99e1adb1 Downloading 27.26MB
 d34d61487075 Downloading 29.36MB
 092586df9206 Downloading 42.99MB
 f26b99e1adb1 Downloading 27.26MB
 d34d61487075 Downloading 29.36MB
 092586df9206 Downloading 42.99MB
 f26b99e1adb1 Downloading 28.31MB
 d34d61487075 Downloading 29.36MB
 092586df9206 Downloading 44.04MB
 f26b99e1adb1 Downloading 28.31MB
 d34d61487075 Downloading 29.36MB
 092586df9206 Downloading 44.04MB
 f26b99e1adb1 Downloading 28.31MB
 d34d61487075 Downloading 29.36MB
 092586df9206 Downloading 44.04MB
 092586df9206 Downloading 44.04MB
 f26b99e1adb1 Downloading 28.31MB
 d34d61487075 Downloading 29.36MB
 f26b99e1adb1 Downloading 28.31MB
 d34d61487075 Downloading 29.36MB
 092586df9206 Downloading 44.04MB
 f26b99e1adb1 Downloading 29.36MB
 d34d61487075 Downloading 29.36MB
 092586df9206 Downloading 44.04MB
 f26b99e1adb1 Downloading 29.36MB
 d34d61487075 Downloading 29.36MB
 092586df9206 Downloading 44.04MB
 f26b99e1adb1 Downloading 29.36MB
 d34d61487075 Downloading 30.41MB
 092586df9206 Downloading 44.04MB
 d34d61487075 Downloading 30.41MB
 092586df9206 Downloading 44.04MB
 f26b99e1adb1 Downloading 29.36MB
 d34d61487075 Downloading 30.41MB
 092586df9206 Downloading 44.04MB
 f26b99e1adb1 Downloading 29.36MB
 092586df9206 Downloading 44.04MB
 f26b99e1adb1 Downloading 30.41MB
 d34d61487075 Downloading 30.41MB
 d34d61487075 Downloading 30.41MB
 092586df9206 Downloading 44.04MB
 f26b99e1adb1 Downloading 30.41MB
 f26b99e1adb1 Downloading 30.41MB
 d34d61487075 Downloading 30.41MB
 092586df9206 Downloading 44.04MB
 092586df9206 Downloading 44.04MB
 f26b99e1adb1 Downloading 30.41MB
 d34d61487075 Downloading 30.41MB
 f26b99e1adb1 Downloading 30.41MB
 d34d61487075 Downloading 30.41MB
 092586df9206 Downloading 44.04MB
 092586df9206 Downloading 44.04MB
 f26b99e1adb1 Downloading 31.46MB
 d34d61487075 Downloading 30.41MB
 092586df9206 Downloading 44.04MB
 f26b99e1adb1 Downloading 31.46MB
 d34d61487075 Downloading 30.41MB
 d34d61487075 Downloading 30.41MB
 092586df9206 Downloading 44.04MB
 f26b99e1adb1 Downloading 31.46MB
 f26b99e1adb1 Downloading 31.46MB
 d34d61487075 Downloading 30.41MB
 092586df9206 Downloading 44.04MB
 f26b99e1adb1 Downloading 31.46MB
 d34d61487075 Downloading 30.41MB
 092586df9206 Downloading 45.09MB
 f26b99e1adb1 Downloading 32.51MB
 d34d61487075 Downloading 30.41MB
 092586df9206 Downloading 45.09MB
 d34d61487075 Downloading 30.41MB
 092586df9206 Downloading 45.09MB
 f26b99e1adb1 Downloading 32.51MB
 f26b99e1adb1 Downloading 32.51MB
 d34d61487075 Downloading 30.41MB
 092586df9206 Downloading 45.09MB
 f26b99e1adb1 Downloading 32.51MB
 d34d61487075 Downloading 31.46MB
 092586df9206 Downloading 45.09MB
 092586df9206 Download complete 0B
 f26b99e1adb1 Downloading 32.51MB
 d34d61487075 Downloading 31.46MB
 092586df9206 Extracting 1B
 f26b99e1adb1 Downloading 33.55MB
 d34d61487075 Downloading 31.46MB
 092586df9206 Extracting 1B
 f26b99e1adb1 Downloading 33.55MB
 d34d61487075 Downloading 31.46MB
 092586df9206 Extracting 1B
 d34d61487075 Downloading 31.46MB
 f26b99e1adb1 Downloading 33.55MB
 092586df9206 Extracting 1B
 d34d61487075 Downloading 31.46MB
 f26b99e1adb1 Downloading 33.55MB
 092586df9206 Extracting 1B
 f26b99e1adb1 Downloading 33.55MB
 d34d61487075 Downloading 31.46MB
 092586df9206 Extracting 1B
 f26b99e1adb1 Downloading 33.55MB
 d34d61487075 Downloading 31.46MB
 092586df9206 Extracting 1B
 f26b99e1adb1 Downloading 33.55MB
 d34d61487075 Downloading 31.46MB
 092586df9206 Extracting 1B
 d34d61487075 Downloading 31.46MB
 f26b99e1adb1 Downloading 34.6MB
 092586df9206 Extracting 1B
 f26b99e1adb1 Downloading 34.6MB
 d34d61487075 Downloading 31.46MB
 092586df9206 Extracting 1B
 f26b99e1adb1 Downloading 34.6MB
 d34d61487075 Downloading 31.46MB
 092586df9206 Extracting 2B
 d34d61487075 Downloading 31.46MB
 555a865b2eb3 Download complete 0B
 f26b99e1adb1 Downloading 34.6MB
 092586df9206 Extracting 2B
 f26b99e1adb1 Downloading 34.6MB
 d34d61487075 Downloading 31.46MB
 092586df9206 Extracting 2B
 f26b99e1adb1 Downloading 34.6MB
 d34d61487075 Downloading 32.51MB
 092586df9206 Extracting 2B
 f26b99e1adb1 Downloading 34.6MB
 d34d61487075 Downloading 32.51MB
 092586df9206 Extracting 2B
 f26b99e1adb1 Downloading 34.6MB
 d34d61487075 Downloading 32.51MB
 092586df9206 Extracting 2B
 f26b99e1adb1 Downloading 35.65MB
 d34d61487075 Downloading 32.51MB
 092586df9206 Extracting 2B
 f26b99e1adb1 Downloading 35.65MB
 d34d61487075 Downloading 32.51MB
 092586df9206 Extracting 2B
 f26b99e1adb1 Downloading 35.65MB
 d34d61487075 Downloading 32.51MB
 092586df9206 Extracting 2B
 f26b99e1adb1 Downloading 35.65MB
 d34d61487075 Downloading 32.51MB
 092586df9206 Extracting 2B
 f26b99e1adb1 Downloading 35.65MB
 d34d61487075 Downloading 32.51MB
 092586df9206 Extracting 2B
 f26b99e1adb1 Downloading 35.65MB
 d34d61487075 Downloading 32.51MB
 092586df9206 Extracting 3B
 f26b99e1adb1 Downloading 35.65MB
 d34d61487075 Downloading 33.55MB
 092586df9206 Extracting 3B
 d34d61487075 Downloading 33.55MB
 f26b99e1adb1 Downloading 36.7MB
 092586df9206 Extracting 3B
 d34d61487075 Downloading 33.55MB
 f26b99e1adb1 Downloading 36.7MB
 092586df9206 Extracting 3B
 f26b99e1adb1 Downloading 36.7MB
 d34d61487075 Downloading 33.55MB
 092586df9206 Extracting 3B
 d34d61487075 Downloading 33.55MB
 f26b99e1adb1 Downloading 36.7MB
 092586df9206 Extracting 3B
 f26b99e1adb1 Downloading 36.7MB
 d34d61487075 Downloading 33.55MB
 092586df9206 Extracting 3B
 f26b99e1adb1 Downloading 36.7MB
 d34d61487075 Downloading 33.55MB
 092586df9206 Extracting 3B
 f26b99e1adb1 Downloading 36.7MB
 d34d61487075 Downloading 33.55MB
 092586df9206 Extracting 4B
 f26b99e1adb1 Downloading 37.75MB
 d34d61487075 Downloading 33.55MB
 092586df9206 Extracting 4B
 f26b99e1adb1 Downloading 37.75MB
 d34d61487075 Downloading 34.6MB
 ef599477fae0 Downloading 1.049MB
 092586df9206 Extracting 4B
 f26b99e1adb1 Downloading 37.75MB
 d34d61487075 Downloading 34.6MB
 ef599477fae0 Downloading 1.049MB
 092586df9206 Extracting 4B
 f26b99e1adb1 Downloading 37.75MB
 d34d61487075 Downloading 34.6MB
 ef599477fae0 Downloading 1.049MB
 092586df9206 Extracting 4B
 ef599477fae0 Downloading 1.049MB
 f26b99e1adb1 Downloading 37.75MB
 d34d61487075 Downloading 34.6MB
 092586df9206 Extracting 4B
 f26b99e1adb1 Downloading 37.75MB
 d34d61487075 Downloading 34.6MB
 ef599477fae0 Downloading 1.049MB
 092586df9206 Extracting 4B
 d34d61487075 Downloading 34.6MB
 ef599477fae0 Downloading 1.049MB
 f26b99e1adb1 Downloading 37.75MB
 092586df9206 Extracting 4B
 f26b99e1adb1 Downloading 38.8MB
 d34d61487075 Downloading 35.65MB
 ef599477fae0 Downloading 1.049MB
 092586df9206 Extracting 4B
 f26b99e1adb1 Downloading 38.8MB
 d34d61487075 Downloading 35.65MB
 ef599477fae0 Downloading 1.049MB
 092586df9206 Extracting 4B
 d34d61487075 Downloading 35.65MB
 ef599477fae0 Downloading 1.049MB
 f26b99e1adb1 Downloading 38.8MB
 092586df9206 Extracting 5B
 f26b99e1adb1 Downloading 38.8MB
 d34d61487075 Downloading 35.65MB
 ef599477fae0 Downloading 1.049MB
 092586df9206 Extracting 5B
 f26b99e1adb1 Downloading 38.8MB
 d34d61487075 Downloading 35.65MB
 ef599477fae0 Downloading 1.049MB
 092586df9206 Extracting 5B
 f26b99e1adb1 Downloading 38.8MB
 d34d61487075 Downloading 35.65MB
 ef599477fae0 Downloading 2.097MB
 092586df9206 Pull complete 0B
 d34d61487075 Downloading 35.65MB
 ef599477fae0 Downloading 2.097MB
 f26b99e1adb1 Downloading 38.8MB
 f26b99e1adb1 Downloading 38.8MB
 d34d61487075 Downloading 35.65MB
 ef599477fae0 Downloading 2.097MB
 f26b99e1adb1 Downloading 39.85MB
 d34d61487075 Downloading 36.7MB
 ef599477fae0 Downloading 2.097MB
 d34d61487075 Downloading 36.7MB
 ef599477fae0 Downloading 2.097MB
 f26b99e1adb1 Downloading 39.85MB
 f26b99e1adb1 Downloading 39.85MB
 d34d61487075 Downloading 36.7MB
 ef599477fae0 Downloading 2.097MB
 f26b99e1adb1 Downloading 39.85MB
 d34d61487075 Downloading 36.7MB
 ef599477fae0 Downloading 2.097MB
 f26b99e1adb1 Downloading 39.85MB
 d34d61487075 Downloading 36.7MB
 ef599477fae0 Downloading 2.097MB
 ef599477fae0 Downloading 2.097MB
 f26b99e1adb1 Downloading 39.85MB
 d34d61487075 Downloading 36.7MB
 f26b99e1adb1 Downloading 39.85MB
 d34d61487075 Downloading 36.7MB
 ef599477fae0 Downloading 2.097MB
 f26b99e1adb1 Downloading 39.85MB
 d34d61487075 Downloading 37.75MB
 ef599477fae0 Downloading 2.097MB
 f26b99e1adb1 Downloading 39.85MB
 d34d61487075 Downloading 37.75MB
 ef599477fae0 Downloading 3.146MB
 f26b99e1adb1 Downloading 40.89MB
 d34d61487075 Downloading 37.75MB
 ef599477fae0 Downloading 3.146MB
 f26b99e1adb1 Downloading 40.89MB
 d34d61487075 Downloading 37.75MB
 ef599477fae0 Downloading 3.146MB
 f26b99e1adb1 Downloading 40.89MB
 d34d61487075 Downloading 37.75MB
 ef599477fae0 Downloading 3.146MB
 d34d61487075 Downloading 37.75MB
 ef599477fae0 Downloading 3.146MB
 f26b99e1adb1 Downloading 40.89MB
 ef599477fae0 Downloading 3.146MB
 f26b99e1adb1 Downloading 40.89MB
 d34d61487075 Downloading 37.75MB
 f26b99e1adb1 Downloading 40.89MB
 d34d61487075 Downloading 37.75MB
 ef599477fae0 Downloading 3.146MB
 f26b99e1adb1 Downloading 40.89MB
 d34d61487075 Downloading 38.8MB
 ef599477fae0 Downloading 3.146MB
 f26b99e1adb1 Downloading 40.89MB
 d34d61487075 Downloading 38.8MB
 ef599477fae0 Downloading 3.146MB
 f26b99e1adb1 Downloading 40.89MB
 d34d61487075 Downloading 38.8MB
 ef599477fae0 Downloading 3.146MB
 f26b99e1adb1 Downloading 40.89MB
 d34d61487075 Downloading 38.8MB
 ef599477fae0 Downloading 4.194MB
 f26b99e1adb1 Downloading 40.89MB
 d34d61487075 Downloading 38.8MB
 ef599477fae0 Downloading 4.194MB
 f26b99e1adb1 Downloading 41.94MB
 d34d61487075 Downloading 38.8MB
 ef599477fae0 Downloading 4.194MB
 f26b99e1adb1 Downloading 41.94MB
 d34d61487075 Downloading 38.8MB
 ef599477fae0 Downloading 4.194MB
 ef599477fae0 Downloading 4.194MB
 f26b99e1adb1 Downloading 41.94MB
 d34d61487075 Downloading 38.8MB
 f26b99e1adb1 Downloading 41.94MB
 d34d61487075 Downloading 39.85MB
 ef599477fae0 Downloading 4.194MB
 f26b99e1adb1 Downloading 41.94MB
 d34d61487075 Downloading 39.85MB
 ef599477fae0 Downloading 4.194MB
 f26b99e1adb1 Downloading 41.94MB
 d34d61487075 Downloading 39.85MB
 ef599477fae0 Downloading 4.194MB
 f26b99e1adb1 Downloading 41.94MB
 d34d61487075 Downloading 39.85MB
 ef599477fae0 Downloading 4.194MB
 d34d61487075 Downloading 39.85MB
 ef599477fae0 Downloading 5.243MB
 f26b99e1adb1 Downloading 41.94MB
 f26b99e1adb1 Downloading 41.94MB
 d34d61487075 Downloading 39.85MB
 ef599477fae0 Downloading 5.243MB
 f26b99e1adb1 Downloading 42.99MB
 d34d61487075 Downloading 39.85MB
 ef599477fae0 Downloading 5.243MB
 d34d61487075 Downloading 40.89MB
 ef599477fae0 Downloading 5.243MB
 f26b99e1adb1 Downloading 42.99MB
 f26b99e1adb1 Downloading 42.99MB
 d34d61487075 Downloading 40.89MB
 ef599477fae0 Downloading 5.243MB
 d34d61487075 Downloading 40.89MB
 ef599477fae0 Downloading 5.243MB
 f26b99e1adb1 Downloading 42.99MB
 ef599477fae0 Downloading 5.243MB
 f26b99e1adb1 Downloading 42.99MB
 d34d61487075 Downloading 40.89MB
 f26b99e1adb1 Downloading 42.99MB
 d34d61487075 Downloading 40.89MB
 ef599477fae0 Downloading 5.243MB
 f26b99e1adb1 Downloading 42.99MB
 d34d61487075 Downloading 40.89MB
 ef599477fae0 Downloading 5.243MB
 f26b99e1adb1 Downloading 42.99MB
 d34d61487075 Downloading 40.89MB
 ef599477fae0 Downloading 6.291MB
 d34d61487075 Downloading 40.89MB
 ef599477fae0 Downloading 6.291MB
 f26b99e1adb1 Downloading 42.99MB
 ef599477fae0 Downloading 6.291MB
 f26b99e1adb1 Downloading 42.99MB
 d34d61487075 Downloading 40.89MB
 f26b99e1adb1 Downloading 42.99MB
 d34d61487075 Downloading 41.94MB
 ef599477fae0 Downloading 6.291MB
 f26b99e1adb1 Downloading 44.04MB
 d34d61487075 Downloading 41.94MB
 ef599477fae0 Downloading 6.291MB
 f26b99e1adb1 Downloading 44.04MB
 d34d61487075 Downloading 41.94MB
 ef599477fae0 Downloading 6.291MB
 f26b99e1adb1 Downloading 44.04MB
 d34d61487075 Downloading 41.94MB
 ef599477fae0 Downloading 6.291MB
 f26b99e1adb1 Downloading 44.04MB
 d34d61487075 Downloading 41.94MB
 ef599477fae0 Downloading 6.291MB
 f26b99e1adb1 Downloading 44.04MB
 d34d61487075 Downloading 41.94MB
 ef599477fae0 Downloading 6.291MB
 ef599477fae0 Downloading 6.291MB
 f26b99e1adb1 Downloading 44.04MB
 d34d61487075 Downloading 41.94MB
 f26b99e1adb1 Downloading 44.04MB
 d34d61487075 Downloading 42.99MB
 ef599477fae0 Downloading 6.291MB
 f26b99e1adb1 Downloading 44.04MB
 d34d61487075 Downloading 42.99MB
 ef599477fae0 Downloading 6.291MB
 f26b99e1adb1 Downloading 44.04MB
 d34d61487075 Downloading 42.99MB
 ef599477fae0 Downloading 7.34MB
 f26b99e1adb1 Downloading 44.04MB
 d34d61487075 Downloading 42.99MB
 ef599477fae0 Downloading 7.34MB
 d34d61487075 Downloading 42.99MB
 ef599477fae0 Downloading 7.34MB
 f26b99e1adb1 Downloading 45.09MB
 f26b99e1adb1 Downloading 45.09MB
 d34d61487075 Downloading 42.99MB
 ef599477fae0 Downloading 7.34MB
 f26b99e1adb1 Downloading 45.09MB
 d34d61487075 Downloading 44.04MB
 ef599477fae0 Downloading 7.34MB
 f26b99e1adb1 Downloading 45.09MB
 d34d61487075 Downloading 44.04MB
 ef599477fae0 Downloading 7.34MB
 f26b99e1adb1 Downloading 45.09MB
 d34d61487075 Downloading 44.04MB
 ef599477fae0 Downloading 7.34MB
 ef599477fae0 Downloading 7.34MB
 f26b99e1adb1 Downloading 45.09MB
 d34d61487075 Downloading 44.04MB
 f26b99e1adb1 Downloading 45.09MB
 d34d61487075 Downloading 44.04MB
 ef599477fae0 Downloading 7.34MB
 f26b99e1adb1 Downloading 45.09MB
 d34d61487075 Downloading 44.04MB
 ef599477fae0 Downloading 7.34MB
 ef599477fae0 Downloading 7.34MB
 f26b99e1adb1 Downloading 45.09MB
 d34d61487075 Downloading 44.04MB
 f26b99e1adb1 Downloading 45.09MB
 d34d61487075 Downloading 44.04MB
 ef599477fae0 Downloading 8.389MB
 f26b99e1adb1 Downloading 45.09MB
 d34d61487075 Downloading 45.09MB
 ef599477fae0 Downloading 8.389MB
 f26b99e1adb1 Downloading 45.09MB
 d34d61487075 Downloading 45.09MB
 ef599477fae0 Downloading 8.389MB
 f26b99e1adb1 Downloading 46.14MB
 d34d61487075 Downloading 45.09MB
 ef599477fae0 Downloading 8.389MB
 f26b99e1adb1 Downloading 46.14MB
 d34d61487075 Downloading 45.09MB
 ef599477fae0 Downloading 8.389MB
 f26b99e1adb1 Downloading 46.14MB
 d34d61487075 Downloading 45.09MB
 ef599477fae0 Downloading 8.389MB
 f26b99e1adb1 Downloading 46.14MB
 d34d61487075 Downloading 45.09MB
 ef599477fae0 Downloading 8.389MB
 ef599477fae0 Downloading 8.389MB
 f26b99e1adb1 Downloading 46.14MB
 d34d61487075 Downloading 45.09MB
 f26b99e1adb1 Downloading 46.14MB
 d34d61487075 Downloading 45.09MB
 ef599477fae0 Downloading 8.389MB
 f26b99e1adb1 Downloading 46.14MB
 d34d61487075 Downloading 46.14MB
 ef599477fae0 Downloading 8.389MB
 f26b99e1adb1 Downloading 46.14MB
 d34d61487075 Downloading 46.14MB
 ef599477fae0 Downloading 9.437MB
 f26b99e1adb1 Downloading 46.14MB
 d34d61487075 Downloading 46.14MB
 ef599477fae0 Downloading 9.437MB
 f26b99e1adb1 Downloading 46.14MB
 d34d61487075 Downloading 46.14MB
 ef599477fae0 Downloading 9.437MB
 d34d61487075 Downloading 46.14MB
 ef599477fae0 Downloading 9.437MB
 f26b99e1adb1 Downloading 46.14MB
 f26b99e1adb1 Downloading 46.14MB
 d34d61487075 Downloading 46.14MB
 ef599477fae0 Downloading 9.437MB
 f26b99e1adb1 Downloading 47.19MB
 d34d61487075 Downloading 46.14MB
 ef599477fae0 Downloading 9.437MB
 f26b99e1adb1 Downloading 47.19MB
 d34d61487075 Downloading 46.14MB
 ef599477fae0 Downloading 9.437MB
 f26b99e1adb1 Downloading 47.19MB
 d34d61487075 Downloading 46.14MB
 ef599477fae0 Downloading 9.437MB
 d34d61487075 Downloading 47.19MB
 ef599477fae0 Downloading 9.437MB
 f26b99e1adb1 Downloading 47.19MB
 f26b99e1adb1 Downloading 47.19MB
 d34d61487075 Downloading 47.19MB
 ef599477fae0 Downloading 10.49MB
 f26b99e1adb1 Downloading 47.19MB
 d34d61487075 Downloading 47.19MB
 ef599477fae0 Downloading 10.49MB
 f26b99e1adb1 Downloading 47.19MB
 d34d61487075 Downloading 47.19MB
 ef599477fae0 Downloading 10.49MB
 ef599477fae0 Downloading 10.49MB
 f26b99e1adb1 Downloading 47.19MB
 d34d61487075 Downloading 47.19MB
 f26b99e1adb1 Downloading 47.19MB
 d34d61487075 Downloading 47.19MB
 f26b99e1adb1 Downloading 47.19MB
 d34d61487075 Downloading 47.19MB
 ef599477fae0 Download complete 0B
 ef599477fae0 Extracting 1B
 f26b99e1adb1 Downloading 47.19MB
 d34d61487075 Downloading 47.19MB
 ef599477fae0 Extracting 1B
 f26b99e1adb1 Downloading 47.19MB
 d34d61487075 Downloading 47.19MB
 ef599477fae0 Extracting 1B
 f26b99e1adb1 Downloading 47.19MB
 d34d61487075 Downloading 47.19MB
 ef599477fae0 Extracting 1B
 c944b4612eac Download complete 0B
 f26b99e1adb1 Downloading 47.19MB
 d34d61487075 Downloading 48.23MB
 ef599477fae0 Extracting 1B
 f26b99e1adb1 Downloading 47.19MB
 d34d61487075 Downloading 48.23MB
 ef599477fae0 Extracting 1B
 f26b99e1adb1 Downloading 48.23MB
 d34d61487075 Downloading 48.23MB
 ef599477fae0 Extracting 1B
 f26b99e1adb1 Downloading 48.23MB
 d34d61487075 Downloading 48.23MB
 ef599477fae0 Extracting 1B
 f26b99e1adb1 Downloading 48.23MB
 d34d61487075 Downloading 48.23MB
 ef599477fae0 Extracting 1B
 f26b99e1adb1 Downloading 48.23MB
 d34d61487075 Downloading 48.23MB
 ef599477fae0 Pull complete 0B
 f26b99e1adb1 Downloading 48.23MB
 d34d61487075 Downloading 48.23MB
 f26b99e1adb1 Downloading 48.23MB
 d34d61487075 Downloading 48.23MB
 d34d61487075 Downloading 48.23MB
 f26b99e1adb1 Downloading 48.23MB
 f26b99e1adb1 Downloading 48.23MB
 d34d61487075 Downloading 48.23MB
 f26b99e1adb1 Downloading 48.23MB
 d34d61487075 Downloading 49.28MB
 f26b99e1adb1 Downloading 48.23MB
 d34d61487075 Downloading 49.28MB
 f26b99e1adb1 Downloading 49.28MB
 d34d61487075 Downloading 49.28MB
 d34d61487075 Downloading 49.28MB
 f26b99e1adb1 Downloading 49.28MB
 f26b99e1adb1 Downloading 49.28MB
 d34d61487075 Downloading 49.28MB
 4530c6472b5d Downloading 1.049MB
 f26b99e1adb1 Downloading 49.28MB
 d34d61487075 Downloading 49.28MB
 4530c6472b5d Downloading 1.049MB
 d34d61487075 Download complete 0B
 4530c6472b5d Downloading 1.049MB
 f26b99e1adb1 Downloading 49.28MB
 f26b99e1adb1 Downloading 49.28MB
 4530c6472b5d Downloading 1.049MB
 f26b99e1adb1 Downloading 49.28MB
 4530c6472b5d Downloading 1.049MB
 f26b99e1adb1 Downloading 49.28MB
 4530c6472b5d Downloading 1.049MB
 f26b99e1adb1 Downloading 49.28MB
 4530c6472b5d Downloading 1.049MB
 f26b99e1adb1 Downloading 50.33MB
 4530c6472b5d Downloading 2.097MB
 f26b99e1adb1 Downloading 50.33MB
 4530c6472b5d Downloading 2.097MB
 f26b99e1adb1 Downloading 50.33MB
 4530c6472b5d Downloading 2.097MB
 f26b99e1adb1 Downloading 50.33MB
 4530c6472b5d Downloading 2.097MB
 f26b99e1adb1 Downloading 50.33MB
 4530c6472b5d Downloading 2.097MB
 f26b99e1adb1 Downloading 50.33MB
 4530c6472b5d Downloading 2.097MB
 f26b99e1adb1 Downloading 50.33MB
 4530c6472b5d Downloading 3.146MB
 4530c6472b5d Downloading 3.146MB
 f26b99e1adb1 Downloading 50.33MB
 4530c6472b5d Downloading 3.146MB
 f26b99e1adb1 Downloading 51.38MB
 f26b99e1adb1 Downloading 51.38MB
 4530c6472b5d Downloading 3.146MB
 f26b99e1adb1 Downloading 51.38MB
 4530c6472b5d Downloading 4.194MB
 f26b99e1adb1 Downloading 51.38MB
 4530c6472b5d Download complete 0B
 4530c6472b5d Extracting 1B
 f26b99e1adb1 Downloading 51.38MB
 4530c6472b5d Extracting 1B
 f26b99e1adb1 Downloading 51.38MB
 4530c6472b5d Extracting 1B
 f26b99e1adb1 Downloading 52.43MB
 d34d61487075 Extracting 1B
 4530c6472b5d Pull complete 0B
 f26b99e1adb1 Downloading 52.43MB
 d34d61487075 Extracting 1B
 f26b99e1adb1 Downloading 52.43MB
 d34d61487075 Extracting 1B
 f26b99e1adb1 Downloading 53.48MB
 d34d61487075 Extracting 1B
 f26b99e1adb1 Downloading 53.48MB
 d34d61487075 Extracting 1B
 f26b99e1adb1 Downloading 53.48MB
 d34d61487075 Extracting 1B
 f26b99e1adb1 Downloading 54.53MB
 d34d61487075 Extracting 1B
 f26b99e1adb1 Downloading 54.53MB
 d34d61487075 Extracting 1B
 f26b99e1adb1 Downloading 54.53MB
 d34d61487075 Extracting 1B
 f26b99e1adb1 Downloading 55.57MB
 d34d61487075 Extracting 1B
 f26b99e1adb1 Downloading 55.57MB
 d34d61487075 Extracting 2B
 f26b99e1adb1 Downloading 55.57MB
 d34d61487075 Extracting 2B
 f26b99e1adb1 Downloading 56.62MB
 d34d61487075 Extracting 2B
 f26b99e1adb1 Downloading 56.62MB
 d34d61487075 Extracting 2B
 f26b99e1adb1 Downloading 56.62MB
 d34d61487075 Extracting 2B
 f26b99e1adb1 Downloading 57.67MB
 d34d61487075 Extracting 2B
 f26b99e1adb1 Downloading 57.67MB
 d34d61487075 Extracting 2B
 f26b99e1adb1 Downloading 57.67MB
 d34d61487075 Extracting 2B
 f26b99e1adb1 Downloading 58.72MB
 d34d61487075 Extracting 2B
 f26b99e1adb1 Downloading 58.72MB
 d34d61487075 Extracting 2B
 f26b99e1adb1 Downloading 58.72MB
 d34d61487075 Extracting 3B
 f26b99e1adb1 Downloading 59.77MB
 d34d61487075 Extracting 3B
 f26b99e1adb1 Downloading 59.77MB
 d34d61487075 Extracting 3B
 f26b99e1adb1 Downloading 59.77MB
 d34d61487075 Extracting 3B
 f26b99e1adb1 Downloading 59.77MB
 d34d61487075 Extracting 3B
 f26b99e1adb1 Downloading 60.82MB
 d34d61487075 Extracting 3B
 f26b99e1adb1 Downloading 60.82MB
 d34d61487075 Extracting 3B
 f26b99e1adb1 Downloading 60.82MB
 d34d61487075 Extracting 3B
 f26b99e1adb1 Downloading 60.82MB
 d34d61487075 Extracting 3B
 f26b99e1adb1 Downloading 61.87MB
 d34d61487075 Extracting 3B
 f26b99e1adb1 Downloading 61.87MB
 d34d61487075 Extracting 4B
 f26b99e1adb1 Downloading 61.87MB
 d34d61487075 Extracting 4B
 f26b99e1adb1 Downloading 61.87MB
 d34d61487075 Extracting 4B
 f26b99e1adb1 Downloading 61.87MB
 d34d61487075 Extracting 4B
 f26b99e1adb1 Downloading 62.91MB
 d34d61487075 Extracting 4B
 f26b99e1adb1 Downloading 62.91MB
 d34d61487075 Extracting 4B
 f26b99e1adb1 Downloading 62.91MB
 d34d61487075 Extracting 4B
 f26b99e1adb1 Downloading 63.96MB
 d34d61487075 Extracting 4B
 f26b99e1adb1 Downloading 63.96MB
 d34d61487075 Extracting 4B
 f26b99e1adb1 Downloading 65.01MB
 d34d61487075 Extracting 4B
 f26b99e1adb1 Downloading 65.01MB
 d34d61487075 Extracting 4B
 f26b99e1adb1 Downloading 65.01MB
 d34d61487075 Extracting 5B
 f26b99e1adb1 Downloading 66.06MB
 d34d61487075 Extracting 5B
 f26b99e1adb1 Downloading 66.06MB
 d34d61487075 Extracting 5B
 f26b99e1adb1 Downloading 66.06MB
 d34d61487075 Extracting 5B
 f26b99e1adb1 Downloading 66.06MB
 d34d61487075 Extracting 5B
 f26b99e1adb1 Downloading 67.11MB
 d34d61487075 Extracting 5B
 f26b99e1adb1 Downloading 67.11MB
 d34d61487075 Extracting 5B
 f26b99e1adb1 Downloading 67.11MB
 d34d61487075 Extracting 5B
 f26b99e1adb1 Downloading 68.16MB
 d34d61487075 Pull complete 0B
 f26b99e1adb1 Downloading 68.16MB
 272f46008219 Extracting 1B
 f26b99e1adb1 Downloading 68.16MB
 272f46008219 Extracting 1B
 f26b99e1adb1 Downloading 69.21MB
 272f46008219 Extracting 1B
 f26b99e1adb1 Downloading 69.21MB
 272f46008219 Extracting 1B
 f26b99e1adb1 Downloading 69.21MB
 272f46008219 Extracting 1B
 f26b99e1adb1 Downloading 70.25MB
 272f46008219 Pull complete 0B
 12ff6ccfe7a6 Pull complete 0B
 f26b99e1adb1 Downloading 70.25MB
 f26b99e1adb1 Downloading 70.25MB
 f26b99e1adb1 Downloading 71.3MB
 f26b99e1adb1 Downloading 71.3MB
 f26b99e1adb1 Downloading 71.3MB
 f26b99e1adb1 Downloading 72.35MB
 f26b99e1adb1 Downloading 72.35MB
 f26b99e1adb1 Downloading 72.35MB
 f26b99e1adb1 Downloading 73.4MB
 f26b99e1adb1 Downloading 73.4MB
 f26b99e1adb1 Downloading 73.4MB
 f26b99e1adb1 Downloading 74.45MB
 f26b99e1adb1 Downloading 74.45MB
 f26b99e1adb1 Downloading 74.45MB
 f26b99e1adb1 Downloading 74.45MB
 f26b99e1adb1 Downloading 74.45MB
 f26b99e1adb1 Downloading 75.5MB
 f26b99e1adb1 Downloading 75.5MB
 f26b99e1adb1 Downloading 75.5MB
 f26b99e1adb1 Downloading 76.55MB
 f26b99e1adb1 Downloading 76.55MB
 f26b99e1adb1 Downloading 76.55MB
 f26b99e1adb1 Downloading 76.55MB
 f26b99e1adb1 Downloading 77.59MB
 f26b99e1adb1 Downloading 77.59MB
 f26b99e1adb1 Downloading 77.59MB
 f26b99e1adb1 Downloading 78.64MB
 f26b99e1adb1 Downloading 78.64MB
 f26b99e1adb1 Downloading 79.69MB
 f26b99e1adb1 Downloading 79.69MB
 f26b99e1adb1 Downloading 79.69MB
 f26b99e1adb1 Downloading 80.74MB
 f26b99e1adb1 Downloading 80.74MB
 f26b99e1adb1 Downloading 80.74MB
 f26b99e1adb1 Downloading 81.79MB
 f26b99e1adb1 Downloading 81.79MB
 f26b99e1adb1 Downloading 81.79MB
 f26b99e1adb1 Downloading 82.84MB
 f26b99e1adb1 Downloading 82.84MB
 f26b99e1adb1 Downloading 82.84MB
 f26b99e1adb1 Downloading 83.89MB
 f26b99e1adb1 Downloading 83.89MB
 f26b99e1adb1 Downloading 83.89MB
 f26b99e1adb1 Downloading 84.93MB
 f26b99e1adb1 Downloading 84.93MB
 f26b99e1adb1 Downloading 84.93MB
 f26b99e1adb1 Downloading 84.93MB
 f26b99e1adb1 Downloading 85.98MB
 f26b99e1adb1 Downloading 85.98MB
 f26b99e1adb1 Downloading 87.03MB
 f26b99e1adb1 Downloading 87.03MB
 f26b99e1adb1 Downloading 87.03MB
 f26b99e1adb1 Downloading 88.08MB
 f26b99e1adb1 Downloading 88.08MB
 f26b99e1adb1 Downloading 88.08MB
 f26b99e1adb1 Downloading 89.13MB
 f26b99e1adb1 Downloading 89.13MB
 f26b99e1adb1 Downloading 89.13MB
 f26b99e1adb1 Downloading 90.18MB
 f26b99e1adb1 Downloading 90.18MB
 f26b99e1adb1 Downloading 90.18MB
 f26b99e1adb1 Downloading 91.23MB
 f26b99e1adb1 Downloading 91.23MB
 f26b99e1adb1 Downloading 91.23MB
 f26b99e1adb1 Downloading 92.27MB
 f26b99e1adb1 Downloading 92.27MB
 f26b99e1adb1 Downloading 92.27MB
 f26b99e1adb1 Downloading 93.32MB
 f26b99e1adb1 Downloading 93.32MB
 f26b99e1adb1 Downloading 93.32MB
 f26b99e1adb1 Downloading 93.32MB
 f26b99e1adb1 Downloading 94.37MB
 f26b99e1adb1 Downloading 94.37MB
 f26b99e1adb1 Downloading 95.42MB
 f26b99e1adb1 Downloading 95.42MB
 f26b99e1adb1 Downloading 95.42MB
 f26b99e1adb1 Downloading 96.47MB
 f26b99e1adb1 Downloading 96.47MB
 f26b99e1adb1 Downloading 96.47MB
 f26b99e1adb1 Downloading 96.47MB
 f26b99e1adb1 Downloading 96.47MB
 f26b99e1adb1 Downloading 96.47MB
 f26b99e1adb1 Downloading 97.52MB
 f26b99e1adb1 Downloading 97.52MB
 f26b99e1adb1 Downloading 97.52MB
 f26b99e1adb1 Downloading 97.52MB
 f26b99e1adb1 Downloading 97.52MB
 f26b99e1adb1 Downloading 98.57MB
 f26b99e1adb1 Downloading 98.57MB
 f26b99e1adb1 Downloading 98.57MB
 f26b99e1adb1 Downloading 98.57MB
 f26b99e1adb1 Downloading 98.57MB
 f26b99e1adb1 Downloading 98.57MB
 f26b99e1adb1 Downloading 98.57MB
 f26b99e1adb1 Downloading 99.61MB
 f26b99e1adb1 Downloading 99.61MB
 f26b99e1adb1 Downloading 99.61MB
 f26b99e1adb1 Downloading 99.61MB
 f26b99e1adb1 Downloading 99.61MB
 f26b99e1adb1 Downloading 99.61MB
 f26b99e1adb1 Downloading 100.7MB
 f26b99e1adb1 Downloading 100.7MB
 f26b99e1adb1 Downloading 100.7MB
 f26b99e1adb1 Downloading 100.7MB
 f26b99e1adb1 Downloading 100.7MB
 f26b99e1adb1 Downloading 101.7MB
 f26b99e1adb1 Downloading 101.7MB
 f26b99e1adb1 Downloading 101.7MB
 f26b99e1adb1 Downloading 101.7MB
 f26b99e1adb1 Downloading 101.7MB
 f26b99e1adb1 Downloading 102.8MB
 f26b99e1adb1 Downloading 102.8MB
 f26b99e1adb1 Downloading 102.8MB
 f26b99e1adb1 Downloading 102.8MB
 f26b99e1adb1 Downloading 103.8MB
 f26b99e1adb1 Downloading 104.2MB
 f26b99e1adb1 Download complete 0B
 f26b99e1adb1 Extracting 1B
 f26b99e1adb1 Extracting 1B
 f26b99e1adb1 Extracting 1B
 f26b99e1adb1 Extracting 1B
 f26b99e1adb1 Extracting 1B
 f26b99e1adb1 Extracting 1B
 f26b99e1adb1 Extracting 1B
 f26b99e1adb1 Extracting 1B
 f26b99e1adb1 Extracting 1B
 f26b99e1adb1 Extracting 1B
 f26b99e1adb1 Extracting 1B
 f26b99e1adb1 Extracting 2B
 f26b99e1adb1 Extracting 2B
 f26b99e1adb1 Extracting 2B
 f26b99e1adb1 Extracting 2B
 f26b99e1adb1 Extracting 2B
 f26b99e1adb1 Extracting 2B
 f26b99e1adb1 Extracting 2B
 f26b99e1adb1 Extracting 2B
 f26b99e1adb1 Extracting 2B
 f26b99e1adb1 Extracting 2B
 f26b99e1adb1 Extracting 3B
 f26b99e1adb1 Extracting 3B
 f26b99e1adb1 Extracting 3B
 f26b99e1adb1 Extracting 3B
 f26b99e1adb1 Extracting 3B
 f26b99e1adb1 Extracting 3B
 f26b99e1adb1 Extracting 3B
 f26b99e1adb1 Extracting 3B
 7a1b276fce42 Extracting 1B
 f26b99e1adb1 Pull complete 0B
 7a1b276fce42 Extracting 1B
 7a1b276fce42 Pull complete 0B
 c944b4612eac Pull complete 0B
 293fc5ed12f1 Pull complete 0B
 555a865b2eb3 Pull complete 0B
 86d6abac5e19 Extracting 1B
 86d6abac5e19 Extracting 1B
 86d6abac5e19 Extracting 1B
 86d6abac5e19 Extracting 1B
 86d6abac5e19 Extracting 1B
 86d6abac5e19 Extracting 1B
 86d6abac5e19 Pull complete 0B
 Image vulhub/struts2:2.3.30 Pulled 
 Network s2-045_default Creating 
 Network s2-045_default Created 
 Container s2-045-struts2-1 Creating 
 Container s2-045-struts2-1 Created 
 Container s2-045-struts2-1 Starting 
 Container s2-045-struts2-1 Started 
