 Image vulhub/flask:1.1.1 Pulling 
 20a91e71c5f1 Pulling fs layer 0B
 bed4ecf88e6a Pulling fs layer 0B
 16fffdb8dec4 Pulling fs layer 0B
 ac097723595b Pulling fs layer 0B
 c7b7d16361e0 Pulling fs layer 0B
 1128949d0793 Pulling fs layer 0B
 667692510b70 Pulling fs layer 0B
 94d1c1cbf347 Pulling fs layer 0B
 b7a128769df1 Pulling fs layer 0B
 e7028784d190 Pulling fs layer 0B
 b7a128769df1 Downloading 1.049MB
 b7a128769df1 Downloading 1.049MB
 b7a128769df1 Downloading 1.049MB
 b7a128769df1 Downloading 1.049MB
 b7a128769df1 Downloading 1.049MB
 b7a128769df1 Downloading 2.097MB
 b7a128769df1 Downloading 2.097MB
 b7a128769df1 Downloading 2.097MB
 b7a128769df1 Downloading 2.097MB
 b7a128769df1 Downloading 2.097MB
 b7a128769df1 Downloading 3.146MB
 c7b7d16361e0 Downloading 1.049MB
 b7a128769df1 Downloading 3.146MB
 c7b7d16361e0 Downloading 1.049MB
 b7a128769df1 Downloading 3.146MB
 c7b7d16361e0 Downloading 1.049MB
 b7a128769df1 Downloading 3.146MB
 c7b7d16361e0 Downloading 1.049MB
 b7a128769df1 Downloading 3.146MB
 c7b7d16361e0 Downloading 1.049MB
 b7a128769df1 Downloading 3.146MB
 c7b7d16361e0 Downloading 1.049MB
 b7a128769df1 Downloading 3.146MB
 c7b7d16361e0 Downloading 1.049MB
 b7a128769df1 Downloading 3.146MB
 20a91e71c5f1 Downloading 1.049MB
 c7b7d16361e0 Downloading 1.049MB
 b7a128769df1 Downloading 4.194MB
 20a91e71c5f1 Downloading 1.049MB
 c7b7d16361e0 Downloading 1.049MB
 b7a128769df1 Downloading 4.194MB
 20a91e71c5f1 Downloading 1.049MB
 20a91e71c5f1 Downloading 1.049MB
 c7b7d16361e0 Downloading 1.049MB
 b7a128769df1 Downloading 4.194MB
 20a91e71c5f1 Downloading 1.049MB
 c7b7d16361e0 Downloading 1.049MB
 b7a128769df1 Downloading 4.194MB
 20a91e71c5f1 Downloading 1.049MB
 c7b7d16361e0 Downloading 1.049MB
 b7a128769df1 Downloading 4.194MB
 20a91e71c5f1 Downloading 1.049MB
 c7b7d16361e0 Downloading 1.049MB
 b7a128769df1 Downloading 4.194MB
 c7b7d16361e0 Downloading 2.097MB
 b7a128769df1 Downloading 4.194MB
 20a91e71c5f1 Downloading 2.097MB
 c7b7d16361e0 Downloading 2.097MB
 b7a128769df1 Downloading 4.194MB
 20a91e71c5f1 Downloading 2.097MB
 c7b7d16361e0 Downloading 2.097MB
 b7a128769df1 Downloading 4.194MB
 20a91e71c5f1 Downloading 2.097MB
 20a91e71c5f1 Downloading 2.097MB
 c7b7d16361e0 Downloading 2.097MB
 b7a128769df1 Downloading 4.194MB
 b7a128769df1 Downloading 5.243MB
 20a91e71c5f1 Downloading 2.097MB
 c7b7d16361e0 Downloading 2.097MB
 20a91e71c5f1 Downloading 2.097MB
 c7b7d16361e0 Downloading 2.097MB
 b7a128769df1 Downloading 5.243MB
 c7b7d16361e0 Downloading 2.097MB
 b7a128769df1 Downloading 5.243MB
 20a91e71c5f1 Downloading 2.097MB
 20a91e71c5f1 Downloading 3.146MB
 c7b7d16361e0 Downloading 2.097MB
 b7a128769df1 Downloading 5.243MB
 c7b7d16361e0 Downloading 2.097MB
 b7a128769df1 Downloading 5.243MB
 20a91e71c5f1 Downloading 3.146MB
 c7b7d16361e0 Downloading 2.097MB
 b7a128769df1 Downloading 5.243MB
 20a91e71c5f1 Downloading 3.146MB
 c7b7d16361e0 Downloading 2.097MB
 b7a128769df1 Downloading 5.243MB
 20a91e71c5f1 Downloading 3.146MB
 c7b7d16361e0 Downloading 2.097MB
 b7a128769df1 Downloading 5.243MB
 20a91e71c5f1 Downloading 3.146MB
 c7b7d16361e0 Downloading 2.097MB
 b7a128769df1 Downloading 5.243MB
 20a91e71c5f1 Downloading 4.164MB
 c7b7d16361e0 Downloading 3.146MB
 b7a128769df1 Downloading 5.243MB
 20a91e71c5f1 Download complete 0B
 c7b7d16361e0 Downloading 3.146MB
 b7a128769df1 Downloading 5.243MB
 c7b7d16361e0 Downloading 3.146MB
 b7a128769df1 Downloading 6.291MB
 c7b7d16361e0 Downloading 3.146MB
 b7a128769df1 Downloading 6.291MB
 c7b7d16361e0 Downloading 3.146MB
 b7a128769df1 Downloading 6.291MB
 c7b7d16361e0 Downloading 3.146MB
 b7a128769df1 Downloading 6.291MB
 c7b7d16361e0 Downloading 3.146MB
 b7a128769df1 Downloading 6.291MB
 c7b7d16361e0 Downloading 3.146MB
 b7a128769df1 Downloading 6.291MB
 c7b7d16361e0 Downloading 3.146MB
 b7a128769df1 Downloading 6.291MB
 c7b7d16361e0 Downloading 4.194MB
 b7a128769df1 Downloading 6.291MB
 c7b7d16361e0 Downloading 4.194MB
 b7a128769df1 Downloading 7.34MB
 bed4ecf88e6a Downloading 1.049MB
 c7b7d16361e0 Downloading 4.194MB
 b7a128769df1 Downloading 7.34MB
 bed4ecf88e6a Downloading 1.049MB
 c7b7d16361e0 Downloading 4.194MB
 b7a128769df1 Downloading 7.34MB
 c7b7d16361e0 Downloading 4.194MB
 b7a128769df1 Downloading 7.34MB
 bed4ecf88e6a Downloading 1.049MB
 bed4ecf88e6a Downloading 1.049MB
 c7b7d16361e0 Downloading 4.194MB
 b7a128769df1 Download complete 0B
 bed4ecf88e6a Downloading 1.049MB
 c7b7d16361e0 Downloading 4.194MB
 bed4ecf88e6a Downloading 1.049MB
 c7b7d16361e0 Downloading 4.194MB
 bed4ecf88e6a Downloading 2.097MB
 c7b7d16361e0 Downloading 4.194MB
 c7b7d16361e0 Downloading 5.243MB
 bed4ecf88e6a Downloading 2.097MB
 bed4ecf88e6a Downloading 2.097MB
 c7b7d16361e0 Downloading 5.243MB
 c7b7d16361e0 Downloading 5.243MB
 bed4ecf88e6a Downloading 2.097MB
 bed4ecf88e6a Downloading 2.097MB
 c7b7d16361e0 Downloading 5.243MB
 c7b7d16361e0 Downloading 5.243MB
 bed4ecf88e6a Downloading 2.097MB
 c7b7d16361e0 Downloading 5.243MB
 bed4ecf88e6a Downloading 2.097MB
 bed4ecf88e6a Downloading 3.146MB
 c7b7d16361e0 Downloading 5.243MB
 bed4ecf88e6a Downloading 3.146MB
 c7b7d16361e0 Downloading 5.243MB
 bed4ecf88e6a Downloading 3.146MB
 c7b7d16361e0 Downloading 5.243MB
 bed4ecf88e6a Downloading 3.146MB
 c7b7d16361e0 Downloading 6.291MB
 bed4ecf88e6a Downloading 3.146MB
 c7b7d16361e0 Downloading 6.291MB
 667692510b70 Downloading 1.049MB
 c7b7d16361e0 Downloading 6.291MB
 667692510b70 Downloading 1.049MB
 bed4ecf88e6a Downloading 3.146MB
 c7b7d16361e0 Downloading 6.291MB
 667692510b70 Downloading 1.049MB
 bed4ecf88e6a Downloading 3.146MB
 c7b7d16361e0 Downloading 6.291MB
 667692510b70 Downloading 1.049MB
 bed4ecf88e6a Downloading 3.146MB
 667692510b70 Downloading 1.049MB
 bed4ecf88e6a Downloading 4.194MB
 c7b7d16361e0 Downloading 6.291MB
 c7b7d16361e0 Downloading 6.291MB
 667692510b70 Downloading 1.049MB
 bed4ecf88e6a Downloading 4.194MB
 667692510b70 Downloading 1.049MB
 bed4ecf88e6a Downloading 4.194MB
 c7b7d16361e0 Downloading 6.291MB
 bed4ecf88e6a Downloading 4.194MB
 c7b7d16361e0 Downloading 6.291MB
 667692510b70 Downloading 1.049MB
 bed4ecf88e6a Downloading 4.194MB
 c7b7d16361e0 Downloading 7.34MB
 667692510b70 Downloading 1.049MB
 c7b7d16361e0 Downloading 7.34MB
 667692510b70 Downloading 1.049MB
 bed4ecf88e6a Downloading 4.194MB
 667692510b70 Downloading 2.097MB
 bed4ecf88e6a Downloading 4.194MB
 c7b7d16361e0 Downloading 7.34MB
 c7b7d16361e0 Downloading 7.34MB
 667692510b70 Downloading 2.097MB
 bed4ecf88e6a Downloading 4.194MB
 c7b7d16361e0 Downloading 7.34MB
 667692510b70 Downloading 2.097MB
 bed4ecf88e6a Downloading 5.243MB
 c7b7d16361e0 Downloading 7.34MB
 667692510b70 Downloading 2.097MB
 bed4ecf88e6a Downloading 5.243MB
 c7b7d16361e0 Downloading 7.34MB
 667692510b70 Downloading 2.097MB
 bed4ecf88e6a Downloading 5.243MB
 c7b7d16361e0 Downloading 7.34MB
 667692510b70 Downloading 2.097MB
 bed4ecf88e6a Downloading 5.243MB
 c7b7d16361e0 Downloading 7.34MB
 667692510b70 Downloading 2.097MB
 bed4ecf88e6a Downloading 5.243MB
 c7b7d16361e0 Downloading 8.389MB
 667692510b70 Downloading 2.097MB
 bed4ecf88e6a Downloading 5.243MB
 c7b7d16361e0 Downloading 8.389MB
 667692510b70 Downloading 2.097MB
 bed4ecf88e6a Downloading 5.243MB
 667692510b70 Downloading 3.146MB
 bed4ecf88e6a Downloading 5.243MB
 c7b7d16361e0 Downloading 8.389MB
 bed4ecf88e6a Downloading 5.243MB
 c7b7d16361e0 Downloading 8.389MB
 667692510b70 Downloading 3.146MB
 c7b7d16361e0 Downloading 8.389MB
 667692510b70 Downloading 3.146MB
 bed4ecf88e6a Downloading 6.291MB
 c7b7d16361e0 Downloading 8.389MB
 667692510b70 Downloading 3.146MB
 bed4ecf88e6a Downloading 6.291MB
 667692510b70 Downloading 3.146MB
 bed4ecf88e6a Downloading 6.291MB
 c7b7d16361e0 Downloading 8.389MB
 c7b7d16361e0 Downloading 8.389MB
 667692510b70 Downloading 3.146MB
 bed4ecf88e6a Downloading 6.291MB
 c7b7d16361e0 Downloading 8.389MB
 667692510b70 Downloading 3.146MB
 bed4ecf88e6a Downloading 6.291MB
 c7b7d16361e0 Downloading 8.389MB
 667692510b70 Downloading 3.146MB
 bed4ecf88e6a Downloading 6.291MB
 c7b7d16361e0 Downloading 9.437MB
 667692510b70 Downloading 3.146MB
 bed4ecf88e6a Downloading 6.291MB
 bed4ecf88e6a Downloading 6.291MB
 c7b7d16361e0 Downloading 9.437MB
 667692510b70 Downloading 4.194MB
 bed4ecf88e6a Downloading 6.291MB
 c7b7d16361e0 Downloading 9.437MB
 667692510b70 Downloading 4.194MB
 c7b7d16361e0 Downloading 9.437MB
 667692510b70 Downloading 4.194MB
 bed4ecf88e6a Downloading 7.34MB
 bed4ecf88e6a Downloading 7.34MB
 c7b7d16361e0 Downloading 9.437MB
 667692510b70 Downloading 4.194MB
 c7b7d16361e0 Downloading 9.437MB
 667692510b70 Downloading 4.194MB
 bed4ecf88e6a Downloading 7.34MB
 c7b7d16361e0 Downloading 9.437MB
 667692510b70 Downloading 4.194MB
 bed4ecf88e6a Downloading 7.34MB
 c7b7d16361e0 Downloading 9.437MB
 667692510b70 Downloading 4.194MB
 bed4ecf88e6a Downloading 7.34MB
 667692510b70 Downloading 4.194MB
 bed4ecf88e6a Downloading 7.34MB
 c7b7d16361e0 Downloading 10.49MB
 c7b7d16361e0 Downloading 10.49MB
 667692510b70 Downloading 4.194MB
 bed4ecf88e6a Downloading 7.34MB
 c7b7d16361e0 Downloading 10.49MB
 667692510b70 Downloading 4.194MB
 bed4ecf88e6a Downloading 7.34MB
 c7b7d16361e0 Downloading 10.49MB
 667692510b70 Downloading 4.194MB
 bed4ecf88e6a Downloading 7.34MB
 c7b7d16361e0 Downloading 10.49MB
 667692510b70 Downloading 5.243MB
 bed4ecf88e6a Downloading 8.389MB
 bed4ecf88e6a Downloading 8.389MB
 c7b7d16361e0 Downloading 10.49MB
 667692510b70 Downloading 5.243MB
 c7b7d16361e0 Downloading 10.49MB
 667692510b70 Downloading 5.243MB
 bed4ecf88e6a Downloading 8.389MB
 bed4ecf88e6a Downloading 8.389MB
 c7b7d16361e0 Downloading 10.49MB
 667692510b70 Downloading 5.243MB
 bed4ecf88e6a Downloading 8.389MB
 c7b7d16361e0 Downloading 11.53MB
 667692510b70 Downloading 5.243MB
 c7b7d16361e0 Downloading 11.53MB
 667692510b70 Downloading 5.243MB
 bed4ecf88e6a Downloading 8.389MB
 c7b7d16361e0 Downloading 11.53MB
 667692510b70 Downloading 5.243MB
 bed4ecf88e6a Downloading 8.389MB
 c7b7d16361e0 Downloading 11.53MB
 667692510b70 Downloading 5.243MB
 bed4ecf88e6a Downloading 8.389MB
 bed4ecf88e6a Downloading 8.389MB
 c7b7d16361e0 Downloading 11.53MB
 667692510b70 Downloading 5.243MB
 c7b7d16361e0 Downloading 11.53MB
 667692510b70 Downloading 5.243MB
 bed4ecf88e6a Downloading 9.437MB
 c7b7d16361e0 Downloading 11.53MB
 667692510b70 Downloading 6.291MB
 bed4ecf88e6a Downloading 9.437MB
 c7b7d16361e0 Downloading 11.53MB
 667692510b70 Downloading 6.291MB
 bed4ecf88e6a Downloading 9.437MB
 667692510b70 Downloading 6.291MB
 bed4ecf88e6a Downloading 9.437MB
 c7b7d16361e0 Downloading 12.58MB
 bed4ecf88e6a Downloading 9.437MB
 c7b7d16361e0 Downloading 12.58MB
 667692510b70 Downloading 6.291MB
 bed4ecf88e6a Downloading 9.437MB
 c7b7d16361e0 Downloading 12.58MB
 667692510b70 Downloading 6.291MB
 c7b7d16361e0 Downloading 12.58MB
 667692510b70 Downloading 6.291MB
 bed4ecf88e6a Downloading 9.437MB
 c7b7d16361e0 Downloading 12.58MB
 667692510b70 Downloading 6.291MB
 bed4ecf88e6a Downloading 9.437MB
 c7b7d16361e0 Downloading 12.58MB
 667692510b70 Downloading 6.291MB
 bed4ecf88e6a Downloading 9.437MB
 c7b7d16361e0 Downloading 12.58MB
 667692510b70 Downloading 7.34MB
 bed4ecf88e6a Downloading 9.437MB
 bed4ecf88e6a Downloading 10.49MB
 c7b7d16361e0 Downloading 12.58MB
 667692510b70 Downloading 7.34MB
 c7b7d16361e0 Downloading 13.63MB
 667692510b70 Downloading 7.34MB
 bed4ecf88e6a Downloading 10.49MB
 c7b7d16361e0 Downloading 13.63MB
 667692510b70 Downloading 7.34MB
 bed4ecf88e6a Downloading 10.49MB
 c7b7d16361e0 Downloading 13.63MB
 667692510b70 Downloading 7.34MB
 bed4ecf88e6a Downloading 10.49MB
 c7b7d16361e0 Downloading 13.63MB
 667692510b70 Downloading 7.34MB
 bed4ecf88e6a Downloading 10.49MB
 c7b7d16361e0 Downloading 13.63MB
 667692510b70 Downloading 7.34MB
 bed4ecf88e6a Downloading 10.49MB
 667692510b70 Downloading 7.34MB
 bed4ecf88e6a Downloading 10.49MB
 c7b7d16361e0 Downloading 13.63MB
 bed4ecf88e6a Downloading 10.49MB
 c7b7d16361e0 Downloading 13.63MB
 667692510b70 Downloading 8.389MB
 667692510b70 Downloading 8.389MB
 bed4ecf88e6a Downloading 10.49MB
 c7b7d16361e0 Downloading 13.63MB
 bed4ecf88e6a Downloading 10.49MB
 c7b7d16361e0 Downloading 13.63MB
 667692510b70 Downloading 8.389MB
 c7b7d16361e0 Downloading 14.68MB
 667692510b70 Downloading 8.389MB
 bed4ecf88e6a Downloading 11.53MB
 c7b7d16361e0 Downloading 14.68MB
 667692510b70 Downloading 8.389MB
 bed4ecf88e6a Downloading 11.53MB
 bed4ecf88e6a Downloading 11.53MB
 c7b7d16361e0 Downloading 14.68MB
 667692510b70 Downloading 8.389MB
 c7b7d16361e0 Downloading 14.68MB
 667692510b70 Downloading 8.389MB
 bed4ecf88e6a Downloading 11.53MB
 bed4ecf88e6a Downloading 11.53MB
 c7b7d16361e0 Downloading 14.68MB
 667692510b70 Downloading 8.389MB
 c7b7d16361e0 Downloading 14.68MB
 667692510b70 Downloading 9.437MB
 bed4ecf88e6a Downloading 11.53MB
 c7b7d16361e0 Downloading 14.68MB
 667692510b70 Downloading 9.437MB
 bed4ecf88e6a Downloading 11.53MB
 c7b7d16361e0 Downloading 14.68MB
 667692510b70 Downloading 9.437MB
 bed4ecf88e6a Downloading 11.53MB
 667692510b70 Downloading 9.437MB
 bed4ecf88e6a Downloading 11.53MB
 c7b7d16361e0 Downloading 14.68MB
 bed4ecf88e6a Downloading 12.58MB
 c7b7d16361e0 Downloading 14.68MB
 667692510b70 Downloading 9.437MB
 667692510b70 Downloading 9.437MB
 bed4ecf88e6a Downloading 12.58MB
 c7b7d16361e0 Downloading 14.68MB
 c7b7d16361e0 Downloading 14.68MB
 667692510b70 Downloading 9.437MB
 bed4ecf88e6a Downloading 12.58MB
 c7b7d16361e0 Downloading 14.68MB
 667692510b70 Downloading 10.49MB
 bed4ecf88e6a Downloading 12.58MB
 c7b7d16361e0 Downloading 15.73MB
 667692510b70 Downloading 10.49MB
 bed4ecf88e6a Downloading 12.58MB
 c7b7d16361e0 Downloading 15.73MB
 667692510b70 Downloading 10.49MB
 bed4ecf88e6a Downloading 12.58MB
 667692510b70 Downloading 10.49MB
 bed4ecf88e6a Downloading 12.58MB
 c7b7d16361e0 Downloading 15.73MB
 bed4ecf88e6a Downloading 12.58MB
 c7b7d16361e0 Downloading 15.73MB
 667692510b70 Downloading 10.49MB
 c7b7d16361e0 Downloading 15.73MB
 667692510b70 Downloading 10.49MB
 bed4ecf88e6a Downloading 12.58MB
 c7b7d16361e0 Downloading 15.73MB
 667692510b70 Downloading 10.49MB
 bed4ecf88e6a Downloading 13.63MB
 c7b7d16361e0 Downloading 15.73MB
 667692510b70 Downloading 11.53MB
 bed4ecf88e6a Downloading 13.63MB
 c7b7d16361e0 Downloading 15.73MB
 667692510b70 Downloading 11.53MB
 bed4ecf88e6a Downloading 13.63MB
 bed4ecf88e6a Downloading 13.63MB
 c7b7d16361e0 Downloading 15.73MB
 667692510b70 Downloading 11.53MB
 bed4ecf88e6a Downloading 13.63MB
 c7b7d16361e0 Downloading 15.73MB
 667692510b70 Downloading 11.53MB
 c7b7d16361e0 Downloading 16.78MB
 667692510b70 Downloading 11.53MB
 bed4ecf88e6a Downloading 13.63MB
 c7b7d16361e0 Downloading 16.78MB
 667692510b70 Downloading 11.53MB
 bed4ecf88e6a Downloading 13.63MB
 bed4ecf88e6a Downloading 13.63MB
 c7b7d16361e0 Downloading 16.78MB
 667692510b70 Downloading 11.53MB
 c7b7d16361e0 Downloading 16.78MB
 667692510b70 Downloading 11.53MB
 bed4ecf88e6a Downloading 13.63MB
 c7b7d16361e0 Downloading 16.78MB
 667692510b70 Downloading 11.53MB
 bed4ecf88e6a Downloading 14.68MB
 c7b7d16361e0 Downloading 16.78MB
 667692510b70 Downloading 12.58MB
 bed4ecf88e6a Downloading 14.68MB
 c7b7d16361e0 Downloading 16.78MB
 667692510b70 Downloading 12.58MB
 bed4ecf88e6a Downloading 14.68MB
 bed4ecf88e6a Downloading 14.68MB
 c7b7d16361e0 Downloading 16.78MB
 667692510b70 Downloading 12.58MB
 bed4ecf88e6a Downloading 14.68MB
 c7b7d16361e0 Downloading 16.78MB
 667692510b70 Downloading 12.58MB
 c7b7d16361e0 Downloading 16.78MB
 667692510b70 Downloading 12.58MB
 bed4ecf88e6a Downloading 14.68MB
 c7b7d16361e0 Downloading 17.83MB
 667692510b70 Downloading 12.58MB
 bed4ecf88e6a Downloading 14.68MB
 c7b7d16361e0 Downloading 17.83MB
 667692510b70 Downloading 12.58MB
 bed4ecf88e6a Downloading 14.68MB
 c7b7d16361e0 Downloading 17.83MB
 667692510b70 Downloading 12.58MB
 bed4ecf88e6a Downloading 14.68MB
 c7b7d16361e0 Downloading 17.83MB
 667692510b70 Downloading 13.63MB
 bed4ecf88e6a Downloading 14.68MB
 bed4ecf88e6a Downloading 15.73MB
 c7b7d16361e0 Downloading 17.83MB
 667692510b70 Downloading 13.63MB
 c7b7d16361e0 Downloading 17.83MB
 667692510b70 Downloading 13.63MB
 bed4ecf88e6a Downloading 15.73MB
 667692510b70 Downloading 13.63MB
 bed4ecf88e6a Downloading 15.73MB
 c7b7d16361e0 Downloading 17.83MB
 667692510b70 Downloading 13.63MB
 bed4ecf88e6a Downloading 15.73MB
 c7b7d16361e0 Downloading 17.83MB
 c7b7d16361e0 Downloading 18.87MB
 667692510b70 Downloading 13.63MB
 bed4ecf88e6a Downloading 15.73MB
 bed4ecf88e6a Downloading 15.73MB
 c7b7d16361e0 Downloading 18.87MB
 667692510b70 Downloading 13.63MB
 c7b7d16361e0 Downloading 18.87MB
 667692510b70 Downloading 13.63MB
 bed4ecf88e6a Downloading 15.73MB
 c7b7d16361e0 Downloading 18.87MB
 667692510b70 Downloading 13.63MB
 bed4ecf88e6a Downloading 15.73MB
 bed4ecf88e6a Downloading 15.73MB
 c7b7d16361e0 Downloading 18.87MB
 667692510b70 Downloading 14.68MB
 c7b7d16361e0 Downloading 18.87MB
 667692510b70 Downloading 14.68MB
 bed4ecf88e6a Downloading 15.73MB
 bed4ecf88e6a Downloading 16.78MB
 c7b7d16361e0 Downloading 18.87MB
 667692510b70 Downloading 14.68MB
 bed4ecf88e6a Downloading 16.78MB
 c7b7d16361e0 Downloading 18.87MB
 667692510b70 Downloading 14.68MB
 bed4ecf88e6a Downloading 16.78MB
 c7b7d16361e0 Downloading 19.92MB
 667692510b70 Downloading 14.68MB
 c7b7d16361e0 Downloading 19.92MB
 667692510b70 Downloading 14.68MB
 bed4ecf88e6a Downloading 16.78MB
 bed4ecf88e6a Downloading 16.78MB
 c7b7d16361e0 Downloading 19.92MB
 667692510b70 Downloading 14.68MB
 bed4ecf88e6a Downloading 16.78MB
 c7b7d16361e0 Downloading 19.92MB
 667692510b70 Downloading 14.68MB
 bed4ecf88e6a Downloading 16.78MB
 c7b7d16361e0 Downloading 19.92MB
 667692510b70 Downloading 14.68MB
 c7b7d16361e0 Downloading 19.92MB
 667692510b70 Downloading 15.73MB
 bed4ecf88e6a Downloading 16.78MB
 c7b7d16361e0 Downloading 19.92MB
 667692510b70 Downloading 15.73MB
 bed4ecf88e6a Downloading 16.78MB
 bed4ecf88e6a Downloading 16.78MB
 c7b7d16361e0 Downloading 19.92MB
 667692510b70 Downloading 15.73MB
 c7b7d16361e0 Downloading 19.92MB
 667692510b70 Downloading 15.73MB
 bed4ecf88e6a Downloading 16.78MB
 c7b7d16361e0 Downloading 20.97MB
 667692510b70 Downloading 15.73MB
 bed4ecf88e6a Downloading 17.83MB
 bed4ecf88e6a Downloading 17.83MB
 c7b7d16361e0 Downloading 20.97MB
 667692510b70 Downloading 15.73MB
 bed4ecf88e6a Downloading 17.83MB
 c7b7d16361e0 Downloading 20.97MB
 667692510b70 Downloading 15.73MB
 c7b7d16361e0 Downloading 20.97MB
 667692510b70 Downloading 15.73MB
 bed4ecf88e6a Downloading 17.83MB
 bed4ecf88e6a Downloading 17.83MB
 c7b7d16361e0 Downloading 20.97MB
 667692510b70 Downloading 16.78MB
 667692510b70 Downloading 16.78MB
 bed4ecf88e6a Downloading 17.83MB
 c7b7d16361e0 Downloading 20.97MB
 bed4ecf88e6a Downloading 17.83MB
 c7b7d16361e0 Downloading 20.97MB
 667692510b70 Downloading 16.78MB
 667692510b70 Downloading 16.78MB
 bed4ecf88e6a Downloading 17.83MB
 c7b7d16361e0 Downloading 22.02MB
 bed4ecf88e6a Downloading 17.83MB
 c7b7d16361e0 Downloading 22.02MB
 667692510b70 Downloading 16.78MB
 c7b7d16361e0 Downloading 22.02MB
 667692510b70 Downloading 16.78MB
 bed4ecf88e6a Downloading 17.83MB
 667692510b70 Downloading 16.78MB
 bed4ecf88e6a Downloading 17.83MB
 c7b7d16361e0 Downloading 22.02MB
 667692510b70 Downloading 16.78MB
 bed4ecf88e6a Downloading 18.87MB
 c7b7d16361e0 Downloading 22.02MB
 667692510b70 Downloading 17.83MB
 bed4ecf88e6a Downloading 18.87MB
 c7b7d16361e0 Downloading 22.02MB
 bed4ecf88e6a Downloading 18.87MB
 c7b7d16361e0 Downloading 22.02MB
 667692510b70 Downloading 17.83MB
 bed4ecf88e6a Downloading 18.87MB
 c7b7d16361e0 Downloading 22.02MB
 667692510b70 Downloading 17.83MB
 c7b7d16361e0 Downloading 22.02MB
 667692510b70 Downloading 17.83MB
 bed4ecf88e6a Downloading 18.87MB
 c7b7d16361e0 Downloading 23.07MB
 667692510b70 Downloading 17.83MB
 bed4ecf88e6a Downloading 18.87MB
 bed4ecf88e6a Downloading 18.87MB
 c7b7d16361e0 Downloading 23.07MB
 667692510b70 Downloading 17.83MB
 667692510b70 Downloading 17.83MB
 bed4ecf88e6a Downloading 18.87MB
 c7b7d16361e0 Downloading 23.07MB
 c7b7d16361e0 Downloading 23.07MB
 667692510b70 Downloading 17.83MB
 bed4ecf88e6a Downloading 18.87MB
 c7b7d16361e0 Downloading 23.07MB
 667692510b70 Downloading 17.83MB
 bed4ecf88e6a Downloading 18.87MB
 c7b7d16361e0 Downloading 23.07MB
 667692510b70 Downloading 17.83MB
 bed4ecf88e6a Downloading 18.87MB
 c7b7d16361e0 Downloading 23.07MB
 667692510b70 Downloading 17.83MB
 bed4ecf88e6a Downloading 18.87MB
 bed4ecf88e6a Downloading 18.87MB
 c7b7d16361e0 Downloading 23.07MB
 667692510b70 Downloading 17.83MB
 bed4ecf88e6a Downloading 18.87MB
 c7b7d16361e0 Downloading 23.07MB
 667692510b70 Downloading 18.87MB
 c7b7d16361e0 Downloading 24.12MB
 667692510b70 Downloading 18.87MB
 bed4ecf88e6a Downloading 18.87MB
 667692510b70 Downloading 18.87MB
 bed4ecf88e6a Downloading 18.87MB
 c7b7d16361e0 Downloading 24.12MB
 c7b7d16361e0 Downloading 24.12MB
 667692510b70 Downloading 18.87MB
 bed4ecf88e6a Downloading 19.92MB
 c7b7d16361e0 Downloading 24.12MB
 667692510b70 Downloading 18.87MB
 bed4ecf88e6a Downloading 19.92MB
 bed4ecf88e6a Downloading 19.92MB
 c7b7d16361e0 Downloading 24.12MB
 667692510b70 Downloading 18.87MB
 bed4ecf88e6a Downloading 19.92MB
 c7b7d16361e0 Downloading 24.12MB
 667692510b70 Downloading 18.87MB
 bed4ecf88e6a Downloading 19.92MB
 c7b7d16361e0 Downloading 24.12MB
 667692510b70 Downloading 18.87MB
 c7b7d16361e0 Downloading 25.17MB
 667692510b70 Downloading 18.87MB
 bed4ecf88e6a Downloading 19.92MB
 c7b7d16361e0 Downloading 25.17MB
 667692510b70 Downloading 19.92MB
 bed4ecf88e6a Downloading 19.92MB
 667692510b70 Downloading 19.92MB
 bed4ecf88e6a Downloading 19.92MB
 c7b7d16361e0 Downloading 25.17MB
 bed4ecf88e6a Downloading 19.92MB
 c7b7d16361e0 Downloading 25.17MB
 667692510b70 Downloading 19.92MB
 667692510b70 Downloading 19.92MB
 bed4ecf88e6a Downloading 19.92MB
 c7b7d16361e0 Downloading 25.17MB
 667692510b70 Downloading 19.92MB
 bed4ecf88e6a Downloading 19.92MB
 c7b7d16361e0 Downloading 25.17MB
 c7b7d16361e0 Downloading 25.17MB
 667692510b70 Downloading 19.92MB
 bed4ecf88e6a Downloading 20.97MB
 c7b7d16361e0 Downloading 25.17MB
 667692510b70 Downloading 19.92MB
 bed4ecf88e6a Downloading 20.97MB
 c7b7d16361e0 Downloading 26.21MB
 667692510b70 Downloading 19.92MB
 bed4ecf88e6a Downloading 20.97MB
 bed4ecf88e6a Downloading 20.97MB
 c7b7d16361e0 Downloading 26.21MB
 667692510b70 Downloading 19.92MB
 c7b7d16361e0 Downloading 26.21MB
 667692510b70 Downloading 20.97MB
 bed4ecf88e6a Downloading 20.97MB
 667692510b70 Downloading 20.97MB
 bed4ecf88e6a Downloading 20.97MB
 c7b7d16361e0 Downloading 26.21MB
 c7b7d16361e0 Downloading 26.21MB
 667692510b70 Downloading 20.97MB
 bed4ecf88e6a Downloading 20.97MB
 c7b7d16361e0 Downloading 26.21MB
 667692510b70 Downloading 20.97MB
 bed4ecf88e6a Downloading 20.97MB
 bed4ecf88e6a Downloading 20.97MB
 c7b7d16361e0 Downloading 26.21MB
 667692510b70 Downloading 20.97MB
 c7b7d16361e0 Downloading 26.21MB
 667692510b70 Downloading 20.97MB
 bed4ecf88e6a Downloading 22.02MB
 667692510b70 Downloading 20.97MB
 bed4ecf88e6a Downloading 22.02MB
 c7b7d16361e0 Downloading 27.26MB
 c7b7d16361e0 Downloading 27.26MB
 667692510b70 Downloading 20.97MB
 bed4ecf88e6a Downloading 22.02MB
 c7b7d16361e0 Downloading 27.26MB
 667692510b70 Downloading 20.97MB
 bed4ecf88e6a Downloading 22.02MB
 bed4ecf88e6a Downloading 22.02MB
 c7b7d16361e0 Downloading 27.26MB
 667692510b70 Downloading 20.97MB
 667692510b70 Downloading 20.97MB
 bed4ecf88e6a Downloading 22.02MB
 c7b7d16361e0 Downloading 27.26MB
 c7b7d16361e0 Downloading 27.26MB
 667692510b70 Downloading 20.97MB
 bed4ecf88e6a Downloading 22.02MB
 c7b7d16361e0 Downloading 27.26MB
 667692510b70 Downloading 22.02MB
 bed4ecf88e6a Downloading 23.07MB
 c7b7d16361e0 Downloading 27.26MB
 667692510b70 Downloading 22.02MB
 bed4ecf88e6a Downloading 23.07MB
 c7b7d16361e0 Downloading 27.26MB
 667692510b70 Downloading 22.02MB
 bed4ecf88e6a Downloading 23.07MB
 c7b7d16361e0 Downloading 27.26MB
 667692510b70 Downloading 22.02MB
 bed4ecf88e6a Downloading 23.07MB
 c7b7d16361e0 Downloading 27.26MB
 667692510b70 Downloading 22.02MB
 bed4ecf88e6a Downloading 23.07MB
 c7b7d16361e0 Downloading 28.31MB
 667692510b70 Downloading 22.02MB
 bed4ecf88e6a Downloading 23.07MB
 bed4ecf88e6a Downloading 23.07MB
 c7b7d16361e0 Downloading 28.31MB
 667692510b70 Downloading 22.02MB
 c7b7d16361e0 Downloading 28.31MB
 667692510b70 Downloading 22.02MB
 bed4ecf88e6a Downloading 23.07MB
 c7b7d16361e0 Downloading 28.31MB
 667692510b70 Downloading 22.02MB
 bed4ecf88e6a Downloading 24.12MB
 c7b7d16361e0 Downloading 28.31MB
 667692510b70 Downloading 23.07MB
 bed4ecf88e6a Downloading 24.12MB
 c7b7d16361e0 Downloading 28.31MB
 667692510b70 Downloading 23.07MB
 bed4ecf88e6a Downloading 24.12MB
 c7b7d16361e0 Downloading 28.31MB
 667692510b70 Downloading 23.07MB
 bed4ecf88e6a Downloading 24.12MB
 bed4ecf88e6a Downloading 24.12MB
 c7b7d16361e0 Downloading 28.31MB
 667692510b70 Downloading 23.07MB
 c7b7d16361e0 Downloading 28.31MB
 667692510b70 Downloading 23.07MB
 bed4ecf88e6a Downloading 24.12MB
 bed4ecf88e6a Downloading 24.12MB
 c7b7d16361e0 Downloading 28.31MB
 667692510b70 Downloading 23.07MB
 c7b7d16361e0 Downloading 28.31MB
 667692510b70 Downloading 23.07MB
 bed4ecf88e6a Downloading 24.12MB
 c7b7d16361e0 Downloading 29.36MB
 667692510b70 Downloading 23.07MB
 bed4ecf88e6a Downloading 24.12MB
 c7b7d16361e0 Downloading 29.36MB
 667692510b70 Downloading 23.07MB
 bed4ecf88e6a Downloading 24.12MB
 bed4ecf88e6a Downloading 25.17MB
 c7b7d16361e0 Downloading 29.36MB
 667692510b70 Downloading 24.12MB
 667692510b70 Downloading 24.12MB
 bed4ecf88e6a Downloading 25.17MB
 c7b7d16361e0 Downloading 29.36MB
 667692510b70 Downloading 24.12MB
 bed4ecf88e6a Downloading 25.17MB
 c7b7d16361e0 Downloading 29.36MB
 c7b7d16361e0 Downloading 29.36MB
 667692510b70 Downloading 24.12MB
 bed4ecf88e6a Downloading 25.17MB
 bed4ecf88e6a Downloading 25.17MB
 c7b7d16361e0 Downloading 29.36MB
 667692510b70 Downloading 24.12MB
 c7b7d16361e0 Downloading 29.36MB
 667692510b70 Downloading 24.12MB
 bed4ecf88e6a Downloading 25.17MB
 c7b7d16361e0 Downloading 29.36MB
 667692510b70 Downloading 24.12MB
 bed4ecf88e6a Downloading 25.17MB
 c7b7d16361e0 Downloading 30.41MB
 667692510b70 Downloading 24.12MB
 bed4ecf88e6a Downloading 25.17MB
 c7b7d16361e0 Downloading 30.41MB
 667692510b70 Downloading 24.12MB
 bed4ecf88e6a Downloading 25.17MB
 bed4ecf88e6a Downloading 25.17MB
 c7b7d16361e0 Downloading 30.41MB
 667692510b70 Downloading 25.17MB
 c7b7d16361e0 Downloading 30.41MB
 667692510b70 Downloading 25.17MB
 bed4ecf88e6a Downloading 26.21MB
 bed4ecf88e6a Downloading 26.21MB
 c7b7d16361e0 Downloading 30.41MB
 667692510b70 Downloading 25.17MB
 c7b7d16361e0 Downloading 30.41MB
 667692510b70 Downloading 25.17MB
 bed4ecf88e6a Downloading 26.21MB
 c7b7d16361e0 Downloading 30.41MB
 667692510b70 Downloading 25.17MB
 bed4ecf88e6a Downloading 26.21MB
 c7b7d16361e0 Downloading 30.41MB
 667692510b70 Downloading 25.17MB
 bed4ecf88e6a Downloading 26.21MB
 bed4ecf88e6a Downloading 26.21MB
 c7b7d16361e0 Downloading 30.41MB
 667692510b70 Downloading 25.17MB
 c7b7d16361e0 Downloading 30.41MB
 667692510b70 Downloading 25.17MB
 bed4ecf88e6a Downloading 26.21MB
 bed4ecf88e6a Downloading 26.21MB
 c7b7d16361e0 Downloading 31.46MB
 667692510b70 Downloading 25.17MB
 c7b7d16361e0 Downloading 31.46MB
 667692510b70 Downloading 26.21MB
 bed4ecf88e6a Downloading 26.21MB
 bed4ecf88e6a Downloading 26.21MB
 c7b7d16361e0 Downloading 31.46MB
 667692510b70 Downloading 26.21MB
 c7b7d16361e0 Downloading 31.46MB
 667692510b70 Downloading 26.21MB
 bed4ecf88e6a Downloading 27.26MB
 bed4ecf88e6a Downloading 27.26MB
 c7b7d16361e0 Downloading 31.46MB
 667692510b70 Downloading 26.21MB
 c7b7d16361e0 Downloading 31.46MB
 667692510b70 Downloading 26.21MB
 bed4ecf88e6a Downloading 27.26MB
 c7b7d16361e0 Downloading 31.46MB
 667692510b70 Downloading 26.21MB
 bed4ecf88e6a Downloading 27.26MB
 bed4ecf88e6a Downloading 27.26MB
 c7b7d16361e0 Downloading 31.46MB
 667692510b70 Downloading 26.21MB
 c7b7d16361e0 Downloading 31.46MB
 667692510b70 Downloading 26.21MB
 bed4ecf88e6a Downloading 27.26MB
 c7b7d16361e0 Downloading 32.51MB
 667692510b70 Downloading 27.26MB
 bed4ecf88e6a Downloading 27.26MB
 667692510b70 Downloading 27.26MB
 bed4ecf88e6a Downloading 27.26MB
 c7b7d16361e0 Downloading 32.51MB
 bed4ecf88e6a Downloading 27.26MB
 c7b7d16361e0 Downloading 32.51MB
 667692510b70 Downloading 27.26MB
 c7b7d16361e0 Downloading 32.51MB
 667692510b70 Downloading 27.26MB
 bed4ecf88e6a Downloading 27.26MB
 bed4ecf88e6a Downloading 28.31MB
 c7b7d16361e0 Downloading 32.51MB
 667692510b70 Downloading 27.26MB
 bed4ecf88e6a Downloading 28.31MB
 c7b7d16361e0 Downloading 32.51MB
 667692510b70 Downloading 27.26MB
 c7b7d16361e0 Downloading 32.51MB
 667692510b70 Downloading 27.26MB
 bed4ecf88e6a Downloading 28.31MB
 c7b7d16361e0 Downloading 32.51MB
 667692510b70 Downloading 27.26MB
 bed4ecf88e6a Downloading 28.31MB
 bed4ecf88e6a Downloading 28.31MB
 c7b7d16361e0 Downloading 33.55MB
 667692510b70 Downloading 28.31MB
 c7b7d16361e0 Downloading 33.55MB
 667692510b70 Downloading 28.31MB
 bed4ecf88e6a Downloading 28.31MB
 c7b7d16361e0 Downloading 33.55MB
 667692510b70 Downloading 28.31MB
 bed4ecf88e6a Downloading 28.31MB
 c7b7d16361e0 Downloading 33.55MB
 667692510b70 Downloading 28.31MB
 bed4ecf88e6a Downloading 28.31MB
 c7b7d16361e0 Downloading 33.55MB
 667692510b70 Downloading 28.31MB
 bed4ecf88e6a Downloading 28.31MB
 667692510b70 Downloading 28.31MB
 bed4ecf88e6a Downloading 28.31MB
 c7b7d16361e0 Downloading 33.55MB
 bed4ecf88e6a Downloading 28.31MB
 c7b7d16361e0 Downloading 33.55MB
 667692510b70 Downloading 28.31MB
 bed4ecf88e6a Downloading 29.36MB
 c7b7d16361e0 Downloading 33.55MB
 667692510b70 Downloading 28.31MB
 bed4ecf88e6a Downloading 29.36MB
 c7b7d16361e0 Downloading 34.6MB
 667692510b70 Downloading 28.31MB
 bed4ecf88e6a Downloading 29.36MB
 c7b7d16361e0 Downloading 34.6MB
 667692510b70 Downloading 29.36MB
 c7b7d16361e0 Downloading 34.6MB
 667692510b70 Downloading 29.36MB
 bed4ecf88e6a Downloading 29.36MB
 bed4ecf88e6a Downloading 29.36MB
 c7b7d16361e0 Downloading 34.6MB
 667692510b70 Downloading 29.36MB
 667692510b70 Downloading 29.36MB
 bed4ecf88e6a Downloading 29.36MB
 c7b7d16361e0 Downloading 34.6MB
 c7b7d16361e0 Downloading 34.6MB
 667692510b70 Downloading 29.36MB
 bed4ecf88e6a Downloading 29.36MB
 c7b7d16361e0 Downloading 34.6MB
 667692510b70 Downloading 29.36MB
 bed4ecf88e6a Downloading 29.36MB
 c7b7d16361e0 Downloading 34.6MB
 667692510b70 Downloading 29.36MB
 bed4ecf88e6a Downloading 29.36MB
 c7b7d16361e0 Downloading 34.6MB
 667692510b70 Downloading 29.36MB
 bed4ecf88e6a Downloading 29.36MB
 c7b7d16361e0 Downloading 35.65MB
 667692510b70 Downloading 30.41MB
 bed4ecf88e6a Downloading 29.36MB
 667692510b70 Downloading 30.41MB
 bed4ecf88e6a Downloading 30.41MB
 c7b7d16361e0 Downloading 35.65MB
 c7b7d16361e0 Downloading 35.65MB
 667692510b70 Downloading 30.41MB
 bed4ecf88e6a Downloading 30.41MB
 c7b7d16361e0 Downloading 35.65MB
 667692510b70 Downloading 30.41MB
 bed4ecf88e6a Downloading 30.41MB
 667692510b70 Downloading 30.41MB
 bed4ecf88e6a Downloading 30.41MB
 c7b7d16361e0 Downloading 35.65MB
 c7b7d16361e0 Downloading 35.65MB
 667692510b70 Downloading 30.41MB
 bed4ecf88e6a Downloading 30.41MB
 667692510b70 Downloading 30.41MB
 bed4ecf88e6a Downloading 30.41MB
 c7b7d16361e0 Downloading 35.65MB
 bed4ecf88e6a Downloading 30.41MB
 c7b7d16361e0 Downloading 35.65MB
 667692510b70 Downloading 31.46MB
 c7b7d16361e0 Downloading 36.7MB
 667692510b70 Downloading 31.46MB
 bed4ecf88e6a Downloading 30.41MB
 667692510b70 Downloading 31.46MB
 bed4ecf88e6a Downloading 30.41MB
 c7b7d16361e0 Downloading 36.7MB
 c7b7d16361e0 Downloading 36.7MB
 667692510b70 Downloading 31.46MB
 bed4ecf88e6a Downloading 30.41MB
 c7b7d16361e0 Downloading 36.7MB
 667692510b70 Downloading 31.46MB
 bed4ecf88e6a Downloading 30.41MB
 c7b7d16361e0 Downloading 36.7MB
 667692510b70 Downloading 31.46MB
 bed4ecf88e6a Downloading 30.41MB
 bed4ecf88e6a Downloading 31.46MB
 c7b7d16361e0 Downloading 36.7MB
 667692510b70 Downloading 31.46MB
 c7b7d16361e0 Downloading 36.7MB
 667692510b70 Downloading 31.46MB
 bed4ecf88e6a Downloading 31.46MB
 c7b7d16361e0 Downloading 36.7MB
 667692510b70 Downloading 31.46MB
 bed4ecf88e6a Downloading 31.46MB
 c7b7d16361e0 Downloading 36.7MB
 667692510b70 Downloading 31.46MB
 bed4ecf88e6a Downloading 31.46MB
 667692510b70 Downloading 31.46MB
 bed4ecf88e6a Downloading 31.46MB
 c7b7d16361e0 Downloading 36.7MB
 c7b7d16361e0 Downloading 36.7MB
 667692510b70 Downloading 31.46MB
 bed4ecf88e6a Downloading 31.46MB
 c7b7d16361e0 Downloading 36.7MB
 667692510b70 Downloading 32.51MB
 bed4ecf88e6a Downloading 31.46MB
 c7b7d16361e0 Downloading 37.75MB
 667692510b70 Downloading 32.51MB
 bed4ecf88e6a Downloading 31.46MB
 bed4ecf88e6a Downloading 31.46MB
 c7b7d16361e0 Downloading 37.75MB
 667692510b70 Downloading 32.51MB
 c7b7d16361e0 Downloading 37.75MB
 667692510b70 Downloading 32.51MB
 bed4ecf88e6a Downloading 31.46MB
 c7b7d16361e0 Downloading 37.75MB
 667692510b70 Downloading 32.51MB
 bed4ecf88e6a Downloading 31.46MB
 c7b7d16361e0 Downloading 37.75MB
 667692510b70 Downloading 32.51MB
 bed4ecf88e6a Downloading 31.46MB
 bed4ecf88e6a Downloading 31.46MB
 c7b7d16361e0 Downloading 37.75MB
 667692510b70 Downloading 32.51MB
 c7b7d16361e0 Downloading 37.75MB
 667692510b70 Downloading 33.55MB
 bed4ecf88e6a Downloading 31.46MB
 bed4ecf88e6a Downloading 31.46MB
 c7b7d16361e0 Downloading 37.75MB
 667692510b70 Downloading 33.55MB
 c7b7d16361e0 Downloading 38.8MB
 667692510b70 Downloading 33.55MB
 bed4ecf88e6a Downloading 32.51MB
 bed4ecf88e6a Downloading 32.51MB
 c7b7d16361e0 Downloading 38.8MB
 667692510b70 Downloading 33.55MB
 c7b7d16361e0 Downloading 38.8MB
 667692510b70 Downloading 33.55MB
 bed4ecf88e6a Downloading 32.51MB
 667692510b70 Downloading 33.55MB
 bed4ecf88e6a Downloading 32.51MB
 c7b7d16361e0 Downloading 38.8MB
 c7b7d16361e0 Downloading 38.8MB
 667692510b70 Downloading 33.55MB
 bed4ecf88e6a Downloading 32.51MB
 bed4ecf88e6a Downloading 32.51MB
 c7b7d16361e0 Downloading 38.8MB
 667692510b70 Downloading 33.55MB
 c7b7d16361e0 Downloading 38.8MB
 667692510b70 Downloading 33.55MB
 bed4ecf88e6a Downloading 32.51MB
 c7b7d16361e0 Downloading 39.85MB
 667692510b70 Downloading 33.55MB
 bed4ecf88e6a Downloading 32.51MB
 c7b7d16361e0 Downloading 39.85MB
 667692510b70 Downloading 33.55MB
 bed4ecf88e6a Downloading 32.51MB
 c7b7d16361e0 Downloading 39.85MB
 667692510b70 Downloading 33.55MB
 bed4ecf88e6a Downloading 32.51MB
 bed4ecf88e6a Downloading 32.51MB
 c7b7d16361e0 Downloading 39.85MB
 667692510b70 Downloading 34.6MB
 667692510b70 Downloading 34.6MB
 bed4ecf88e6a Downloading 32.51MB
 c7b7d16361e0 Downloading 39.85MB
 bed4ecf88e6a Downloading 32.51MB
 c7b7d16361e0 Downloading 39.85MB
 667692510b70 Downloading 34.6MB
 c7b7d16361e0 Downloading 39.85MB
 667692510b70 Downloading 34.6MB
 bed4ecf88e6a Downloading 33.55MB
 c7b7d16361e0 Downloading 39.85MB
 667692510b70 Downloading 34.6MB
 bed4ecf88e6a Downloading 33.55MB
 bed4ecf88e6a Downloading 33.55MB
 c7b7d16361e0 Downloading 40.89MB
 667692510b70 Downloading 34.6MB
 667692510b70 Downloading 34.6MB
 bed4ecf88e6a Downloading 33.55MB
 c7b7d16361e0 Downloading 40.89MB
 bed4ecf88e6a Downloading 33.55MB
 c7b7d16361e0 Downloading 40.89MB
 667692510b70 Downloading 34.6MB
 c7b7d16361e0 Downloading 40.89MB
 667692510b70 Downloading 34.6MB
 bed4ecf88e6a Downloading 33.55MB
 667692510b70 Downloading 34.6MB
 bed4ecf88e6a Downloading 33.55MB
 c7b7d16361e0 Downloading 40.89MB
 c7b7d16361e0 Downloading 40.89MB
 667692510b70 Downloading 34.6MB
 bed4ecf88e6a Downloading 33.55MB
 c7b7d16361e0 Downloading 40.89MB
 667692510b70 Downloading 35.65MB
 bed4ecf88e6a Downloading 33.55MB
 c7b7d16361e0 Downloading 40.89MB
 667692510b70 Downloading 35.65MB
 bed4ecf88e6a Downloading 33.55MB
 c7b7d16361e0 Downloading 41.94MB
 667692510b70 Downloading 35.65MB
 bed4ecf88e6a Downloading 34.6MB
 667692510b70 Downloading 35.65MB
 bed4ecf88e6a Downloading 34.6MB
 c7b7d16361e0 Downloading 41.94MB
 c7b7d16361e0 Downloading 41.94MB
 667692510b70 Downloading 35.65MB
 bed4ecf88e6a Downloading 34.6MB
 c7b7d16361e0 Downloading 41.94MB
 667692510b70 Downloading 35.65MB
 bed4ecf88e6a Downloading 34.6MB
 bed4ecf88e6a Downloading 34.6MB
 c7b7d16361e0 Downloading 41.94MB
 667692510b70 Downloading 35.65MB
 bed4ecf88e6a Downloading 34.6MB
 c7b7d16361e0 Downloading 41.94MB
 667692510b70 Downloading 35.65MB
 c7b7d16361e0 Downloading 41.94MB
 667692510b70 Downloading 35.65MB
 bed4ecf88e6a Downloading 34.6MB
 bed4ecf88e6a Downloading 34.6MB
 c7b7d16361e0 Downloading 41.94MB
 667692510b70 Downloading 36.7MB
 bed4ecf88e6a Downloading 34.6MB
 c7b7d16361e0 Downloading 42.99MB
 667692510b70 Downloading 36.7MB
 bed4ecf88e6a Downloading 34.6MB
 c7b7d16361e0 Downloading 42.99MB
 667692510b70 Downloading 36.7MB
 667692510b70 Downloading 36.7MB
 bed4ecf88e6a Downloading 35.65MB
 c7b7d16361e0 Downloading 42.99MB
 c7b7d16361e0 Downloading 42.99MB
 667692510b70 Downloading 36.7MB
 bed4ecf88e6a Downloading 35.65MB
 bed4ecf88e6a Downloading 35.65MB
 c7b7d16361e0 Downloading 42.99MB
 667692510b70 Downloading 36.7MB
 c7b7d16361e0 Downloading 42.99MB
 667692510b70 Downloading 36.7MB
 bed4ecf88e6a Downloading 35.65MB
 bed4ecf88e6a Downloading 35.65MB
 c7b7d16361e0 Downloading 42.99MB
 667692510b70 Downloading 36.7MB
 c7b7d16361e0 Downloading 42.99MB
 667692510b70 Downloading 36.7MB
 bed4ecf88e6a Downloading 35.65MB
 bed4ecf88e6a Downloading 35.65MB
 c7b7d16361e0 Downloading 42.99MB
 667692510b70 Downloading 37.75MB
 bed4ecf88e6a Downloading 35.65MB
 c7b7d16361e0 Downloading 44.04MB
 667692510b70 Downloading 37.75MB
 c7b7d16361e0 Downloading 44.04MB
 667692510b70 Downloading 37.75MB
 bed4ecf88e6a Downloading 35.65MB
 bed4ecf88e6a Downloading 35.65MB
 c7b7d16361e0 Downloading 44.04MB
 667692510b70 Downloading 37.75MB
 c7b7d16361e0 Downloading 44.04MB
 667692510b70 Downloading 37.75MB
 bed4ecf88e6a Downloading 35.65MB
 c7b7d16361e0 Downloading 44.04MB
 667692510b70 Downloading 37.75MB
 bed4ecf88e6a Downloading 36.7MB
 bed4ecf88e6a Downloading 36.7MB
 c7b7d16361e0 Downloading 44.04MB
 667692510b70 Downloading 37.75MB
 c7b7d16361e0 Downloading 44.04MB
 667692510b70 Downloading 37.75MB
 bed4ecf88e6a Downloading 36.7MB
 c7b7d16361e0 Downloading 44.04MB
 667692510b70 Downloading 37.75MB
 bed4ecf88e6a Downloading 36.7MB
 c7b7d16361e0 Downloading 45.09MB
 667692510b70 Downloading 38.8MB
 bed4ecf88e6a Downloading 36.7MB
 c7b7d16361e0 Downloading 45.09MB
 667692510b70 Downloading 38.8MB
 bed4ecf88e6a Downloading 36.7MB
 c7b7d16361e0 Downloading 45.09MB
 667692510b70 Downloading 38.8MB
 bed4ecf88e6a Downloading 36.7MB
 667692510b70 Downloading 38.8MB
 bed4ecf88e6a Downloading 36.7MB
 c7b7d16361e0 Downloading 45.09MB
 c7b7d16361e0 Downloading 45.09MB
 667692510b70 Downloading 38.8MB
 bed4ecf88e6a Downloading 36.7MB
 c7b7d16361e0 Downloading 45.09MB
 667692510b70 Downloading 38.8MB
 bed4ecf88e6a Downloading 36.7MB
 bed4ecf88e6a Downloading 37.75MB
 c7b7d16361e0 Downloading 45.09MB
 667692510b70 Downloading 38.8MB
 c7b7d16361e0 Downloading 45.09MB
 667692510b70 Downloading 38.8MB
 bed4ecf88e6a Downloading 37.75MB
 c7b7d16361e0 Downloading 45.09MB
 667692510b70 Downloading 38.8MB
 bed4ecf88e6a Downloading 37.75MB
 bed4ecf88e6a Downloading 37.75MB
 c7b7d16361e0 Downloading 45.09MB
 667692510b70 Downloading 39.85MB
 c7b7d16361e0 Downloading 46.14MB
 667692510b70 Downloading 39.85MB
 bed4ecf88e6a Downloading 37.75MB
 c7b7d16361e0 Downloading 46.14MB
 667692510b70 Downloading 39.85MB
 bed4ecf88e6a Downloading 37.75MB
 c7b7d16361e0 Downloading 46.14MB
 667692510b70 Downloading 39.85MB
 bed4ecf88e6a Downloading 37.75MB
 c7b7d16361e0 Downloading 46.14MB
 667692510b70 Downloading 39.85MB
 bed4ecf88e6a Downloading 37.75MB
 bed4ecf88e6a Downloading 37.75MB
 c7b7d16361e0 Downloading 46.14MB
 667692510b70 Downloading 39.85MB
 bed4ecf88e6a Downloading 38.8MB
 c7b7d16361e0 Downloading 46.14MB
 667692510b70 Downloading 39.85MB
 c7b7d16361e0 Downloading 46.14MB
 667692510b70 Downloading 39.85MB
 bed4ecf88e6a Downloading 38.8MB
 bed4ecf88e6a Downloading 38.8MB
 c7b7d16361e0 Downloading 46.14MB
 667692510b70 Downloading 39.85MB
 667692510b70 Downloading 40.89MB
 bed4ecf88e6a Downloading 38.8MB
 c7b7d16361e0 Downloading 47.19MB
 bed4ecf88e6a Downloading 38.8MB
 c7b7d16361e0 Downloading 47.19MB
 667692510b70 Downloading 40.89MB
 c7b7d16361e0 Downloading 47.19MB
 667692510b70 Downloading 40.89MB
 bed4ecf88e6a Downloading 38.8MB
 c7b7d16361e0 Downloading 47.19MB
 667692510b70 Downloading 40.89MB
 bed4ecf88e6a Downloading 38.8MB
 c7b7d16361e0 Downloading 47.19MB
 667692510b70 Downloading 40.89MB
 bed4ecf88e6a Downloading 38.8MB
 c7b7d16361e0 Downloading 47.19MB
 667692510b70 Downloading 40.89MB
 bed4ecf88e6a Downloading 38.8MB
 c7b7d16361e0 Downloading 47.19MB
 667692510b70 Downloading 40.89MB
 bed4ecf88e6a Downloading 38.8MB
 c7b7d16361e0 Downloading 47.19MB
 667692510b70 Downloading 40.89MB
 bed4ecf88e6a Downloading 39.85MB
 c7b7d16361e0 Downloading 47.19MB
 667692510b70 Downloading 40.89MB
 bed4ecf88e6a Downloading 39.85MB
 bed4ecf88e6a Downloading 39.85MB
 c7b7d16361e0 Downloading 48.23MB
 667692510b70 Downloading 41.94MB
 c7b7d16361e0 Downloading 48.23MB
 667692510b70 Downloading 41.94MB
 bed4ecf88e6a Downloading 39.85MB
 bed4ecf88e6a Downloading 39.85MB
 c7b7d16361e0 Downloading 48.23MB
 667692510b70 Downloading 41.94MB
 c7b7d16361e0 Downloading 48.23MB
 667692510b70 Downloading 41.94MB
 bed4ecf88e6a Downloading 39.85MB
 667692510b70 Downloading 41.94MB
 bed4ecf88e6a Downloading 39.85MB
 c7b7d16361e0 Downloading 48.23MB
 667692510b70 Downloading 41.94MB
 bed4ecf88e6a Downloading 39.85MB
 c7b7d16361e0 Downloading 48.23MB
 c7b7d16361e0 Downloading 48.23MB
 667692510b70 Downloading 41.94MB
 bed4ecf88e6a Downloading 39.85MB
 c7b7d16361e0 Downloading 48.23MB
 667692510b70 Downloading 41.94MB
 bed4ecf88e6a Downloading 39.85MB
 c7b7d16361e0 Downloading 48.23MB
 667692510b70 Downloading 41.94MB
 bed4ecf88e6a Downloading 40.89MB
 bed4ecf88e6a Downloading 40.89MB
 c7b7d16361e0 Downloading 48.23MB
 667692510b70 Downloading 42.99MB
 667692510b70 Downloading 42.99MB
 bed4ecf88e6a Downloading 40.89MB
 c7b7d16361e0 Downloading 49.28MB
 c7b7d16361e0 Downloading 49.28MB
 667692510b70 Downloading 42.99MB
 bed4ecf88e6a Downloading 40.89MB
 bed4ecf88e6a Downloading 40.89MB
 c7b7d16361e0 Downloading 49.28MB
 667692510b70 Downloading 42.99MB
 c7b7d16361e0 Downloading 49.28MB
 667692510b70 Downloading 42.99MB
 bed4ecf88e6a Downloading 40.89MB
 c7b7d16361e0 Downloading 49.28MB
 667692510b70 Downloading 42.99MB
 bed4ecf88e6a Downloading 40.89MB
 c7b7d16361e0 Downloading 49.28MB
 667692510b70 Downloading 42.99MB
 bed4ecf88e6a Downloading 40.89MB
 c7b7d16361e0 Downloading 49.28MB
 667692510b70 Downloading 42.99MB
 bed4ecf88e6a Downloading 40.89MB
 bed4ecf88e6a Downloading 40.89MB
 c7b7d16361e0 Downloading 49.28MB
 667692510b70 Downloading 42.99MB
 c7b7d16361e0 Downloading 49.28MB
 667692510b70 Downloading 44.04MB
 bed4ecf88e6a Downloading 41.94MB
 c7b7d16361e0 Download complete 0B
 667692510b70 Downloading 44.04MB
 bed4ecf88e6a Downloading 41.94MB
 c7b7d16361e0 Extracting 1B
 667692510b70 Downloading 44.04MB
 bed4ecf88e6a Downloading 41.94MB
 c7b7d16361e0 Extracting 1B
 bed4ecf88e6a Downloading 41.94MB
 667692510b70 Downloading 44.04MB
 c7b7d16361e0 Extracting 1B
 bed4ecf88e6a Downloading 41.94MB
 667692510b70 Downloading 44.04MB
 c7b7d16361e0 Extracting 1B
 667692510b70 Downloading 44.04MB
 bed4ecf88e6a Downloading 41.94MB
 c7b7d16361e0 Extracting 1B
 667692510b70 Downloading 44.04MB
 bed4ecf88e6a Downloading 42.99MB
 c7b7d16361e0 Extracting 1B
 667692510b70 Downloading 45.09MB
 bed4ecf88e6a Downloading 42.99MB
 c7b7d16361e0 Extracting 1B
 667692510b70 Downloading 45.09MB
 bed4ecf88e6a Downloading 42.99MB
 c7b7d16361e0 Extracting 1B
 667692510b70 Downloading 45.09MB
 bed4ecf88e6a Downloading 42.99MB
 c7b7d16361e0 Extracting 1B
 667692510b70 Downloading 45.09MB
 bed4ecf88e6a Downloading 42.99MB
 c7b7d16361e0 Extracting 1B
 bed4ecf88e6a Downloading 42.99MB
 667692510b70 Downloading 45.09MB
 c7b7d16361e0 Extracting 2B
 667692510b70 Downloading 45.09MB
 bed4ecf88e6a Downloading 44.04MB
 c7b7d16361e0 Extracting 2B
 667692510b70 Downloading 45.09MB
 bed4ecf88e6a Downloading 44.04MB
 c7b7d16361e0 Extracting 2B
 667692510b70 Downloading 46.14MB
 bed4ecf88e6a Downloading 44.04MB
 c7b7d16361e0 Extracting 2B
 667692510b70 Downloading 46.14MB
 bed4ecf88e6a Downloading 44.04MB
 c7b7d16361e0 Extracting 2B
 667692510b70 Downloading 46.14MB
 bed4ecf88e6a Downloading 44.04MB
 c7b7d16361e0 Extracting 2B
 667692510b70 Downloading 46.14MB
 bed4ecf88e6a Downloading 44.04MB
 c7b7d16361e0 Extracting 2B
 667692510b70 Downloading 46.14MB
 bed4ecf88e6a Downloading 44.04MB
 c7b7d16361e0 Extracting 2B
 bed4ecf88e6a Downloading 44.04MB
 1128949d0793 Downloading 1.049MB
 667692510b70 Downloading 46.14MB
 c7b7d16361e0 Extracting 2B
 667692510b70 Downloading 46.14MB
 bed4ecf88e6a Downloading 44.04MB
 1128949d0793 Downloading 1.049MB
 c7b7d16361e0 Extracting 2B
 667692510b70 Downloading 46.14MB
 bed4ecf88e6a Downloading 44.04MB
 1128949d0793 Downloading 1.049MB
 c7b7d16361e0 Extracting 2B
 bed4ecf88e6a Downloading 44.04MB
 1128949d0793 Downloading 1.049MB
 667692510b70 Downloading 46.14MB
 c7b7d16361e0 Extracting 3B
 667692510b70 Downloading 46.14MB
 bed4ecf88e6a Downloading 45.09MB
 1128949d0793 Downloading 1.049MB
 c7b7d16361e0 Extracting 3B
 667692510b70 Downloading 47.19MB
 bed4ecf88e6a Downloading 45.09MB
 1128949d0793 Downloading 1.049MB
 c7b7d16361e0 Extracting 3B
 667692510b70 Downloading 47.19MB
 bed4ecf88e6a Downloading 45.09MB
 1128949d0793 Downloading 1.049MB
 c7b7d16361e0 Extracting 3B
 bed4ecf88e6a Downloading 45.09MB
 1128949d0793 Downloading 2.097MB
 667692510b70 Downloading 47.19MB
 c7b7d16361e0 Extracting 3B
 667692510b70 Downloading 47.19MB
 bed4ecf88e6a Downloading 45.09MB
 1128949d0793 Downloading 2.097MB
 c7b7d16361e0 Extracting 3B
 667692510b70 Downloading 47.19MB
 bed4ecf88e6a Downloading 45.09MB
 1128949d0793 Downloading 2.097MB
 c7b7d16361e0 Extracting 3B
 667692510b70 Downloading 47.19MB
 bed4ecf88e6a Downloading 45.09MB
 1128949d0793 Downloading 2.097MB
 c7b7d16361e0 Extracting 3B
 667692510b70 Downloading 47.19MB
 bed4ecf88e6a Downloading 45.09MB
 1128949d0793 Downloading 2.097MB
 c7b7d16361e0 Extracting 3B
 667692510b70 Downloading 47.19MB
 bed4ecf88e6a Downloading 45.09MB
 1128949d0793 Downloading 2.097MB
 c7b7d16361e0 Extracting 4B
 bed4ecf88e6a Downloading 45.09MB
 1128949d0793 Downloading 3.146MB
 667692510b70 Downloading 47.19MB
 c7b7d16361e0 Extracting 4B
 667692510b70 Downloading 47.19MB
 bed4ecf88e6a Downloading 45.09MB
 1128949d0793 Downloading 3.146MB
 c7b7d16361e0 Extracting 4B
 667692510b70 Downloading 47.19MB
 bed4ecf88e6a Downloading 45.09MB
 1128949d0793 Downloading 3.146MB
 c7b7d16361e0 Extracting 4B
 667692510b70 Downloading 47.19MB
 bed4ecf88e6a Downloading 45.09MB
 1128949d0793 Downloading 3.146MB
 c7b7d16361e0 Extracting 4B
 667692510b70 Downloading 47.19MB
 bed4ecf88e6a Downloading 46.14MB
 1128949d0793 Downloading 3.146MB
 c7b7d16361e0 Extracting 4B
 bed4ecf88e6a Downloading 46.14MB
 1128949d0793 Downloading 4.194MB
 667692510b70 Downloading 48.23MB
 c7b7d16361e0 Extracting 4B
 bed4ecf88e6a Downloading 46.14MB
 1128949d0793 Downloading 4.194MB
 667692510b70 Downloading 48.23MB
 c7b7d16361e0 Extracting 4B
 1128949d0793 Downloading 4.194MB
 667692510b70 Downloading 48.23MB
 bed4ecf88e6a Downloading 46.14MB
 c7b7d16361e0 Extracting 4B
 667692510b70 Downloading 48.23MB
 bed4ecf88e6a Downloading 46.14MB
 1128949d0793 Downloading 4.194MB
 c7b7d16361e0 Extracting 4B
 bed4ecf88e6a Downloading 46.14MB
 1128949d0793 Downloading 5.243MB
 667692510b70 Downloading 48.23MB
 c7b7d16361e0 Extracting 5B
 bed4ecf88e6a Downloading 46.14MB
 1128949d0793 Downloading 5.243MB
 667692510b70 Downloading 48.23MB
 c7b7d16361e0 Extracting 5B
 667692510b70 Downloading 48.23MB
 bed4ecf88e6a Downloading 46.14MB
 1128949d0793 Downloading 5.243MB
 c7b7d16361e0 Extracting 5B
 667692510b70 Downloading 48.23MB
 bed4ecf88e6a Downloading 46.14MB
 1128949d0793 Downloading 5.243MB
 c7b7d16361e0 Extracting 5B
 667692510b70 Downloading 48.23MB
 bed4ecf88e6a Downloading 46.14MB
 1128949d0793 Downloading 5.243MB
 c7b7d16361e0 Extracting 5B
 bed4ecf88e6a Downloading 46.14MB
 1128949d0793 Downloading 5.243MB
 667692510b70 Downloading 48.23MB
 c7b7d16361e0 Extracting 5B
 667692510b70 Downloading 48.23MB
 bed4ecf88e6a Downloading 46.14MB
 1128949d0793 Downloading 6.291MB
 c7b7d16361e0 Extracting 5B
 667692510b70 Downloading 48.23MB
 bed4ecf88e6a Downloading 46.14MB
 1128949d0793 Downloading 6.291MB
 c7b7d16361e0 Extracting 5B
 667692510b70 Downloading 48.23MB
 bed4ecf88e6a Downloading 46.14MB
 1128949d0793 Downloading 6.291MB
 c7b7d16361e0 Extracting 5B
 667692510b70 Downloading 48.23MB
 bed4ecf88e6a Downloading 46.14MB
 1128949d0793 Downloading 6.291MB
 c7b7d16361e0 Extracting 5B
 bed4ecf88e6a Downloading 46.14MB
 1128949d0793 Downloading 6.291MB
 667692510b70 Downloading 49.28MB
 c7b7d16361e0 Extracting 6B
 bed4ecf88e6a Downloading 47.19MB
 1128949d0793 Downloading 7.34MB
 667692510b70 Downloading 49.28MB
 c7b7d16361e0 Extracting 6B
 667692510b70 Downloading 49.28MB
 bed4ecf88e6a Downloading 47.19MB
 1128949d0793 Downloading 7.34MB
 b7a128769df1 Extracting 1B
 c7b7d16361e0 Pull complete 0B
 bed4ecf88e6a Downloading 47.19MB
 1128949d0793 Downloading 7.34MB
 667692510b70 Downloading 49.28MB
 b7a128769df1 Extracting 1B
 667692510b70 Downloading 49.28MB
 bed4ecf88e6a Downloading 47.19MB
 1128949d0793 Downloading 7.34MB
 b7a128769df1 Extracting 1B
 667692510b70 Downloading 49.28MB
 bed4ecf88e6a Downloading 47.19MB
 1128949d0793 Downloading 7.34MB
 b7a128769df1 Extracting 1B
 667692510b70 Downloading 49.28MB
 bed4ecf88e6a Downloading 47.19MB
 1128949d0793 Downloading 7.34MB
 b7a128769df1 Extracting 1B
 667692510b70 Downloading 49.28MB
 bed4ecf88e6a Downloading 47.19MB
 1128949d0793 Downloading 8.389MB
 b7a128769df1 Extracting 1B
 bed4ecf88e6a Downloading 47.19MB
 1128949d0793 Downloading 8.389MB
 667692510b70 Downloading 49.28MB
 b7a128769df1 Pull complete 0B
 667692510b70 Downloading 49.28MB
 bed4ecf88e6a Downloading 47.19MB
 1128949d0793 Downloading 8.389MB
 667692510b70 Downloading 49.28MB
 bed4ecf88e6a Downloading 47.19MB
 1128949d0793 Downloading 8.389MB
 667692510b70 Downloading 49.28MB
 bed4ecf88e6a Downloading 47.19MB
 1128949d0793 Downloading 8.389MB
 667692510b70 Downloading 49.28MB
 bed4ecf88e6a Downloading 47.19MB
 1128949d0793 Downloading 8.389MB
 bed4ecf88e6a Downloading 47.19MB
 1128949d0793 Downloading 9.437MB
 667692510b70 Downloading 49.28MB
 667692510b70 Downloading 49.28MB
 bed4ecf88e6a Downloading 47.19MB
 1128949d0793 Downloading 9.437MB
 667692510b70 Downloading 49.28MB
 bed4ecf88e6a Downloading 47.19MB
 1128949d0793 Downloading 9.996MB
 667692510b70 Downloading 50.33MB
 bed4ecf88e6a Downloading 47.19MB
 1128949d0793 Download complete 0B
 1128949d0793 Extracting 1B
 667692510b70 Downloading 50.33MB
 bed4ecf88e6a Downloading 48.23MB
 1128949d0793 Extracting 1B
 667692510b70 Downloading 50.33MB
 bed4ecf88e6a Downloading 48.23MB
 1128949d0793 Extracting 1B
 667692510b70 Downloading 50.33MB
 bed4ecf88e6a Downloading 48.23MB
 1128949d0793 Extracting 1B
 667692510b70 Downloading 50.33MB
 bed4ecf88e6a Downloading 48.23MB
 1128949d0793 Extracting 1B
 667692510b70 Downloading 50.33MB
 bed4ecf88e6a Downloading 48.23MB
 1128949d0793 Extracting 1B
 bed4ecf88e6a Downloading 48.23MB
 667692510b70 Downloading 51.38MB
 1128949d0793 Extracting 1B
 667692510b70 Downloading 51.38MB
 bed4ecf88e6a Downloading 49.28MB
 1128949d0793 Pull complete 0B
 667692510b70 Download complete 0B
 bed4ecf88e6a Downloading 49.28MB
 667692510b70 Extracting 1B
 bed4ecf88e6a Downloading 49.28MB
 667692510b70 Extracting 1B
 bed4ecf88e6a Downloading 49.28MB
 667692510b70 Extracting 1B
 bed4ecf88e6a Downloading 49.28MB
 667692510b70 Extracting 1B
 bed4ecf88e6a Downloading 49.28MB
 667692510b70 Extracting 1B
 bed4ecf88e6a Downloading 50.33MB
 667692510b70 Extracting 1B
 bed4ecf88e6a Downloading 50.33MB
 667692510b70 Extracting 1B
 94d1c1cbf347 Downloading 1.049MB
 bed4ecf88e6a Downloading 50.33MB
 667692510b70 Extracting 1B
 94d1c1cbf347 Downloading 1.049MB
 bed4ecf88e6a Downloading 50.33MB
 667692510b70 Extracting 1B
 94d1c1cbf347 Downloading 1.049MB
 bed4ecf88e6a Downloading 50.33MB
 667692510b70 Extracting 1B
 94d1c1cbf347 Downloading 1.049MB
 bed4ecf88e6a Downloading 50.33MB
 667692510b70 Extracting 1B
 94d1c1cbf347 Downloading 1.049MB
 bed4ecf88e6a Downloading 51.38MB
 667692510b70 Extracting 2B
 94d1c1cbf347 Downloading 2.097MB
 bed4ecf88e6a Downloading 51.38MB
 667692510b70 Extracting 2B
 94d1c1cbf347 Downloading 2.097MB
 bed4ecf88e6a Downloading 51.38MB
 667692510b70 Extracting 2B
 94d1c1cbf347 Downloading 2.097MB
 bed4ecf88e6a Downloading 51.38MB
 667692510b70 Extracting 2B
 94d1c1cbf347 Downloading 2.097MB
 bed4ecf88e6a Downloading 51.38MB
 667692510b70 Extracting 2B
 94d1c1cbf347 Downloading 2.097MB
 bed4ecf88e6a Downloading 51.38MB
 667692510b70 Extracting 2B
 94d1c1cbf347 Downloading 2.097MB
 bed4ecf88e6a Downloading 51.38MB
 667692510b70 Extracting 2B
 94d1c1cbf347 Downloading 3.146MB
 bed4ecf88e6a Downloading 51.38MB
 667692510b70 Extracting 2B
 94d1c1cbf347 Downloading 3.146MB
 bed4ecf88e6a Downloading 51.38MB
 667692510b70 Extracting 2B
 bed4ecf88e6a Downloading 52.43MB
 94d1c1cbf347 Downloading 3.146MB
 667692510b70 Extracting 2B
 94d1c1cbf347 Downloading 3.146MB
 bed4ecf88e6a Downloading 52.43MB
 667692510b70 Extracting 3B
 94d1c1cbf347 Downloading 3.146MB
 bed4ecf88e6a Downloading 52.43MB
 667692510b70 Extracting 3B
 94d1c1cbf347 Downloading 3.146MB
 bed4ecf88e6a Downloading 52.43MB
 667692510b70 Extracting 3B
 94d1c1cbf347 Downloading 3.146MB
 bed4ecf88e6a Downloading 52.43MB
 667692510b70 Extracting 3B
 94d1c1cbf347 Downloading 4.194MB
 bed4ecf88e6a Downloading 52.43MB
 667692510b70 Extracting 3B
 94d1c1cbf347 Downloading 4.194MB
 bed4ecf88e6a Downloading 52.43MB
 667692510b70 Extracting 3B
 bed4ecf88e6a Downloading 52.43MB
 ac097723595b Downloading 1.049MB
 94d1c1cbf347 Downloading 4.194MB
 667692510b70 Extracting 3B
 94d1c1cbf347 Downloading 4.194MB
 bed4ecf88e6a Downloading 52.43MB
 ac097723595b Downloading 1.049MB
 667692510b70 Extracting 3B
 ac097723595b Downloading 1.049MB
 94d1c1cbf347 Downloading 4.194MB
 bed4ecf88e6a Downloading 52.43MB
 667692510b70 Extracting 3B
 ac097723595b Downloading 1.049MB
 94d1c1cbf347 Downloading 4.194MB
 bed4ecf88e6a Downloading 52.43MB
 667692510b70 Extracting 3B
 ac097723595b Downloading 1.049MB
 94d1c1cbf347 Downloading 4.194MB
 bed4ecf88e6a Downloading 53.48MB
 667692510b70 Extracting 4B
 bed4ecf88e6a Downloading 53.48MB
 ac097723595b Downloading 1.049MB
 94d1c1cbf347 Downloading 5.243MB
 667692510b70 Extracting 4B
 ac097723595b Downloading 1.049MB
 94d1c1cbf347 Downloading 5.243MB
 bed4ecf88e6a Downloading 53.48MB
 667692510b70 Extracting 4B
 ac097723595b Downloading 1.049MB
 94d1c1cbf347 Downloading 5.243MB
 bed4ecf88e6a Downloading 53.48MB
 667692510b70 Extracting 4B
 ac097723595b Downloading 1.049MB
 94d1c1cbf347 Downloading 5.792MB
 bed4ecf88e6a Downloading 53.48MB
 667692510b70 Extracting 4B
 94d1c1cbf347 Download complete 0B
 bed4ecf88e6a Downloading 53.48MB
 ac097723595b Downloading 1.049MB
 667692510b70 Extracting 4B
 bed4ecf88e6a Downloading 53.48MB
 ac097723595b Downloading 1.049MB
 667692510b70 Extracting 4B
 bed4ecf88e6a Downloading 53.48MB
 ac097723595b Downloading 2.097MB
 667692510b70 Extracting 4B
 bed4ecf88e6a Downloading 54.53MB
 ac097723595b Downloading 2.097MB
 667692510b70 Extracting 4B
 ac097723595b Downloading 2.097MB
 bed4ecf88e6a Downloading 54.53MB
 667692510b70 Extracting 4B
 bed4ecf88e6a Downloading 54.53MB
 ac097723595b Downloading 2.097MB
 667692510b70 Extracting 5B
 bed4ecf88e6a Downloading 54.53MB
 ac097723595b Downloading 2.097MB
 667692510b70 Extracting 5B
 ac097723595b Downloading 3.146MB
 bed4ecf88e6a Downloading 54.53MB
 667692510b70 Extracting 5B
 ac097723595b Downloading 3.146MB
 bed4ecf88e6a Downloading 54.53MB
 667692510b70 Extracting 5B
 ac097723595b Downloading 3.146MB
 bed4ecf88e6a Downloading 54.53MB
 667692510b70 Extracting 5B
 bed4ecf88e6a Downloading 54.53MB
 e7028784d190 Download complete 0B
 ac097723595b Downloading 3.146MB
 667692510b70 Extracting 5B
 bed4ecf88e6a Downloading 55.57MB
 ac097723595b Downloading 3.146MB
 667692510b70 Extracting 5B
 bed4ecf88e6a Downloading 55.57MB
 ac097723595b Downloading 4.194MB
 667692510b70 Extracting 5B
 bed4ecf88e6a Downloading 55.57MB
 ac097723595b Downloading 4.194MB
 667692510b70 Extracting 5B
 bed4ecf88e6a Downloading 55.57MB
 ac097723595b Downloading 4.194MB
 667692510b70 Extracting 5B
 ac097723595b Downloading 4.194MB
 bed4ecf88e6a Downloading 55.57MB
 667692510b70 Extracting 6B
 ac097723595b Downloading 4.194MB
 bed4ecf88e6a Downloading 55.57MB
 667692510b70 Extracting 6B
 ac097723595b Downloading 5.243MB
 bed4ecf88e6a Downloading 56.62MB
 667692510b70 Extracting 6B
 bed4ecf88e6a Downloading 56.62MB
 ac097723595b Downloading 5.243MB
 667692510b70 Extracting 6B
 bed4ecf88e6a Downloading 56.62MB
 ac097723595b Downloading 5.243MB
 667692510b70 Extracting 6B
 ac097723595b Downloading 5.243MB
 bed4ecf88e6a Downloading 56.62MB
 667692510b70 Extracting 6B
 ac097723595b Downloading 5.243MB
 bed4ecf88e6a Downloading 56.62MB
 667692510b70 Extracting 6B
 bed4ecf88e6a Downloading 56.62MB
 ac097723595b Downloading 5.243MB
 667692510b70 Extracting 6B
 bed4ecf88e6a Downloading 56.62MB
 ac097723595b Downloading 6.291MB
 667692510b70 Extracting 6B
 ac097723595b Downloading 6.291MB
 bed4ecf88e6a Downloading 56.62MB
 667692510b70 Extracting 6B
 bed4ecf88e6a Downloading 56.62MB
 ac097723595b Downloading 6.291MB
 667692510b70 Pull complete 0B
 bed4ecf88e6a Downloading 56.62MB
 ac097723595b Downloading 6.291MB
 bed4ecf88e6a Downloading 56.62MB
 16fffdb8dec4 Downloading 1.049MB
 ac097723595b Downloading 6.291MB
 16fffdb8dec4 Downloading 1.049MB
 ac097723595b Downloading 6.291MB
 bed4ecf88e6a Downloading 56.62MB
 16fffdb8dec4 Downloading 1.049MB
 ac097723595b Downloading 6.291MB
 bed4ecf88e6a Downloading 57.67MB
 16fffdb8dec4 Downloading 1.049MB
 ac097723595b Downloading 7.34MB
 bed4ecf88e6a Downloading 57.67MB
 bed4ecf88e6a Downloading 57.67MB
 16fffdb8dec4 Downloading 1.049MB
 ac097723595b Downloading 7.34MB
 bed4ecf88e6a Downloading 57.67MB
 16fffdb8dec4 Downloading 1.049MB
 ac097723595b Downloading 7.34MB
 bed4ecf88e6a Downloading 57.67MB
 16fffdb8dec4 Downloading 1.049MB
 ac097723595b Downloading 7.34MB
 bed4ecf88e6a Downloading 57.67MB
 16fffdb8dec4 Download complete 0B
 ac097723595b Downloading 7.34MB
 bed4ecf88e6a Downloading 57.67MB
 ac097723595b Downloading 7.34MB
 ac097723595b Downloading 7.34MB
 bed4ecf88e6a Downloading 57.67MB
 bed4ecf88e6a Downloading 57.67MB
 ac097723595b Downloading 8.389MB
 bed4ecf88e6a Downloading 58.72MB
 ac097723595b Downloading 8.389MB
 bed4ecf88e6a Downloading 58.72MB
 ac097723595b Downloading 8.389MB
 bed4ecf88e6a Downloading 58.72MB
 ac097723595b Downloading 8.389MB
 ac097723595b Downloading 8.389MB
 bed4ecf88e6a Downloading 58.72MB
 ac097723595b Downloading 9.437MB
 bed4ecf88e6a Downloading 58.72MB
 ac097723595b Downloading 9.437MB
 bed4ecf88e6a Downloading 58.72MB
 ac097723595b Downloading 9.437MB
 bed4ecf88e6a Downloading 58.72MB
 ac097723595b Downloading 9.437MB
 bed4ecf88e6a Downloading 58.72MB
 ac097723595b Downloading 9.437MB
 bed4ecf88e6a Downloading 59.77MB
 ac097723595b Downloading 9.437MB
 bed4ecf88e6a Downloading 59.77MB
 ac097723595b Downloading 10.49MB
 bed4ecf88e6a Downloading 59.77MB
 bed4ecf88e6a Downloading 59.77MB
 ac097723595b Downloading 10.49MB
 bed4ecf88e6a Downloading 59.77MB
 ac097723595b Downloading 10.49MB
 ac097723595b Downloading 10.49MB
 bed4ecf88e6a Downloading 59.77MB
 ac097723595b Downloading 10.49MB
 bed4ecf88e6a Downloading 59.77MB
 ac097723595b Downloading 11.53MB
 bed4ecf88e6a Downloading 59.77MB
 ac097723595b Downloading 11.53MB
 bed4ecf88e6a Downloading 60.82MB
 bed4ecf88e6a Downloading 60.82MB
 ac097723595b Downloading 11.53MB
 bed4ecf88e6a Downloading 60.82MB
 ac097723595b Downloading 11.53MB
 ac097723595b Downloading 11.53MB
 bed4ecf88e6a Downloading 60.82MB
 bed4ecf88e6a Downloading 60.82MB
 ac097723595b Downloading 11.53MB
 ac097723595b Downloading 12.58MB
 bed4ecf88e6a Downloading 60.82MB
 ac097723595b Downloading 12.58MB
 bed4ecf88e6a Downloading 60.82MB
 ac097723595b Downloading 12.58MB
 bed4ecf88e6a Downloading 61.87MB
 ac097723595b Downloading 12.58MB
 bed4ecf88e6a Downloading 61.87MB
 ac097723595b Downloading 12.58MB
 bed4ecf88e6a Downloading 61.87MB
 bed4ecf88e6a Downloading 61.87MB
 ac097723595b Downloading 13.63MB
 ac097723595b Downloading 13.63MB
 bed4ecf88e6a Downloading 61.87MB
 ac097723595b Downloading 13.63MB
 bed4ecf88e6a Downloading 61.87MB
 bed4ecf88e6a Downloading 61.87MB
 ac097723595b Downloading 13.63MB
 ac097723595b Downloading 14.68MB
 bed4ecf88e6a Downloading 61.87MB
 bed4ecf88e6a Downloading 61.87MB
 ac097723595b Downloading 14.68MB
 ac097723595b Downloading 14.68MB
 bed4ecf88e6a Downloading 62.91MB
 ac097723595b Downloading 14.68MB
 bed4ecf88e6a Downloading 62.91MB
 bed4ecf88e6a Downloading 62.91MB
 ac097723595b Downloading 14.68MB
 bed4ecf88e6a Downloading 62.91MB
 ac097723595b Downloading 15.73MB
 bed4ecf88e6a Downloading 62.91MB
 ac097723595b Downloading 15.73MB
 ac097723595b Downloading 15.73MB
 bed4ecf88e6a Downloading 62.91MB
 ac097723595b Downloading 15.73MB
 bed4ecf88e6a Downloading 62.91MB
 ac097723595b Downloading 15.73MB
 bed4ecf88e6a Downloading 62.91MB
 bed4ecf88e6a Downloading 63.96MB
 ac097723595b Downloading 16.78MB
 ac097723595b Downloading 16.78MB
 bed4ecf88e6a Downloading 63.96MB
 ac097723595b Downloading 16.78MB
 bed4ecf88e6a Downloading 63.96MB
 ac097723595b Downloading 16.78MB
 bed4ecf88e6a Downloading 63.96MB
 ac097723595b Downloading 16.78MB
 bed4ecf88e6a Downloading 63.96MB
 bed4ecf88e6a Downloading 63.96MB
 ac097723595b Downloading 16.78MB
 bed4ecf88e6a Downloading 63.96MB
 ac097723595b Downloading 17.83MB
 ac097723595b Downloading 17.83MB
 bed4ecf88e6a Downloading 65.01MB
 ac097723595b Downloading 17.83MB
 bed4ecf88e6a Downloading 65.01MB
 bed4ecf88e6a Downloading 65.01MB
 ac097723595b Downloading 17.83MB
 bed4ecf88e6a Downloading 65.01MB
 ac097723595b Downloading 17.83MB
 ac097723595b Downloading 17.83MB
 bed4ecf88e6a Downloading 65.01MB
 bed4ecf88e6a Downloading 65.01MB
 ac097723595b Downloading 18.87MB
 bed4ecf88e6a Downloading 65.01MB
 ac097723595b Downloading 18.87MB
 ac097723595b Downloading 18.87MB
 bed4ecf88e6a Downloading 66.06MB
 bed4ecf88e6a Downloading 66.06MB
 ac097723595b Downloading 18.87MB
 bed4ecf88e6a Downloading 66.06MB
 ac097723595b Downloading 18.87MB
 ac097723595b Downloading 19.92MB
 bed4ecf88e6a Downloading 66.06MB
 ac097723595b Downloading 19.92MB
 bed4ecf88e6a Downloading 66.06MB
 bed4ecf88e6a Downloading 66.06MB
 ac097723595b Downloading 19.92MB
 bed4ecf88e6a Downloading 67.11MB
 ac097723595b Downloading 19.92MB
 bed4ecf88e6a Downloading 67.11MB
 ac097723595b Downloading 19.92MB
 bed4ecf88e6a Downloading 67.11MB
 ac097723595b Downloading 20.97MB
 ac097723595b Downloading 20.97MB
 bed4ecf88e6a Downloading 67.11MB
 bed4ecf88e6a Downloading 67.11MB
 ac097723595b Downloading 20.97MB
 ac097723595b Downloading 20.97MB
 bed4ecf88e6a Downloading 67.11MB
 ac097723595b Downloading 20.97MB
 bed4ecf88e6a Downloading 68.16MB
 ac097723595b Downloading 20.97MB
 bed4ecf88e6a Downloading 68.16MB
 bed4ecf88e6a Downloading 68.16MB
 ac097723595b Downloading 20.97MB
 ac097723595b Downloading 20.97MB
 bed4ecf88e6a Downloading 68.16MB
 ac097723595b Downloading 20.97MB
 bed4ecf88e6a Downloading 68.16MB
 bed4ecf88e6a Downloading 68.16MB
 ac097723595b Downloading 20.97MB
 ac097723595b Downloading 20.97MB
 bed4ecf88e6a Downloading 68.16MB
 bed4ecf88e6a Downloading 69.21MB
 ac097723595b Downloading 22.02MB
 bed4ecf88e6a Downloading 69.21MB
 ac097723595b Downloading 22.02MB
 ac097723595b Downloading 22.02MB
 bed4ecf88e6a Downloading 69.21MB
 bed4ecf88e6a Downloading 69.21MB
 ac097723595b Downloading 22.02MB
 bed4ecf88e6a Downloading 69.21MB
 ac097723595b Downloading 22.02MB
 ac097723595b Downloading 22.02MB
 bed4ecf88e6a Downloading 69.21MB
 ac097723595b Downloading 22.02MB
 bed4ecf88e6a Downloading 70.25MB
 bed4ecf88e6a Downloading 70.25MB
 ac097723595b Downloading 23.07MB
 bed4ecf88e6a Downloading 70.25MB
 ac097723595b Downloading 23.07MB
 ac097723595b Downloading 23.07MB
 bed4ecf88e6a Downloading 70.25MB
 bed4ecf88e6a Downloading 70.25MB
 ac097723595b Downloading 23.07MB
 ac097723595b Downloading 23.07MB
 bed4ecf88e6a Downloading 71.3MB
 bed4ecf88e6a Downloading 71.3MB
 ac097723595b Downloading 23.07MB
 ac097723595b Downloading 24.12MB
 bed4ecf88e6a Downloading 71.3MB
 bed4ecf88e6a Downloading 71.3MB
 ac097723595b Downloading 24.12MB
 ac097723595b Downloading 24.12MB
 bed4ecf88e6a Downloading 71.3MB
 ac097723595b Downloading 24.12MB
 bed4ecf88e6a Downloading 71.3MB
 bed4ecf88e6a Downloading 72.35MB
 ac097723595b Downloading 24.12MB
 ac097723595b Downloading 25.08MB
 bed4ecf88e6a Downloading 72.35MB
 ac097723595b Download complete 0B
 bed4ecf88e6a Downloading 72.35MB
 bed4ecf88e6a Downloading 72.35MB
 bed4ecf88e6a Downloading 73.4MB
 bed4ecf88e6a Downloading 73.4MB
 bed4ecf88e6a Downloading 73.4MB
 bed4ecf88e6a Downloading 73.4MB
 bed4ecf88e6a Downloading 74.45MB
 bed4ecf88e6a Downloading 74.45MB
 bed4ecf88e6a Downloading 74.45MB
 bed4ecf88e6a Downloading 75.5MB
 bed4ecf88e6a Downloading 75.5MB
 bed4ecf88e6a Downloading 75.5MB
 bed4ecf88e6a Downloading 76.55MB
 bed4ecf88e6a Downloading 76.55MB
 bed4ecf88e6a Downloading 76.55MB
 bed4ecf88e6a Downloading 77.59MB
 bed4ecf88e6a Downloading 77.59MB
 bed4ecf88e6a Downloading 77.59MB
 bed4ecf88e6a Downloading 78.64MB
 bed4ecf88e6a Downloading 78.64MB
 bed4ecf88e6a Downloading 78.64MB
 bed4ecf88e6a Downloading 79.69MB
 bed4ecf88e6a Downloading 79.69MB
 bed4ecf88e6a Downloading 79.69MB
 bed4ecf88e6a Downloading 80.74MB
 bed4ecf88e6a Downloading 80.74MB
 bed4ecf88e6a Downloading 80.74MB
 bed4ecf88e6a Downloading 81.79MB
 bed4ecf88e6a Downloading 81.79MB
 bed4ecf88e6a Downloading 81.79MB
 bed4ecf88e6a Downloading 82.84MB
 bed4ecf88e6a Downloading 82.84MB
 bed4ecf88e6a Downloading 82.84MB
 bed4ecf88e6a Downloading 83.89MB
 bed4ecf88e6a Downloading 83.89MB
 bed4ecf88e6a Downloading 83.89MB
 bed4ecf88e6a Downloading 84.93MB
 bed4ecf88e6a Downloading 84.93MB
 bed4ecf88e6a Downloading 84.93MB
 bed4ecf88e6a Downloading 85.98MB
 bed4ecf88e6a Downloading 85.98MB
 bed4ecf88e6a Downloading 85.98MB
 bed4ecf88e6a Downloading 87.03MB
 bed4ecf88e6a Downloading 87.03MB
 bed4ecf88e6a Downloading 87.03MB
 bed4ecf88e6a Downloading 88.08MB
 bed4ecf88e6a Downloading 88.08MB
 bed4ecf88e6a Downloading 88.08MB
 bed4ecf88e6a Downloading 89.13MB
 bed4ecf88e6a Downloading 89.13MB
 bed4ecf88e6a Downloading 89.13MB
 bed4ecf88e6a Downloading 90.18MB
 bed4ecf88e6a Downloading 90.18MB
 bed4ecf88e6a Downloading 90.18MB
 bed4ecf88e6a Downloading 91.23MB
 bed4ecf88e6a Downloading 91.23MB
 bed4ecf88e6a Downloading 91.23MB
 bed4ecf88e6a Downloading 91.23MB
 bed4ecf88e6a Downloading 92.27MB
 bed4ecf88e6a Downloading 92.27MB
 bed4ecf88e6a Downloading 92.27MB
 bed4ecf88e6a Downloading 93.32MB
 bed4ecf88e6a Downloading 93.32MB
 bed4ecf88e6a Downloading 94.37MB
 bed4ecf88e6a Downloading 94.37MB
 bed4ecf88e6a Downloading 94.37MB
 bed4ecf88e6a Downloading 95.42MB
 bed4ecf88e6a Downloading 95.42MB
 bed4ecf88e6a Downloading 95.42MB
 bed4ecf88e6a Downloading 96.47MB
 bed4ecf88e6a Downloading 96.47MB
 bed4ecf88e6a Downloading 96.47MB
 bed4ecf88e6a Downloading 97.52MB
 bed4ecf88e6a Downloading 97.52MB
 bed4ecf88e6a Downloading 97.52MB
 bed4ecf88e6a Downloading 98.57MB
 bed4ecf88e6a Downloading 98.57MB
 bed4ecf88e6a Downloading 98.57MB
 bed4ecf88e6a Downloading 99.61MB
 bed4ecf88e6a Downloading 99.61MB
 bed4ecf88e6a Downloading 99.61MB
 bed4ecf88e6a Downloading 100.7MB
 bed4ecf88e6a Downloading 100.7MB
 bed4ecf88e6a Downloading 100.7MB
 bed4ecf88e6a Downloading 100.7MB
 bed4ecf88e6a Downloading 101.7MB
 bed4ecf88e6a Downloading 101.7MB
 bed4ecf88e6a Downloading 101.7MB
 bed4ecf88e6a Downloading 102.8MB
 bed4ecf88e6a Downloading 103.8MB
 bed4ecf88e6a Downloading 103.8MB
 bed4ecf88e6a Downloading 103.8MB
 bed4ecf88e6a Downloading 104.9MB
 bed4ecf88e6a Downloading 104.9MB
 bed4ecf88e6a Downloading 104.9MB
 bed4ecf88e6a Downloading 105.9MB
 bed4ecf88e6a Downloading 105.9MB
 bed4ecf88e6a Downloading 105.9MB
 bed4ecf88e6a Downloading 105.9MB
 bed4ecf88e6a Downloading 107MB
 bed4ecf88e6a Downloading 107MB
 bed4ecf88e6a Downloading 107MB
 bed4ecf88e6a Downloading 107MB
 bed4ecf88e6a Downloading 107MB
 bed4ecf88e6a Downloading 108MB
 bed4ecf88e6a Downloading 108MB
 bed4ecf88e6a Downloading 108MB
 bed4ecf88e6a Downloading 109.1MB
 bed4ecf88e6a Downloading 109.1MB
 bed4ecf88e6a Downloading 109.1MB
 bed4ecf88e6a Downloading 109.1MB
 bed4ecf88e6a Downloading 110.1MB
 bed4ecf88e6a Downloading 110.1MB
 bed4ecf88e6a Downloading 110.1MB
 bed4ecf88e6a Downloading 111.1MB
 bed4ecf88e6a Downloading 111.1MB
 bed4ecf88e6a Downloading 112.2MB
 bed4ecf88e6a Downloading 112.2MB
 bed4ecf88e6a Downloading 112.2MB
 bed4ecf88e6a Downloading 113.2MB
 bed4ecf88e6a Downloading 113.2MB
 bed4ecf88e6a Downloading 113.2MB
 bed4ecf88e6a Downloading 114.3MB
 bed4ecf88e6a Downloading 114.3MB
 bed4ecf88e6a Downloading 114.3MB
 bed4ecf88e6a Downloading 115.3MB
 bed4ecf88e6a Downloading 115.3MB
 bed4ecf88e6a Downloading 115.3MB
 bed4ecf88e6a Downloading 116.4MB
 bed4ecf88e6a Downloading 116.4MB
 bed4ecf88e6a Downloading 116.4MB
 bed4ecf88e6a Downloading 117.4MB
 bed4ecf88e6a Downloading 117.4MB
 bed4ecf88e6a Downloading 117.4MB
 bed4ecf88e6a Downloading 118.5MB
 bed4ecf88e6a Downloading 118.5MB
 bed4ecf88e6a Downloading 118.5MB
 bed4ecf88e6a Downloading 119.5MB
 bed4ecf88e6a Downloading 119.5MB
 bed4ecf88e6a Downloading 119.5MB
 bed4ecf88e6a Downloading 120.6MB
 bed4ecf88e6a Downloading 120.6MB
 bed4ecf88e6a Downloading 120.6MB
 bed4ecf88e6a Downloading 121.6MB
 bed4ecf88e6a Downloading 121.6MB
 bed4ecf88e6a Downloading 121.6MB
 bed4ecf88e6a Downloading 122.7MB
 bed4ecf88e6a Downloading 122.7MB
 bed4ecf88e6a Downloading 122.7MB
 bed4ecf88e6a Downloading 123.7MB
 bed4ecf88e6a Downloading 123.7MB
 bed4ecf88e6a Downloading 123.7MB
 bed4ecf88e6a Downloading 124.8MB
 bed4ecf88e6a Downloading 124.8MB
 bed4ecf88e6a Downloading 124.8MB
 bed4ecf88e6a Downloading 125.8MB
 bed4ecf88e6a Downloading 125.8MB
 bed4ecf88e6a Downloading 125.8MB
 bed4ecf88e6a Downloading 126.9MB
 bed4ecf88e6a Downloading 126.9MB
 bed4ecf88e6a Downloading 126.9MB
 bed4ecf88e6a Downloading 127.9MB
 bed4ecf88e6a Downloading 127.9MB
 bed4ecf88e6a Downloading 127.9MB
 bed4ecf88e6a Downloading 129MB
 bed4ecf88e6a Downloading 129MB
 bed4ecf88e6a Downloading 129MB
 bed4ecf88e6a Downloading 130MB
 bed4ecf88e6a Downloading 130MB
 bed4ecf88e6a Downloading 130MB
 bed4ecf88e6a Downloading 131.1MB
 bed4ecf88e6a Downloading 131.1MB
 bed4ecf88e6a Downloading 131.1MB
 bed4ecf88e6a Downloading 132.1MB
 bed4ecf88e6a Downloading 132.1MB
 bed4ecf88e6a Downloading 132.1MB
 bed4ecf88e6a Downloading 133.2MB
 bed4ecf88e6a Downloading 133.2MB
 bed4ecf88e6a Downloading 133.2MB
 bed4ecf88e6a Downloading 134.2MB
 bed4ecf88e6a Downloading 134.2MB
 bed4ecf88e6a Downloading 134.2MB
 bed4ecf88e6a Downloading 134.2MB
 bed4ecf88e6a Downloading 135.3MB
 bed4ecf88e6a Downloading 135.3MB
 bed4ecf88e6a Downloading 135.3MB
 bed4ecf88e6a Downloading 136.3MB
 bed4ecf88e6a Downloading 136.3MB
 bed4ecf88e6a Downloading 136.3MB
 bed4ecf88e6a Downloading 136.3MB
 bed4ecf88e6a Downloading 137.4MB
 bed4ecf88e6a Downloading 137.4MB
 bed4ecf88e6a Downloading 138.4MB
 bed4ecf88e6a Downloading 138.4MB
 bed4ecf88e6a Downloading 138.4MB
 bed4ecf88e6a Downloading 139.5MB
 bed4ecf88e6a Downloading 139.5MB
 bed4ecf88e6a Downloading 139.5MB
 bed4ecf88e6a Downloading 140.5MB
 bed4ecf88e6a Downloading 140.5MB
 bed4ecf88e6a Downloading 140.5MB
 bed4ecf88e6a Downloading 141.6MB
 bed4ecf88e6a Downloading 141.6MB
 bed4ecf88e6a Downloading 141.6MB
 bed4ecf88e6a Downloading 141.6MB
 bed4ecf88e6a Downloading 142.6MB
 bed4ecf88e6a Downloading 142.6MB
 bed4ecf88e6a Downloading 142.6MB
 bed4ecf88e6a Downloading 143.7MB
 bed4ecf88e6a Downloading 143.7MB
 bed4ecf88e6a Downloading 143.7MB
 bed4ecf88e6a Downloading 143.7MB
 bed4ecf88e6a Downloading 144.7MB
 bed4ecf88e6a Downloading 144.7MB
 bed4ecf88e6a Downloading 144.7MB
 bed4ecf88e6a Downloading 145.8MB
 bed4ecf88e6a Downloading 145.8MB
 bed4ecf88e6a Downloading 145.8MB
 bed4ecf88e6a Downloading 146.8MB
 bed4ecf88e6a Downloading 146.8MB
 bed4ecf88e6a Downloading 146.8MB
 bed4ecf88e6a Downloading 147.8MB
 bed4ecf88e6a Downloading 147.8MB
 bed4ecf88e6a Downloading 147.8MB
 bed4ecf88e6a Downloading 147.8MB
 bed4ecf88e6a Downloading 148.9MB
 bed4ecf88e6a Downloading 148.9MB
 bed4ecf88e6a Downloading 148.9MB
 bed4ecf88e6a Downloading 149.9MB
 bed4ecf88e6a Downloading 149.9MB
 bed4ecf88e6a Downloading 149.9MB
 bed4ecf88e6a Downloading 151MB
 bed4ecf88e6a Downloading 151MB
 bed4ecf88e6a Downloading 151MB
 bed4ecf88e6a Downloading 152MB
 bed4ecf88e6a Downloading 152MB
 bed4ecf88e6a Downloading 152MB
 bed4ecf88e6a Downloading 152MB
 bed4ecf88e6a Downloading 153.1MB
 bed4ecf88e6a Downloading 153.1MB
 bed4ecf88e6a Downloading 154.1MB
 bed4ecf88e6a Downloading 154.1MB
 bed4ecf88e6a Downloading 154.1MB
 bed4ecf88e6a Downloading 155.2MB
 bed4ecf88e6a Downloading 155.2MB
 bed4ecf88e6a Downloading 155.2MB
 bed4ecf88e6a Downloading 156.2MB
 bed4ecf88e6a Downloading 156.2MB
 bed4ecf88e6a Downloading 156.2MB
 bed4ecf88e6a Downloading 157.3MB
 bed4ecf88e6a Downloading 157.3MB
 bed4ecf88e6a Downloading 157.3MB
 bed4ecf88e6a Downloading 157.3MB
 bed4ecf88e6a Downloading 158.3MB
 bed4ecf88e6a Downloading 158.3MB
 bed4ecf88e6a Downloading 158.3MB
 bed4ecf88e6a Downloading 159.4MB
 bed4ecf88e6a Downloading 159.4MB
 bed4ecf88e6a Downloading 159.4MB
 bed4ecf88e6a Downloading 160.4MB
 bed4ecf88e6a Downloading 160.4MB
 bed4ecf88e6a Downloading 160.4MB
 bed4ecf88e6a Downloading 160.4MB
 bed4ecf88e6a Downloading 160.4MB
 bed4ecf88e6a Downloading 161.5MB
 bed4ecf88e6a Downloading 161.5MB
 bed4ecf88e6a Downloading 161.5MB
 bed4ecf88e6a Downloading 162.5MB
 bed4ecf88e6a Downloading 162.5MB
 bed4ecf88e6a Downloading 162.5MB
 bed4ecf88e6a Downloading 163.6MB
 bed4ecf88e6a Downloading 163.6MB
 bed4ecf88e6a Downloading 163.6MB
 bed4ecf88e6a Downloading 164.6MB
 bed4ecf88e6a Downloading 164.6MB
 bed4ecf88e6a Downloading 164.6MB
 bed4ecf88e6a Downloading 164.6MB
 bed4ecf88e6a Downloading 165.7MB
 bed4ecf88e6a Downloading 165.7MB
 bed4ecf88e6a Downloading 165.7MB
 bed4ecf88e6a Downloading 166.7MB
 bed4ecf88e6a Downloading 166.7MB
 bed4ecf88e6a Downloading 166.7MB
 bed4ecf88e6a Downloading 167.8MB
 bed4ecf88e6a Downloading 167.8MB
 bed4ecf88e6a Downloading 167.8MB
 bed4ecf88e6a Downloading 168.8MB
 bed4ecf88e6a Downloading 168.8MB
 bed4ecf88e6a Downloading 168.8MB
 bed4ecf88e6a Downloading 169.9MB
 bed4ecf88e6a Downloading 169.9MB
 bed4ecf88e6a Downloading 169.9MB
 bed4ecf88e6a Downloading 170.9MB
 bed4ecf88e6a Downloading 170.9MB
 bed4ecf88e6a Downloading 170.9MB
 bed4ecf88e6a Downloading 172MB
 bed4ecf88e6a Downloading 172MB
 bed4ecf88e6a Downloading 172MB
 bed4ecf88e6a Downloading 173MB
 bed4ecf88e6a Downloading 173MB
 bed4ecf88e6a Downloading 173MB
 bed4ecf88e6a Downloading 174.1MB
 bed4ecf88e6a Downloading 174.1MB
 bed4ecf88e6a Downloading 174.1MB
 bed4ecf88e6a Downloading 174.1MB
 bed4ecf88e6a Downloading 174.1MB
 bed4ecf88e6a Downloading 175.1MB
 bed4ecf88e6a Downloading 175.1MB
 bed4ecf88e6a Downloading 175.1MB
 bed4ecf88e6a Downloading 175.1MB
 bed4ecf88e6a Downloading 176.2MB
 bed4ecf88e6a Downloading 176.2MB
 bed4ecf88e6a Downloading 176.2MB
 bed4ecf88e6a Downloading 177.2MB
 bed4ecf88e6a Downloading 177.2MB
 bed4ecf88e6a Downloading 177.2MB
 bed4ecf88e6a Downloading 178.3MB
 bed4ecf88e6a Downloading 178.3MB
 bed4ecf88e6a Downloading 178.3MB
 bed4ecf88e6a Downloading 179.3MB
 bed4ecf88e6a Downloading 179.3MB
 bed4ecf88e6a Downloading 179.3MB
 bed4ecf88e6a Downloading 180.4MB
 bed4ecf88e6a Downloading 180.4MB
 bed4ecf88e6a Downloading 180.4MB
 bed4ecf88e6a Downloading 181.4MB
 bed4ecf88e6a Downloading 181.4MB
 bed4ecf88e6a Downloading 181.4MB
 bed4ecf88e6a Downloading 182.5MB
 bed4ecf88e6a Downloading 182.5MB
 bed4ecf88e6a Downloading 182.5MB
 bed4ecf88e6a Downloading 183.5MB
 bed4ecf88e6a Downloading 183.5MB
 bed4ecf88e6a Downloading 183.5MB
 bed4ecf88e6a Downloading 184.5MB
 bed4ecf88e6a Downloading 184.5MB
 bed4ecf88e6a Downloading 184.5MB
 bed4ecf88e6a Downloading 185.6MB
 bed4ecf88e6a Downloading 185.6MB
 bed4ecf88e6a Downloading 185.6MB
 bed4ecf88e6a Downloading 186.6MB
 bed4ecf88e6a Downloading 186.6MB
 bed4ecf88e6a Downloading 186.6MB
 bed4ecf88e6a Downloading 187.7MB
 bed4ecf88e6a Downloading 187.7MB
 bed4ecf88e6a Downloading 187.7MB
 bed4ecf88e6a Downloading 188.7MB
 bed4ecf88e6a Downloading 188.7MB
 bed4ecf88e6a Downloading 188.7MB
 bed4ecf88e6a Downloading 189.8MB
 bed4ecf88e6a Downloading 189.8MB
 bed4ecf88e6a Downloading 189.8MB
 bed4ecf88e6a Downloading 190.8MB
 bed4ecf88e6a Downloading 190.8MB
 bed4ecf88e6a Downloading 190.8MB
 bed4ecf88e6a Downloading 191.9MB
 bed4ecf88e6a Download complete 0B
 bed4ecf88e6a Extracting 1B
 bed4ecf88e6a Extracting 1B
 bed4ecf88e6a Extracting 1B
 bed4ecf88e6a Extracting 1B
 bed4ecf88e6a Extracting 1B
 bed4ecf88e6a Extracting 1B
 bed4ecf88e6a Extracting 1B
 bed4ecf88e6a Extracting 1B
 bed4ecf88e6a Extracting 1B
 bed4ecf88e6a Extracting 1B
 bed4ecf88e6a Extracting 2B
 bed4ecf88e6a Extracting 2B
 bed4ecf88e6a Extracting 2B
 bed4ecf88e6a Extracting 2B
 bed4ecf88e6a Extracting 2B
 bed4ecf88e6a Extracting 2B
 bed4ecf88e6a Extracting 2B
 bed4ecf88e6a Extracting 2B
 bed4ecf88e6a Extracting 2B
 bed4ecf88e6a Extracting 2B
 bed4ecf88e6a Extracting 3B
 bed4ecf88e6a Extracting 3B
 bed4ecf88e6a Extracting 3B
 bed4ecf88e6a Extracting 3B
 bed4ecf88e6a Extracting 3B
 bed4ecf88e6a Extracting 3B
 bed4ecf88e6a Extracting 3B
 bed4ecf88e6a Extracting 3B
 bed4ecf88e6a Extracting 3B
 bed4ecf88e6a Extracting 3B
 bed4ecf88e6a Extracting 4B
 bed4ecf88e6a Extracting 4B
 bed4ecf88e6a Extracting 4B
 bed4ecf88e6a Extracting 4B
 bed4ecf88e6a Extracting 4B
 bed4ecf88e6a Extracting 4B
 bed4ecf88e6a Extracting 4B
 bed4ecf88e6a Extracting 4B
 bed4ecf88e6a Extracting 4B
 bed4ecf88e6a Extracting 4B
 bed4ecf88e6a Extracting 5B
 bed4ecf88e6a Extracting 5B
 bed4ecf88e6a Extracting 5B
 bed4ecf88e6a Extracting 5B
 bed4ecf88e6a Extracting 5B
 bed4ecf88e6a Extracting 5B
 bed4ecf88e6a Extracting 5B
 bed4ecf88e6a Extracting 5B
 bed4ecf88e6a Extracting 5B
 bed4ecf88e6a Extracting 5B
 bed4ecf88e6a Extracting 6B
 bed4ecf88e6a Extracting 6B
 bed4ecf88e6a Extracting 6B
 bed4ecf88e6a Extracting 6B
 bed4ecf88e6a Extracting 6B
 bed4ecf88e6a Extracting 6B
 bed4ecf88e6a Extracting 6B
 bed4ecf88e6a Extracting 6B
 bed4ecf88e6a Extracting 6B
 bed4ecf88e6a Extracting 6B
 bed4ecf88e6a Extracting 7B
 bed4ecf88e6a Extracting 7B
 bed4ecf88e6a Extracting 7B
 bed4ecf88e6a Extracting 7B
 bed4ecf88e6a Extracting 7B
 bed4ecf88e6a Extracting 7B
 bed4ecf88e6a Extracting 7B
 bed4ecf88e6a Extracting 7B
 bed4ecf88e6a Extracting 7B
 bed4ecf88e6a Extracting 7B
 bed4ecf88e6a Extracting 7B
 bed4ecf88e6a Extracting 8B
 bed4ecf88e6a Extracting 8B
 bed4ecf88e6a Extracting 8B
 bed4ecf88e6a Extracting 8B
 bed4ecf88e6a Extracting 8B
 bed4ecf88e6a Extracting 8B
 bed4ecf88e6a Extracting 8B
 bed4ecf88e6a Extracting 8B
 bed4ecf88e6a Extracting 8B
 bed4ecf88e6a Extracting 9B
 bed4ecf88e6a Extracting 9B
 bed4ecf88e6a Extracting 9B
 bed4ecf88e6a Extracting 9B
 bed4ecf88e6a Extracting 9B
 bed4ecf88e6a Extracting 9B
 bed4ecf88e6a Extracting 9B
 bed4ecf88e6a Extracting 9B
 bed4ecf88e6a Extracting 9B
 bed4ecf88e6a Extracting 9B
 bed4ecf88e6a Extracting 10B
 bed4ecf88e6a Extracting 10B
 bed4ecf88e6a Extracting 10B
 bed4ecf88e6a Extracting 10B
 bed4ecf88e6a Extracting 10B
 bed4ecf88e6a Extracting 10B
 bed4ecf88e6a Extracting 10B
 bed4ecf88e6a Extracting 10B
 bed4ecf88e6a Extracting 10B
 bed4ecf88e6a Extracting 10B
 bed4ecf88e6a Extracting 11B
 bed4ecf88e6a Extracting 11B
 bed4ecf88e6a Extracting 11B
 bed4ecf88e6a Extracting 11B
 bed4ecf88e6a Extracting 11B
 bed4ecf88e6a Extracting 11B
 bed4ecf88e6a Extracting 11B
 bed4ecf88e6a Extracting 11B
 bed4ecf88e6a Extracting 11B
 bed4ecf88e6a Extracting 11B
 bed4ecf88e6a Extracting 12B
 bed4ecf88e6a Extracting 12B
 bed4ecf88e6a Extracting 12B
 bed4ecf88e6a Extracting 12B
 bed4ecf88e6a Extracting 12B
 bed4ecf88e6a Extracting 12B
 bed4ecf88e6a Extracting 12B
 bed4ecf88e6a Extracting 12B
 bed4ecf88e6a Extracting 12B
 bed4ecf88e6a Extracting 12B
 bed4ecf88e6a Extracting 13B
 bed4ecf88e6a Extracting 13B
 bed4ecf88e6a Extracting 13B
 bed4ecf88e6a Extracting 13B
 bed4ecf88e6a Extracting 13B
 bed4ecf88e6a Extracting 13B
 bed4ecf88e6a Extracting 13B
 bed4ecf88e6a Extracting 13B
 bed4ecf88e6a Extracting 13B
 bed4ecf88e6a Extracting 13B
 94d1c1cbf347 Extracting 1B
 bed4ecf88e6a Pull complete 0B
 94d1c1cbf347 Extracting 1B
 94d1c1cbf347 Extracting 1B
 94d1c1cbf347 Extracting 1B
 94d1c1cbf347 Extracting 1B
 94d1c1cbf347 Pull complete 0B
 ac097723595b Extracting 1B
 ac097723595b Extracting 1B
 ac097723595b Extracting 1B
 ac097723595b Extracting 1B
 ac097723595b Extracting 1B
 ac097723595b Extracting 1B
 ac097723595b Extracting 1B
 ac097723595b Extracting 1B
 ac097723595b Extracting 1B
 ac097723595b Extracting 1B
 ac097723595b Extracting 2B
 ac097723595b Extracting 2B
 ac097723595b Extracting 2B
 ac097723595b Extracting 2B
 ac097723595b Extracting 2B
 ac097723595b Extracting 2B
 ac097723595b Extracting 2B
 ac097723595b Extracting 2B
 ac097723595b Extracting 2B
 ac097723595b Extracting 2B
 ac097723595b Extracting 3B
 e7028784d190 Pull complete 0B
 16fffdb8dec4 Extracting 1B
 ac097723595b Pull complete 0B
 16fffdb8dec4 Extracting 1B
 16fffdb8dec4 Extracting 1B
 16fffdb8dec4 Pull complete 0B
 20a91e71c5f1 Extracting 1B
 20a91e71c5f1 Extracting 1B
 20a91e71c5f1 Extracting 1B
 20a91e71c5f1 Extracting 1B
 20a91e71c5f1 Extracting 1B
 20a91e71c5f1 Pull complete 0B
 Image vulhub/flask:1.1.1 Pulled 
 Network ssti_default Creating 
 Network ssti_default Created 
 Container ssti-web-1 Creating 
 Container ssti-web-1 Created 
 Container ssti-web-1 Starting 
 Container ssti-web-1 Started 
